0074:trace:file:RtlDosPathNameToNtPathName_U_WithStatus (L"C:\\windows\\system32\\tzres.dll",00007FFFFE2FEFA0,0000000000000000,0000000000000000)
006c:trace:file:nt_to_unix_file_name_no_root L"\\??\\C:\\windows\\system32\\tzres.dll" -> "/home/k/.wine/dosdevices/c:/windows/system32/tzres.dll"
0074:trace:file:RtlGetFullPathName_U (L"C:\\windows\\system32\\tzres.dll" 520 00007FFFFE2FECE0 0000000000000000)
006c:trace:file:CreateFileW returning 0000000000000028
0074:trace:file:nt_to_unix_file_name_no_root L"\\??\\C:\\windows\\system32\\tzres.dll" -> "/home/k/.wine/dosdevices/c:/windows/system32/tzres.dll"
0074:trace:file:RtlGetFullPathName_U (L"C:\\windows\\system32\\tzres.dll" 0 0000000000000000 0000000000000000)
0074:trace:file:RtlGetFullPathName_U (L"C:\\windows\\system32\\tzres.dll" 60 00007FFFFE325750 0000000000000000)
0074:trace:file:RtlDosPathNameToNtPathName_U_WithStatus (L"C:\\windows\\system32\\tzres.dll",00007FFFFE2FEEB0,0000000000000000,0000000000000000)
0074:trace:file:RtlGetFullPathName_U (L"C:\\windows\\system32\\tzres.dll" 520 00007FFFFE2FEAB0 0000000000000000)
0074:trace:file:NtCreateFile handle=0x7ffffe2feaf8 access=80100000 name=L"\\??\\C:\\windows\\system32\\tzres.dll" objattr=00000040 root=(nil) sec=(nil) io=0x7ffffe2feb00 alloc_size=(nil) attr=00000000 sharing=00000005 disp=1 options=00000060 ea=(nil).0x00000000
0074:trace:file:nt_to_unix_file_name_no_root L"\\??\\C:\\windows\\system32\\tzres.dll" -> "/home/k/.wine/dosdevices/c:/windows/system32/tzres.dll"
0074:trace:file:NtFsControlFile (0x30,(nil),(nil),(nil),0x7ffffe2feb00,0x0009009c,(nil),0x00000000,0x7ffffe2feb40,0x00000040)
0074:trace:file:RtlDosPathNameToNtPathName_U_WithStatus (L"C:\\windows\\system32\\tzres.dll",00007FFFFE2FEB10,0000000000000000,0000000000000000)
0074:trace:file:RtlGetFullPathName_U (L"C:\\windows\\system32\\tzres.dll" 520 00007FFFFE2FE890 0000000000000000)
0074:trace:file:nt_to_unix_file_name_no_root L"\\??\\C:\\windows\\system32\\tzres.dll" -> "/home/k/.wine/dosdevices/c:/windows/system32/tzres.dll"
0074:trace:file:RtlGetFullPathName_U (L"C:\\windows\\system32\\tzres.dll" 520 00007FFFFE2FED10 0000000000000000)
0074:trace:file:CreateFileW L"C:\\windows\\system32\\tzres.dll" GENERIC_READ FILE_SHARE_READ FILE_SHARE_DELETE  creation 3 attributes 0x0
0074:trace:file:RtlDosPathNameToNtPathName_U_WithStatus (L"C:\\windows\\system32\\tzres.dll",00007FFFFE2FEC30,0000000000000000,0000000000000000)
0074:trace:file:RtlGetFullPathName_U (L"C:\\windows\\system32\\tzres.dll" 520 00007FFFFE2FE8F0 0000000000000000)
0074:trace:file:NtCreateFile handle=0x7ffffe2fec18 access=80100080 name=L"\\??\\C:\\windows\\system32\\tzres.dll" objattr=00000040 root=(nil) sec=(nil) io=0x7ffffe2fec40 alloc_size=(nil) attr=00000000 sharing=00000005 disp=1 options=00000060 ea=(nil).0x00000000
0074:trace:file:nt_to_unix_file_name_no_root L"\\??\\C:\\windows\\system32\\tzres.dll" -> "/home/k/.wine/dosdevices/c:/windows/system32/tzres.dll"
0074:trace:file:CreateFileW returning 0000000000000030
0074:trace:file:GetFileAttributesW L"C:\\windows\\system32\\tzres.dll"
0074:trace:file:RtlDosPathNameToNtPathName_U_WithStatus (L"C:\\windows\\system32\\tzres.dll",00007FFFFE2FEFA0,0000000000000000,0000000000000000)
0074:trace:file:RtlGetFullPathName_U (L"C:\\windows\\system32\\tzres.dll" 520 00007FFFFE2FECE0 0000000000000000)
0074:trace:file:nt_to_unix_file_name_no_root L"\\??\\C:\\windows\\system32\\tzres.dll" -> "/home/k/.wine/dosdevices/c:/windows/system32/tzres.dll"
0074:trace:file:RtlGetFullPathName_U (L"C:\\windows\\system32\\tzres.dll" 0 0000000000000000 0000000000000000)
0074:trace:file:RtlGetFullPathName_U (L"C:\\windows\\system32\\tzres.dll" 60 00007FFFFE324DF0 0000000000000000)
006c:trace:file:RtlDosPathNameToNtPathName_U_WithStatus (L"C:\\windows\\system32\\rpcrt4.dll",00007FFFFE2FF2C0,0000000000000000,0000000000000000)
006c:trace:file:RtlGetFullPathName_U (L"C:\\windows\\system32\\rpcrt4.dll" 520 00007FFFFE2FEE00 0000000000000000)
0074:trace:file:RtlDosPathNameToNtPathName_U_WithStatus (L"C:\\windows\\system32\\tzres.dll",00007FFFFE2FEEB0,0000000000000000,0000000000000000)
0074:trace:file:RtlGetFullPathName_U (L"C:\\windows\\system32\\tzres.dll" 520 00007FFFFE2FEAB0 0000000000000000)
006c:trace:file:NtCreateFile handle=0x7ffffe2fee48 access=80100000 name=L"\\??\\C:\\windows\\system32\\rpcrt4.dll" objattr=00000040 root=(nil) sec=(nil) io=0x7ffffe2fee50 alloc_size=(nil) attr=00000000 sharing=00000005 disp=1 options=00000060 ea=(nil).0x00000000
0074:trace:file:NtCreateFile handle=0x7ffffe2feaf8 access=80100000 name=L"\\??\\C:\\windows\\system32\\tzres.dll" objattr=00000040 root=(nil) sec=(nil) io=0x7ffffe2feb00 alloc_size=(nil) attr=00000000 sharing=00000005 disp=1 options=00000060 ea=(nil).0x00000000
006c:trace:file:nt_to_unix_file_name_no_root L"\\??\\C:\\windows\\system32\\rpcrt4.dll" -> "/home/k/.wine/dosdevices/c:/windows/system32/rpcrt4.dll"
0074:trace:file:nt_to_unix_file_name_no_root L"\\??\\C:\\windows\\system32\\tzres.dll" -> "/home/k/.wine/dosdevices/c:/windows/system32/tzres.dll"
006c:trace:file:NtFsControlFile (0x24,(nil),(nil),(nil),0x7ffffe2fee50,0x0009009c,(nil),0x00000000,0x7ffffe2fee90,0x00000040)
0074:trace:file:NtFsControlFile (0x30,(nil),(nil),(nil),0x7ffffe2feb00,0x0009009c,(nil),0x00000000,0x7ffffe2feb40,0x00000040)
0074:trace:file:RtlDosPathNameToNtPathName_U_WithStatus (L"C:\\windows\\system32\\tzres.dll",00007FFFFE2FEB10,0000000000000000,0000000000000000)
0074:trace:file:RtlGetFullPathName_U (L"C:\\windows\\system32\\tzres.dll" 520 00007FFFFE2FE890 0000000000000000)
0074:trace:file:nt_to_unix_file_name_no_root L"\\??\\C:\\windows\\system32\\tzres.dll" -> "/home/k/.wine/dosdevices/c:/windows/system32/tzres.dll"
0074:trace:file:RtlGetFullPathName_U (L"C:\\windows\\system32\\tzres.dll" 520 00007FFFFE2FED10 0000000000000000)
0074:trace:file:CreateFileW L"C:\\windows\\system32\\tzres.dll" GENERIC_READ FILE_SHARE_READ FILE_SHARE_DELETE  creation 3 attributes 0x0
0074:trace:file:RtlDosPathNameToNtPathName_U_WithStatus (L"C:\\windows\\system32\\tzres.dll",00007FFFFE2FEC30,0000000000000000,0000000000000000)
0074:trace:file:RtlGetFullPathName_U (L"C:\\windows\\system32\\tzres.dll" 520 00007FFFFE2FE8F0 0000000000000000)
0074:trace:file:NtCreateFile handle=0x7ffffe2fec18 access=80100080 name=L"\\??\\C:\\windows\\system32\\tzres.dll" objattr=00000040 root=(nil) sec=(nil) io=0x7ffffe2fec40 alloc_size=(nil) attr=00000000 sharing=00000005 disp=1 options=00000060 ea=(nil).0x00000000
0074:trace:file:nt_to_unix_file_name_no_root L"\\??\\C:\\windows\\system32\\tzres.dll" -> "/home/k/.wine/dosdevices/c:/windows/system32/tzres.dll"
0074:trace:file:CreateFileW returning 0000000000000030
006c:trace:file:CreateFileW L"\\\\.\\pipe\\svcctl" GENERIC_READ GENERIC_WRITE  creation 3 attributes 0x40000000
006c:trace:file:RtlDosPathNameToNtPathName_U_WithStatus (L"\\\\.\\pipe\\svcctl",00007FFFFE2FF170,0000000000000000,0000000000000000)
006c:trace:file:RtlGetFullPathName_U (L"\\\\.\\pipe\\svcctl" 520 00007FFFFE2FEE30 0000000000000000)
006c:trace:file:NtCreateFile handle=0x7ffffe2ff158 access=c0100080 name=L"\\??\\pipe\\svcctl" objattr=00000040 root=(nil) sec=(nil) io=0x7ffffe2ff180 alloc_size=(nil) attr=00000000 sharing=00000000 disp=1 options=00000040 ea=(nil).0x00000000
006c:trace:file:CreateFileW returning 0000000000000024
006c:trace:file:NtSetInformationFile (0x24,0x7ffffe2ff1d0,0x7ffffe2ff1c8,0x00000008,0x00000017)
0040:trace:file:RtlDosPathNameToNtPathName_U_WithStatus (L"\\\\.\\pipe\\svcctl",00007FFFFEBEFA10,0000000000000000,0000000000000000)
0040:trace:file:RtlGetFullPathName_U (L"\\\\.\\pipe\\svcctl" 520 00007FFFFEBEF700 0000000000000000)
006c:trace:file:NtWriteFile (0x24,0x28,(nil),(nil),0x7ffffe2ff170,0x7ffffe8d41b0,0x00000048,(nil),(nil))
0040:trace:file:NtCreateNamedPipeFile (0x7ffffebefa00 c0100000 L"\\??\\pipe\\svcctl" 0x7ffffebefa20 3 3 0 1 1 0 -1 5840 5840 0x7ffffebefa08)
006c:trace:file:NtReadFile (0x24,0x28,(nil),(nil),0x7ffffe8d4188,0x7ffffe2ff1c0,0x00000010,(nil),(nil))
0040:trace:file:NtFsControlFile (0xf8,0xb4,(nil),(nil),0x7ffffe8d9018,0x00110008,(nil),0x00000000,(nil),0x00000000)
0078:trace:file:NtReadFile (0xcc,0xfc,(nil),(nil),0x7ffffe8de2d8,0x7fffff4efd80,0x00000010,(nil),(nil))
0078:trace:file:NtReadFile (0xcc,0xfc,(nil),(nil),0x7ffffe8de2d8,0x7ffffe8deef0,0x0000000c,(nil),(nil))
0078:trace:file:NtReadFile (0xcc,0xfc,(nil),(nil),0x7ffffe8de2d8,0x7ffffe8db160,0x0000002c,(nil),(nil))
0078:trace:file:NtWriteFile (0xcc,0xfc,(nil),(nil),0x7fffff4efcc0,0x7ffffe8df630,0x00000044,(nil),(nil))
0078:trace:file:NtReadFile (0xcc,0xfc,(nil),(nil),0x7ffffe8de2d8,0x7fffff4efd80,0x00000010,(nil),(nil))
006c:trace:file:NtReadFile (0x24,0x28,(nil),(nil),0x7ffffe8d4188,0x7ffffe8d3bd0,0x00000008,(nil),(nil))
006c:trace:file:NtReadFile (0x24,0x28,(nil),(nil),0x7ffffe8d4188,0x7ffffe8d3920,0x0000002c,(nil),(nil))
006c:trace:file:NtWriteFile (0x24,0x28,(nil),(nil),0x7ffffe2ff2f0,0x7ffffe8d3bf0,0x00000024,(nil),(nil))
006c:trace:file:NtReadFile (0x24,0x28,(nil),(nil),0x7ffffe8d4188,0x7ffffe2ff390,0x00000010,(nil),(nil))
0078:trace:file:NtReadFile (0xcc,0xfc,(nil),(nil),0x7ffffe8de2d8,0x7ffffe8deef0,0x00000008,(nil),(nil))
0078:trace:file:NtReadFile (0xcc,0xfc,(nil),(nil),0x7ffffe8de2d8,0x7ffffe8def10,0x0000000c,(nil),(nil))
0078:trace:file:NtReadFile (0xcc,0xfc,(nil),(nil),0x7ffffe8de2d8,0x7fffff4efd80,0x00000010,(nil),(nil))
0050:trace:file:NtWriteFile (0xcc,0x104,(nil),(nil),0x7fffff1ef970,0x7ffffe8df4b0,0x00000030,(nil),(nil))
006c:trace:file:NtReadFile (0x24,0x28,(nil),(nil),0x7ffffe8d4188,0x7ffffe8d3bd0,0x00000008,(nil),(nil))
006c:trace:file:NtReadFile (0x24,0x28,(nil),(nil),0x7ffffe8d4188,0x7ffffe8d3bf0,0x00000018,(nil),(nil))
006c:trace:file:CreateFileW L"\\\\.\\pipe\\net\\NtControlPipe1" GENERIC_READ GENERIC_WRITE  creation 4 attributes 0x0
006c:trace:file:RtlDosPathNameToNtPathName_U_WithStatus (L"\\\\.\\pipe\\net\\NtControlPipe1",00007FFFFE2FFA90,0000000000000000,0000000000000000)
006c:trace:file:RtlGetFullPathName_U (L"\\\\.\\pipe\\net\\NtControlPipe1" 520 00007FFFFE2FF750 0000000000000000)
006c:trace:file:NtCreateFile handle=0x7ffffe2ffa78 access=c0100080 name=L"\\??\\pipe\\net\\NtControlPipe1" objattr=00000040 root=(nil) sec=(nil) io=0x7ffffe2ffaa0 alloc_size=(nil) attr=00000000 sharing=00000000 disp=3 options=00000060 ea=(nil).0x00000000
006c:trace:file:CreateFileW returning 000000000000002C
003c:trace:file:GetOverlappedResultEx (00000000000000F4 00007FFFFE2FF6F0 00007FFFFE2FF6D4 0 0)
003c:trace:file:WriteFile 00000000000000F4 00007FFFFE8DF6A0 92 00007FFFFE2FF60C 00007FFFFE2FF610
003c:trace:file:NtWriteFile (0xf4,0xf0,(nil),0x7ffffe2ff610,0x7ffffe2ff610,0x7ffffe8df6a0,0x0000005c,0x7ffffe2ff578,(nil))
003c:trace:file:ReadFile 00000000000000F4 00007FFFFE2FF6E0 4 00007FFFFE2FF60C 00007FFFFE2FF610
003c:trace:file:NtReadFile (0xf4,0xf0,(nil),0x7ffffe2ff610,0x7ffffe2ff610,0x7ffffe2ff6e0,0x00000004,0x7ffffe2ff578,(nil))
007c:trace:file:ReadFile 000000000000002C 00007FFFFEC0FF10 16 00007FFFFEC0FF08 0000000000000000
007c:trace:file:NtReadFile (0x2c,(nil),(nil),(nil),0x7ffffec0fe70,0x7ffffec0ff10,0x00000010,(nil),(nil))
007c:trace:file:ReadFile 000000000000002C 00007FFFFE8D3960 76 00007FFFFEC0FF08 0000000000000000
007c:trace:file:NtReadFile (0x2c,(nil),(nil),(nil),0x7ffffec0fe70,0x7ffffe8d3960,0x0000004c,(nil),(nil))
007c:trace:file:NtWriteFile (0x24,0x28,(nil),(nil),0x7ffffec0f690,0x7ffffe8d4890,0x00000054,(nil),(nil))
007c:trace:file:NtReadFile (0x24,0x28,(nil),(nil),0x7ffffe8d4188,0x7ffffec0f730,0x00000010,(nil),(nil))
0078:trace:file:NtReadFile (0xcc,0xfc,(nil),(nil),0x7ffffe8de2d8,0x7ffffe8deef0,0x00000008,(nil),(nil))
0078:trace:file:NtReadFile (0xcc,0xfc,(nil),(nil),0x7ffffe8de2d8,0x7fffff5f0060,0x0000003c,(nil),(nil))
0078:trace:file:NtReadFile (0xcc,0xfc,(nil),(nil),0x7ffffe8de2d8,0x7fffff4efd80,0x00000010,(nil),(nil))
0050:trace:file:NtWriteFile (0xcc,0x104,(nil),(nil),0x7fffff1ef970,0x7ffffe8df780,0x00000030,(nil),(nil))
007c:trace:file:NtReadFile (0x24,0x28,(nil),(nil),0x7ffffe8d4188,0x7ffffe8d4270,0x00000008,(nil),(nil))
007c:trace:file:NtReadFile (0x24,0x28,(nil),(nil),0x7ffffe8d4188,0x7ffffe8d4290,0x00000018,(nil),(nil))
007c:trace:file:NtWriteFile (0x24,0x28,(nil),(nil),0x7ffffec0f690,0x7ffffe8d4970,0x00000054,(nil),(nil))
007c:trace:file:NtReadFile (0x24,0x28,(nil),(nil),0x7ffffe8d4188,0x7ffffec0f730,0x00000010,(nil),(nil))
0078:trace:file:NtReadFile (0xcc,0xfc,(nil),(nil),0x7ffffe8de2d8,0x7ffffe8deef0,0x00000008,(nil),(nil))
0078:trace:file:NtReadFile (0xcc,0xfc,(nil),(nil),0x7ffffe8de2d8,0x7fffff5f0060,0x0000003c,(nil),(nil))
0078:trace:file:NtReadFile (0xcc,0xfc,(nil),(nil),0x7ffffe8de2d8,0x7fffff4efd80,0x00000010,(nil),(nil))
0050:trace:file:NtWriteFile (0xcc,0x104,(nil),(nil),0x7fffff1ef970,0x7ffffe8df830,0x00000030,(nil),(nil))
007c:trace:file:NtReadFile (0x24,0x28,(nil),(nil),0x7ffffe8d4188,0x7ffffe8d42d0,0x00000008,(nil),(nil))
007c:trace:file:NtReadFile (0x24,0x28,(nil),(nil),0x7ffffe8d4188,0x7ffffe8d4320,0x00000018,(nil),(nil))
007c:trace:file:WriteFile 000000000000002C 00007FFFFEC0FF0C 4 00007FFFFEC0FF08 0000000000000000
007c:trace:file:NtWriteFile (0x2c,(nil),(nil),(nil),0x7ffffec0fe70,0x7ffffec0ff0c,0x00000004,(nil),(nil))
007c:trace:file:ReadFile 000000000000002C 00007FFFFEC0FF10 16 00007FFFFEC0FF08 0000000000000000
007c:trace:file:NtReadFile (0x2c,(nil),(nil),(nil),0x7ffffec0fe70,0x7ffffec0ff10,0x00000010,(nil),(nil))
003c:trace:file:GetOverlappedResultEx (00000000000000F4 00007FFFFE2FF610 00007FFFFE2FF60C 0 0)
0080:trace:file:NtWriteFile (0x24,0x28,(nil),(nil),0x7ffffef0f410,0x7ffffe8d4ae0,0x00000024,(nil),(nil))
0080:trace:file:NtReadFile (0x24,0x28,(nil),(nil),0x7ffffe8d4188,0x7ffffef0f4b0,0x00000010,(nil),(nil))
0078:trace:file:NtReadFile (0xcc,0xfc,(nil),(nil),0x7ffffe8de2d8,0x7ffffe8deef0,0x00000008,(nil),(nil))
0078:trace:file:NtReadFile (0xcc,0xfc,(nil),(nil),0x7ffffe8de2d8,0x7ffffe8def10,0x0000000c,(nil),(nil))
0078:trace:file:NtReadFile (0xcc,0xfc,(nil),(nil),0x7ffffe8de2d8,0x7fffff4efd80,0x00000010,(nil),(nil))
0050:trace:file:NtWriteFile (0xcc,0x104,(nil),(nil),0x7fffff1ef970,0x7ffffe8df4b0,0x00000030,(nil),(nil))
0080:trace:file:NtReadFile (0x24,0x28,(nil),(nil),0x7ffffe8d4188,0x7ffffe8d4ac0,0x00000008,(nil),(nil))
0080:trace:file:NtReadFile (0x24,0x28,(nil),(nil),0x7ffffe8d4188,0x7ffffe8d4ae0,0x00000018,(nil),(nil))
0074:trace:file:nt_to_unix_file_name_no_root L"\\??\\C:\\windows\\fonts\\vgasys.fon" -> "/home/k/.wine/dosdevices/c:/windows/Fonts/vgasys.fon"
0074:trace:file:find_drive_rootA "/usr/lib/wine/../../share/wine" -> drive Z:, root="/", name="/usr/lib/wine/../../share/wine"
0080:trace:file:RtlDosPathNameToNtPathName_U_WithStatus (L"C:\\windows\\system32\\drivers",00007FFFFEF0FB40,0000000000000000,0000000000000000)
0080:trace:file:RtlGetFullPathName_U (L"C:\\windows\\system32\\drivers" 520 00007FFFFEF0F8B0 0000000000000000)
0074:trace:file:nt_to_unix_file_name_no_root L"\\??\\Z:\\usr\\share\\wine\\fonts\\vgasys.fon" -> "/home/k/.wine/dosdevices/z:/usr/share/wine/fonts/vgasys.fon"
0080:trace:file:nt_to_unix_file_name_no_root L"\\??\\C:\\windows\\system32\\drivers" -> "/home/k/.wine/dosdevices/c:/windows/system32/drivers"
0080:trace:file:NtWriteFile (0x24,0x28,(nil),(nil),0x7ffffef0f420,0x7ffffe8d5060,0x00000048,(nil),(nil))
0074:trace:file:nt_to_unix_file_name_no_root L"\\??\\C:\\windows\\fonts\\vgaoem.fon" -> "/home/k/.wine/dosdevices/c:/windows/Fonts/vgaoem.fon"
0074:trace:file:find_drive_rootA "/usr/lib/wine/../../share/wine" -> drive Z:, root="/", name="/usr/lib/wine/../../share/wine"
0080:trace:file:NtReadFile (0x24,0x28,(nil),(nil),0x7ffffe8d4188,0x7ffffef0f4c0,0x00000010,(nil),(nil))
0078:trace:file:NtReadFile (0xcc,0xfc,(nil),(nil),0x7ffffe8de2d8,0x7ffffe8deef0,0x00000008,(nil),(nil))
0074:trace:file:nt_to_unix_file_name_no_root L"\\??\\Z:\\usr\\share\\wine\\fonts\\vgaoem.fon" -> "/home/k/.wine/dosdevices/z:/usr/share/wine/fonts/vgaoem.fon"
0078:trace:file:NtReadFile (0xcc,0xfc,(nil),(nil),0x7ffffe8de2d8,0x7ffffe8df4b0,0x00000030,(nil),(nil))
0074:trace:file:nt_to_unix_file_name_no_root L"\\??\\C:\\windows\\fonts\\vgafix.fon" -> "/home/k/.wine/dosdevices/c:/windows/Fonts/vgafix.fon"
0078:trace:file:NtReadFile (0xcc,0xfc,(nil),(nil),0x7ffffe8de2d8,0x7fffff4efd80,0x00000010,(nil),(nil))
0050:trace:file:NtWriteFile (0xcc,0x104,(nil),(nil),0x7fffff1ef970,0x7ffffe8dd410,0x0000001c,(nil),(nil))
0074:trace:file:find_drive_rootA "/usr/lib/wine/../../share/wine" -> drive Z:, root="/", name="/usr/lib/wine/../../share/wine"
003c:trace:file:NtFsControlFile (0xf4,0xf0,(nil),0x7ffffe2ffaf0,0x7ffffe2ffaf0,0x00110008,(nil),0x00000000,(nil),0x00000000)
0074:trace:file:nt_to_unix_file_name_no_root L"\\??\\Z:\\usr\\share\\wine\\fonts\\vgafix.fon" -> "/home/k/.wine/dosdevices/z:/usr/share/wine/fonts/vgafix.fon"
0080:trace:file:NtReadFile (0x24,0x28,(nil),(nil),0x7ffffe8d4188,0x7ffffe8d4b20,0x00000008,(nil),(nil))
003c:trace:file:WriteFile 00000000000000F4 00007FFFFE8DDBD0 34 00007FFFFE2FFA0C 00007FFFFE2FFA10
003c:trace:file:NtWriteFile (0xf4,0xf0,(nil),0x7ffffe2ffa10,0x7ffffe2ffa10,0x7ffffe8ddbd0,0x00000022,0x7ffffe2ff978,(nil))
0074:trace:file:NtCreateFile handle=0x7ffffe0fcb98 access=80100000 name=L"\\??\\C:\\windows\\fonts" objattr=00000040 root=(nil) sec=(nil) io=0x7ffffe0fcba0 alloc_size=(nil) attr=00000000 sharing=00000003 disp=1 options=00004021 ea=(nil).0x00000000
0080:trace:file:NtReadFile (0x24,0x28,(nil),(nil),0x7ffffe8d4188,0x7ffffe8d4b40,0x00000004,(nil),(nil))
003c:trace:file:ReadFile 00000000000000F4 00007FFFFE2FFAE0 4 00007FFFFE2FFA0C 00007FFFFE2FFA10
003c:trace:file:NtReadFile (0xf4,0xf0,(nil),0x7ffffe2ffa10,0x7ffffe2ffa10,0x7ffffe2ffae0,0x00000004,0x7ffffe2ff978,(nil))
0074:trace:file:nt_to_unix_file_name_no_root L"\\??\\C:\\windows\\fonts" -> "/home/k/.wine/dosdevices/c:/windows/Fonts"
007c:trace:file:ReadFile 000000000000002C 00007FFFFE8D4350 18 00007FFFFEC0FF08 0000000000000000
007c:trace:file:NtReadFile (0x2c,(nil),(nil),(nil),0x7ffffec0fe70,0x7ffffe8d4350,0x00000012,(nil),(nil))
0080:trace:file:NtQueryObject (0xfffffffffffffffe,0x00000002,0x7ffffef0f940,0x00000100,0x7ffffef0f93c)
0074:trace:file:NtQueryDirectoryFile (0x34 (nil) (nil) (nil) 0x7ffffe0fcba0 0x7ffffe0fcbf0 0x00002000 0x00000003 0x00000000 <null> 0x00000000
007c:trace:file:NtWriteFile (0x24,0x28,(nil),(nil),0x7ffffec0f530,0x7ffffe8d4410,0x00000024,(nil),(nil))
0080:trace:file:NtQueryObject (0x48,0x00000002,0x7ffffef0f730,0x00000100,0x7ffffef0f72c)
007c:trace:file:NtReadFile (0x24,0x28,(nil),(nil),0x7ffffe8d4188,0x7ffffec0f5d0,0x00000010,(nil),(nil))
0074:trace:file:append_entry long L"." short L"" mask <null>
0074:trace:file:append_entry long L".." short L"" mask <null>
0078:trace:file:NtReadFile (0xcc,0xfc,(nil),(nil),0x7ffffe8de2d8,0x7ffffe8deef0,0x00000008,(nil),(nil))
0074:trace:file:init_cached_dir_data mask <null> found 2 files
0074:trace:file:init_cached_dir_data L"." L""
0074:trace:file:init_cached_dir_data L".." L""
0078:trace:file:NtReadFile (0xcc,0xfc,(nil),(nil),0x7ffffe8de2d8,0x7ffffe8def10,0x0000000c,(nil),(nil))
0074:trace:file:NtQueryDirectoryFile => 0 (194)
0074:trace:file:NtQueryDirectoryFile (0x34 (nil) (nil) (nil) 0x7ffffe0fcba0 0x7ffffe0fcbf0 0x00002000 0x00000003 0x00000000 <null> 0x00000000
0078:trace:file:NtReadFile (0xcc,0xfc,(nil),(nil),0x7ffffe8de2d8,0x7fffff4efd80,0x00000010,(nil),(nil))
0074:trace:file:NtQueryDirectoryFile => 80000006 (0)
0050:trace:file:NtWriteFile (0xcc,0x104,(nil),(nil),0x7fffff1ef970,0x7ffffe8df4b0,0x00000030,(nil),(nil))
0074:trace:file:find_drive_rootA "/usr/lib/wine/../../share/wine" -> drive Z:, root="/", name="/usr/lib/wine/../../share/wine"
0074:trace:file:NtCreateFile handle=0x7ffffe0fcb98 access=80100000 name=L"\\??\\Z:\\usr\\share\\wine\\fonts" objattr=00000040 root=(nil) sec=(nil) io=0x7ffffe0fcba0 alloc_size=(nil) attr=00000000 sharing=00000003 disp=1 options=00004021 ea=(nil).0x00000000
007c:trace:file:NtReadFile (0x24,0x28,(nil),(nil),0x7ffffe8d4188,0x7ffffe8d43f0,0x00000008,(nil),(nil))
0074:trace:file:nt_to_unix_file_name_no_root L"\\??\\Z:\\usr\\share\\wine\\fonts" -> "/home/k/.wine/dosdevices/z:/usr/share/wine/fonts"
007c:trace:file:NtReadFile (0x24,0x28,(nil),(nil),0x7ffffe8d4188,0x7ffffe8d4410,0x00000018,(nil),(nil))
0074:trace:file:NtQueryDirectoryFile (0x34 (nil) (nil) (nil) 0x7ffffe0fcba0 0x7ffffe0fcbf0 0x00002000 0x00000003 0x00000000 <null> 0x00000000
007c:trace:file:NtWriteFile (0x24,0x28,(nil),(nil),0x7ffffec0f540,0x7ffffe8d5390,0x0000004c,(nil),(nil))
0074:trace:file:append_entry long L"." short L"" mask <null>
0074:trace:file:append_entry long L".." short L"" mask <null>
007c:trace:file:NtReadFile (0x24,0x28,(nil),(nil),0x7ffffe8d4188,0x7ffffec0f5e0,0x00000010,(nil),(nil))
0078:trace:file:NtReadFile (0xcc,0xfc,(nil),(nil),0x7ffffe8de2d8,0x7ffffe8deef0,0x00000008,(nil),(nil))
0074:trace:file:append_entry long L"vgasys.fon" short L"" mask <null>
0074:trace:file:append_entry long L"fixedsys_jp.ttf" short L"FIXE~W5D.TTF" mask <null>
0074:trace:file:append_entry long L"vgas1255.fon" short L"" mask <null>
0078:trace:file:NtReadFile (0xcc,0xfc,(nil),(nil),0x7ffffe8de2d8,0x7ffffe8df4b0,0x00000034,(nil),(nil))
0074:trace:file:append_entry long L"sserifee.fon" short L"" mask <null>
0074:trace:file:append_entry long L"smalleg.fon" short L"" mask <null>
0074:trace:file:append_entry long L"ssee1257.fon" short L"" mask <null>
0078:trace:file:NtReadFile (0xcc,0xfc,(nil),(nil),0x7ffffe8de2d8,0x7fffff4efd80,0x00000010,(nil),(nil))
0050:trace:file:NtWriteFile (0xcc,0x104,(nil),(nil),0x7fffff1ef970,0x7ffffe8df950,0x00000030,(nil),(nil))
0074:trace:file:append_entry long L"coureg.fon" short L"" mask <null>
0074:trace:file:append_entry long L"sserifft.fon" short L"" mask <null>
007c:trace:file:NtReadFile (0x24,0x28,(nil),(nil),0x7ffffe8d4188,0x7ffffe8d4450,0x00000008,(nil),(nil))
0074:trace:file:append_entry long L"system.ttf" short L"" mask <null>
0074:trace:file:append_entry long L"sserifet.fon" short L"" mask <null>
007c:trace:file:NtReadFile (0x24,0x28,(nil),(nil),0x7ffffe8d4188,0x7ffffe8d4470,0x00000018,(nil),(nil))
0074:trace:file:append_entry long L"vgasyse.fon" short L"" mask <null>
007c:trace:file:NtWriteFile (0x24,0x28,(nil),(nil),0x7ffffec0f580,0x7ffffe8d51c0,0x0000002c,(nil),(nil))
0074:trace:file:append_entry long L"cvgasys.fon" short L"" mask <null>
0074:trace:file:append_entry long L"courer.fon" short L"" mask <null>
007c:trace:file:NtReadFile (0x24,0x28,(nil),(nil),0x7ffffe8d4188,0x7ffffec0f620,0x00000010,(nil),(nil))
0074:trace:file:append_entry long L"smae1257.fon" short L"" mask <null>
0074:trace:file:append_entry long L"ssef1255.fon" short L"" mask <null>
0078:trace:file:NtReadFile (0xcc,0xfc,(nil),(nil),0x7ffffe8de2d8,0x7ffffe8deef0,0x00000008,(nil),(nil))
0074:trace:file:append_entry long L"courier.ttf" short L"" mask <null>
0074:trace:file:append_entry long L"vgasysg.fon" short L"" mask <null>
0074:trace:file:append_entry long L"small_fonts.ttf" short L"SMAL~SRW.TTF" mask <null>
0078:trace:file:NtReadFile (0xcc,0xfc,(nil),(nil),0x7ffffe8de2d8,0x7ffffe8def10,0x00000014,(nil),(nil))
0074:trace:file:append_entry long L"sseriffg.fon" short L"" mask <null>
0074:trace:file:append_entry long L"sseriffe.fon" short L"" mask <null>
0074:trace:file:append_entry long L"vgasysr.fon" short L"" mask <null>
0078:trace:file:NtReadFile (0xcc,0xfc,(nil),(nil),0x7ffffe8de2d8,0x7fffff4efd80,0x00000010,(nil),(nil))
0050:trace:file:NtWriteFile (0xcc,0x104,(nil),(nil),0x7fffff1ef970,0x7fffff5f0a30,0x00000030,(nil),(nil))
0074:trace:file:append_entry long L"ssee1256.fon" short L"" mask <null>
0074:trace:file:append_entry long L"vgas1257.fon" short L"" mask <null>
0074:trace:file:append_entry long L"smallee.fon" short L"" mask <null>
007c:trace:file:NtReadFile (0x24,0x28,(nil),(nil),0x7ffffe8d4188,0x7ffffe8d4510,0x00000008,(nil),(nil))
0074:trace:file:append_entry long L"smallet.fon" short L"" mask <null>
0074:trace:file:append_entry long L"hvgasys.fon" short L"" mask <null>
007c:trace:file:NtReadFile (0x24,0x28,(nil),(nil),0x7ffffe8d4188,0x7ffffe8d4530,0x00000018,(nil),(nil))
0074:trace:file:append_entry long L"fixedsys.ttf" short L"" mask <null>
0074:trace:file:append_entry long L"ssef874.fon" short L"" mask <null>
007c:trace:file:NtWriteFile (0x24,0x28,(nil),(nil),0x7ffffec0f510,0x7ffffe8d5020,0x00000030,(nil),(nil))
0074:trace:file:append_entry long L"ms_sans_serif.ttf" short L"MS_S~L5S.TTF" mask <null>
0074:trace:file:append_entry long L"webdings.ttf" short L"" mask <null>
007c:trace:file:NtReadFile (0x24,0x28,(nil),(nil),0x7ffffe8d4188,0x7ffffec0f5b0,0x00000010,(nil),(nil))
0074:trace:file:append_entry long L"vgas874.fon" short L"" mask <null>
0074:trace:file:append_entry long L"sseriff.fon" short L"" mask <null>
0078:trace:file:NtReadFile (0xcc,0xfc,(nil),(nil),0x7ffffe8de2d8,0x7ffffe8deef0,0x00000008,(nil),(nil))
0074:trace:file:append_entry long L"jsmalle.fon" short L"" mask <null>
0074:trace:file:append_entry long L"tahoma.ttf" short L"" mask <null>
0074:trace:file:append_entry long L"sserifer.fon" short L"" mask <null>
0078:trace:file:NtReadFile (0xcc,0xfc,(nil),(nil),0x7ffffe8de2d8,0x7ffffe8def10,0x00000018,(nil),(nil))
0074:trace:file:append_entry long L"tahomabd.ttf" short L"" mask <null>
0074:trace:file:append_entry long L"couret.fon" short L"" mask <null>
0074:trace:file:append_entry long L"coue1257.fon" short L"" mask <null>
0078:trace:file:NtReadFile (0xcc,0xfc,(nil),(nil),0x7ffffe8de2d8,0x7fffff4efd80,0x00000010,(nil),(nil))
0050:trace:file:NtWriteFile (0xcc,0x104,(nil),(nil),0x7fffff1ef970,0x7ffffe8dfa60,0x00000114,(nil),(nil))
0074:trace:file:append_entry long L"vgasyst.fon" short L"" mask <null>
0074:trace:file:append_entry long L"coue1255.fon" short L"" mask <null>
0074:trace:file:append_entry long L"smaller.fon" short L"" mask <null>
007c:trace:file:NtReadFile (0x24,0x28,(nil),(nil),0x7ffffe8d4188,0x7ffffe8d43f0,0x00000008,(nil),(nil))
0074:trace:file:append_entry long L"sseriffr.fon" short L"" mask <null>
0074:trace:file:append_entry long L"symbol.ttf" short L"" mask <null>
007c:trace:file:NtReadFile (0x24,0x28,(nil),(nil),0x7ffffe8d4188,0x7ffffe8d5420,0x000000fc,(nil),(nil))
0074:trace:file:append_entry long L"small_fonts_jp.ttf" short L"SMAL~VZ0.TTF" mask <null>
0074:trace:file:append_entry long L"smae1255.fon" short L"" mask <null>
0074:trace:file:append_entry long L"jvgasys.fon" short L"" mask <null>
007c:trace:file:NtWriteFile (0x24,0x28,(nil),(nil),0x7ffffec0f510,0x7ffffe8d51c0,0x00000030,(nil),(nil))
0074:trace:file:append_entry long L"marlett.ttf" short L"" mask <null>
007c:trace:file:NtReadFile (0x24,0x28,(nil),(nil),0x7ffffe8d4188,0x7ffffec0f5b0,0x00000010,(nil),(nil))
0074:trace:file:append_entry long L"sserifeg.fon" short L"" mask <null>
0074:trace:file:append_entry long L"smae1256.fon" short L"" mask <null>
0078:trace:file:NtReadFile (0xcc,0xfc,(nil),(nil),0x7ffffe8de2d8,0x7ffffe8deef0,0x00000008,(nil),(nil))
0074:trace:file:append_entry long L"ssef1256.fon" short L"" mask <null>
0074:trace:file:append_entry long L"coue1256.fon" short L"" mask <null>
0074:trace:file:append_entry long L"svgasys.fon" short L"" mask <null>
0078:trace:file:NtReadFile (0xcc,0xfc,(nil),(nil),0x7ffffe8de2d8,0x7ffffe8def10,0x00000018,(nil),(nil))
0074:trace:file:append_entry long L"vgafix.fon" short L"" mask <null>
0074:trace:file:append_entry long L"smalle.fon" short L"" mask <null>
0074:trace:file:append_entry long L"couree.fon" short L"" mask <null>
0078:trace:file:NtReadFile (0xcc,0xfc,(nil),(nil),0x7ffffe8de2d8,0x7fffff4efd80,0x00000010,(nil),(nil))
0050:trace:file:NtWriteFile (0xcc,0x104,(nil),(nil),0x7fffff1ef970,0x7ffffe8dfa60,0x00000114,(nil),(nil))
0074:trace:file:append_entry long L"jvgafix.fon" short L"" mask <null>
0074:trace:file:append_entry long L"ssef1257.fon" short L"" mask <null>
0074:trace:file:append_entry long L"sserife.fon" short L"" mask <null>
0074:trace:file:append_entry long L"ssee1255.fon" short L"" mask <null>
007c:trace:file:NtReadFile (0x24,0x28,(nil),(nil),0x7ffffe8d4188,0x7ffffe8d43f0,0x00000008,(nil),(nil))
0074:trace:file:append_entry long L"coure.fon" short L"" mask <null>
007c:trace:file:NtReadFile (0x24,0x28,(nil),(nil),0x7ffffe8d4188,0x7ffffe8d5420,0x000000fc,(nil),(nil))
0074:trace:file:append_entry long L"vgas1256.fon" short L"" mask <null>
0074:trace:file:append_entry long L"ssee874.fon" short L"" mask <null>
0074:trace:file:append_entry long L"wingding.ttf" short L"" mask <null>
007c:trace:file:NtWriteFile (0x24,0x28,(nil),(nil),0x7ffffec0f540,0x7ffffe8d5060,0x00000048,(nil),(nil))
0074:trace:file:init_cached_dir_data mask <null> found 65 files
0074:trace:file:init_cached_dir_data L"." L""
007c:trace:file:NtReadFile (0x24,0x28,(nil),(nil),0x7ffffe8d4188,0x7ffffec0f5e0,0x00000010,(nil),(nil))
0074:trace:file:init_cached_dir_data L".." L""
0074:trace:file:init_cached_dir_data L"coue1255.fon" L""
0078:trace:file:NtReadFile (0xcc,0xfc,(nil),(nil),0x7ffffe8de2d8,0x7ffffe8deef0,0x00000008,(nil),(nil))
0074:trace:file:init_cached_dir_data L"coue1256.fon" L""
0074:trace:file:init_cached_dir_data L"coue1257.fon" L""
0074:trace:file:init_cached_dir_data L"coure.fon" L""
0078:trace:file:NtReadFile (0xcc,0xfc,(nil),(nil),0x7ffffe8de2d8,0x7fffff5f1210,0x00000030,(nil),(nil))
0074:trace:file:init_cached_dir_data L"couree.fon" L""
0074:trace:file:init_cached_dir_data L"coureg.fon" L""
0074:trace:file:init_cached_dir_data L"courer.fon" L""
0078:trace:file:NtReadFile (0xcc,0xfc,(nil),(nil),0x7ffffe8de2d8,0x7fffff4efd80,0x00000010,(nil),(nil))
0050:trace:file:NtWriteFile (0xcc,0x104,(nil),(nil),0x7fffff1ef970,0x7ffffe8dd410,0x0000001c,(nil),(nil))
0074:trace:file:init_cached_dir_data L"couret.fon" L""
0074:trace:file:init_cached_dir_data L"courier.ttf" L""
0074:trace:file:init_cached_dir_data L"cvgasys.fon" L""
007c:trace:file:NtReadFile (0x24,0x28,(nil),(nil),0x7ffffe8d4188,0x7ffffe8d43c0,0x00000008,(nil),(nil))
0074:trace:file:init_cached_dir_data L"fixedsys.ttf" L""
0074:trace:file:init_cached_dir_data L"fixedsys_jp.ttf" L"FIXE~W5D.TTF"
007c:trace:file:NtReadFile (0x24,0x28,(nil),(nil),0x7ffffe8d4188,0x7ffffe8d43e0,0x00000004,(nil),(nil))
0074:trace:file:init_cached_dir_data L"hvgasys.fon" L""
0074:trace:file:init_cached_dir_data L"jsmalle.fon" L""
0074:trace:file:init_cached_dir_data L"jvgafix.fon" L""
0074:trace:file:init_cached_dir_data L"jvgasys.fon" L""
0074:trace:file:init_cached_dir_data L"marlett.ttf" L""
007c:trace:file:RtlDosPathNameToNtPathName_U_WithStatus (L"C:\\windows\\system32\\drivers\\wineusb.sys",00007FFFFEC0F720,0000000000000000,0000000000000000)
007c:trace:file:RtlGetFullPathName_U (L"C:\\windows\\system32\\drivers\\wineusb.sys" 520 00007FFFFEC0F2F0 0000000000000000)
0074:trace:file:init_cached_dir_data L"ms_sans_serif.ttf" L"MS_S~L5S.TTF"
0074:trace:file:init_cached_dir_data L"smae1255.fon" L""
007c:trace:file:NtCreateFile handle=0x7ffffec0f338 access=80100000 name=L"\\??\\C:\\windows\\system32\\drivers\\wineusb.sys" objattr=00000040 root=(nil) sec=(nil) io=0x7ffffec0f340 alloc_size=(nil) attr=00000000 sharing=00000005 disp=1 options=00000060 ea=(nil).0x00000000
0074:trace:file:init_cached_dir_data L"smae1256.fon" L""
0074:trace:file:init_cached_dir_data L"smae1257.fon" L""
007c:trace:file:nt_to_unix_file_name_no_root L"\\??\\C:\\windows\\system32\\drivers\\wineusb.sys" -> "/home/k/.wine/dosdevices/c:/windows/system32/drivers/wineusb.sys"
0074:trace:file:init_cached_dir_data L"smalle.fon" L""
0074:trace:file:init_cached_dir_data L"smallee.fon" L""
0074:trace:file:init_cached_dir_data L"smalleg.fon" L""
007c:trace:file:NtFsControlFile (0x4c,(nil),(nil),(nil),0x7ffffec0f340,0x0009009c,(nil),0x00000000,0x7ffffec0f380,0x00000040)
0074:trace:file:init_cached_dir_data L"smaller.fon" L""
0074:trace:file:init_cached_dir_data L"smallet.fon" L""
0074:trace:file:init_cached_dir_data L"small_fonts.ttf" L"SMAL~SRW.TTF"
0074:trace:file:init_cached_dir_data L"small_fonts_jp.ttf" L"SMAL~VZ0.TTF"
0074:trace:file:init_cached_dir_data L"ssee1255.fon" L""
0074:trace:file:init_cached_dir_data L"ssee1256.fon" L""
0074:trace:file:init_cached_dir_data L"ssee1257.fon" L""
0074:trace:file:init_cached_dir_data L"ssee874.fon" L""
0074:trace:file:init_cached_dir_data L"ssef1255.fon" L""
0074:trace:file:init_cached_dir_data L"ssef1256.fon" L""
0074:trace:file:init_cached_dir_data L"ssef1257.fon" L""
0074:trace:file:init_cached_dir_data L"ssef874.fon" L""
0074:trace:file:init_cached_dir_data L"sserife.fon" L""
0074:trace:file:init_cached_dir_data L"sserifee.fon" L""
0074:trace:file:init_cached_dir_data L"sserifeg.fon" L""
0074:trace:file:init_cached_dir_data L"sserifer.fon" L""
0074:trace:file:init_cached_dir_data L"sserifet.fon" L""
0074:trace:file:init_cached_dir_data L"sseriff.fon" L""
0074:trace:file:init_cached_dir_data L"sseriffe.fon" L""
0074:trace:file:init_cached_dir_data L"sseriffg.fon" L""
0074:trace:file:init_cached_dir_data L"sseriffr.fon" L""
0074:trace:file:init_cached_dir_data L"sserifft.fon" L""
0074:trace:file:init_cached_dir_data L"svgasys.fon" L""
0074:trace:file:init_cached_dir_data L"symbol.ttf" L""
0074:trace:file:init_cached_dir_data L"system.ttf" L""
0074:trace:file:init_cached_dir_data L"tahoma.ttf" L""
0074:trace:file:init_cached_dir_data L"tahomabd.ttf" L""
007c:trace:file:RtlDosPathNameToNtPathName_U_WithStatus (L"C:\\windows\\system32\\setupapi.dll",00007FFFFEC0F580,0000000000000000,0000000000000000)
007c:trace:file:RtlGetFullPathName_U (L"C:\\windows\\system32\\setupapi.dll" 520 00007FFFFEC0F0C0 0000000000000000)
0074:trace:file:init_cached_dir_data L"vgafix.fon" L""
0074:trace:file:init_cached_dir_data L"vgas1255.fon" L""
007c:trace:file:NtCreateFile handle=0x7ffffec0f108 access=80100000 name=L"\\??\\C:\\windows\\system32\\setupapi.dll" objattr=00000040 root=(nil) sec=(nil) io=0x7ffffec0f110 alloc_size=(nil) attr=00000000 sharing=00000005 disp=1 options=00000060 ea=(nil).0x00000000
0074:trace:file:init_cached_dir_data L"vgas1256.fon" L""
0074:trace:file:init_cached_dir_data L"vgas1257.fon" L""
007c:trace:file:nt_to_unix_file_name_no_root L"\\??\\C:\\windows\\system32\\setupapi.dll" -> "/home/k/.wine/dosdevices/c:/windows/system32/setupapi.dll"
0074:trace:file:init_cached_dir_data L"vgas874.fon" L""
0074:trace:file:init_cached_dir_data L"vgasys.fon" L""
007c:trace:file:NtFsControlFile (0x4c,(nil),(nil),(nil),0x7ffffec0f110,0x0009009c,(nil),0x00000000,0x7ffffec0f150,0x00000040)
0074:trace:file:init_cached_dir_data L"vgasyse.fon" L""
0074:trace:file:init_cached_dir_data L"vgasysg.fon" L""
0074:trace:file:init_cached_dir_data L"vgasysr.fon" L""
0074:trace:file:init_cached_dir_data L"vgasyst.fon" L""
0074:trace:file:init_cached_dir_data L"webdings.ttf" L""
0074:trace:file:init_cached_dir_data L"wingding.ttf" L""
0074:trace:file:NtQueryDirectoryFile => 0 (7790)
0074:trace:file:nt_to_unix_file_name_no_root L"\\??\\Z:\\usr\\share\\wine\\fonts\\coue1255.fon" -> "/home/k/.wine/dosdevices/z:/usr/share/wine/fonts/coue1255.fon"
0074:trace:file:nt_to_unix_file_name_no_root L"\\??\\Z:\\usr\\share\\wine\\fonts\\coue1256.fon" -> "/home/k/.wine/dosdevices/z:/usr/share/wine/fonts/coue1256.fon"
0074:trace:file:nt_to_unix_file_name_no_root L"\\??\\Z:\\usr\\share\\wine\\fonts\\coue1257.fon" -> "/home/k/.wine/dosdevices/z:/usr/share/wine/fonts/coue1257.fon"
0074:trace:file:nt_to_unix_file_name_no_root L"\\??\\Z:\\usr\\share\\wine\\fonts\\coure.fon" -> "/home/k/.wine/dosdevices/z:/usr/share/wine/fonts/coure.fon"
0074:trace:file:nt_to_unix_file_name_no_root L"\\??\\Z:\\usr\\share\\wine\\fonts\\couree.fon" -> "/home/k/.wine/dosdevices/z:/usr/share/wine/fonts/couree.fon"
0074:trace:file:nt_to_unix_file_name_no_root L"\\??\\Z:\\usr\\share\\wine\\fonts\\coureg.fon" -> "/home/k/.wine/dosdevices/z:/usr/share/wine/fonts/coureg.fon"
0074:trace:file:nt_to_unix_file_name_no_root L"\\??\\Z:\\usr\\share\\wine\\fonts\\courer.fon" -> "/home/k/.wine/dosdevices/z:/usr/share/wine/fonts/courer.fon"
0074:trace:file:nt_to_unix_file_name_no_root L"\\??\\Z:\\usr\\share\\wine\\fonts\\couret.fon" -> "/home/k/.wine/dosdevices/z:/usr/share/wine/fonts/couret.fon"
007c:trace:file:NtWriteFile (0x24,0x28,(nil),(nil),0x7ffffec0ea90,0x7ffffe8d4500,0x00000024,(nil),(nil))
0074:trace:file:nt_to_unix_file_name_no_root L"\\??\\Z:\\usr\\share\\wine\\fonts\\courier.ttf" -> "/home/k/.wine/dosdevices/z:/usr/share/wine/fonts/courier.ttf"
007c:trace:file:NtReadFile (0x24,0x28,(nil),(nil),0x7ffffe8d4188,0x7ffffec0eb30,0x00000010,(nil),(nil))
0078:trace:file:NtReadFile (0xcc,0xfc,(nil),(nil),0x7ffffe8de2d8,0x7ffffe8deef0,0x00000008,(nil),(nil))
0074:trace:file:nt_to_unix_file_name_no_root L"\\??\\Z:\\usr\\share\\wine\\fonts\\cvgasys.fon" -> "/home/k/.wine/dosdevices/z:/usr/share/wine/fonts/cvgasys.fon"
0078:trace:file:NtReadFile (0xcc,0xfc,(nil),(nil),0x7ffffe8de2d8,0x7ffffe8def10,0x0000000c,(nil),(nil))
0074:trace:file:nt_to_unix_file_name_no_root L"\\??\\Z:\\usr\\share\\wine\\fonts\\fixedsys.ttf" -> "/home/k/.wine/dosdevices/z:/usr/share/wine/fonts/fixedsys.ttf"
0078:trace:file:NtReadFile (0xcc,0xfc,(nil),(nil),0x7ffffe8de2d8,0x7fffff4efd80,0x00000010,(nil),(nil))
0074:trace:file:nt_to_unix_file_name_no_root L"\\??\\Z:\\usr\\share\\wine\\fonts\\fixedsys_jp.ttf" -> "/home/k/.wine/dosdevices/z:/usr/share/wine/fonts/fixedsys_jp.ttf"
0050:trace:file:NtWriteFile (0xcc,0x104,(nil),(nil),0x7fffff1ef970,0x7fffff5f0a30,0x00000030,(nil),(nil))
0074:trace:file:nt_to_unix_file_name_no_root L"\\??\\Z:\\usr\\share\\wine\\fonts\\hvgasys.fon" -> "/home/k/.wine/dosdevices/z:/usr/share/wine/fonts/hvgasys.fon"
007c:trace:file:NtReadFile (0x24,0x28,(nil),(nil),0x7ffffe8d4188,0x7ffffe8d44b0,0x00000008,(nil),(nil))
0074:trace:file:nt_to_unix_file_name_no_root L"\\??\\Z:\\usr\\share\\wine\\fonts\\jsmalle.fon" -> "/home/k/.wine/dosdevices/z:/usr/share/wine/fonts/jsmalle.fon"
007c:trace:file:NtReadFile (0x24,0x28,(nil),(nil),0x7ffffe8d4188,0x7ffffe8d4500,0x00000018,(nil),(nil))
0074:trace:file:nt_to_unix_file_name_no_root L"\\??\\Z:\\usr\\share\\wine\\fonts\\jvgafix.fon" -> "/home/k/.wine/dosdevices/z:/usr/share/wine/fonts/jvgafix.fon"
007c:trace:file:NtWriteFile (0x24,0x28,(nil),(nil),0x7ffffec0eaa0,0x7ffffe8d6220,0x0000004c,(nil),(nil))
0074:trace:file:nt_to_unix_file_name_no_root L"\\??\\Z:\\usr\\share\\wine\\fonts\\jvgasys.fon" -> "/home/k/.wine/dosdevices/z:/usr/share/wine/fonts/jvgasys.fon"
007c:trace:file:NtReadFile (0x24,0x28,(nil),(nil),0x7ffffe8d4188,0x7ffffec0eb40,0x00000010,(nil),(nil))
0074:trace:file:nt_to_unix_file_name_no_root L"\\??\\Z:\\usr\\share\\wine\\fonts\\marlett.ttf" -> "/home/k/.wine/dosdevices/z:/usr/share/wine/fonts/marlett.ttf"
0078:trace:file:NtReadFile (0xcc,0xfc,(nil),(nil),0x7ffffe8de2d8,0x7ffffe8deef0,0x00000008,(nil),(nil))
0074:trace:file:nt_to_unix_file_name_no_root L"\\??\\Z:\\usr\\share\\wine\\fonts\\ms_sans_serif.ttf" -> "/home/k/.wine/dosdevices/z:/usr/share/wine/fonts/ms_sans_serif.ttf"
0078:trace:file:NtReadFile (0xcc,0xfc,(nil),(nil),0x7ffffe8de2d8,0x7fffff5f1210,0x00000034,(nil),(nil))
0074:trace:file:nt_to_unix_file_name_no_root L"\\??\\Z:\\usr\\share\\wine\\fonts\\smae1255.fon" -> "/home/k/.wine/dosdevices/z:/usr/share/wine/fonts/smae1255.fon"
0078:trace:file:NtReadFile (0xcc,0xfc,(nil),(nil),0x7ffffe8de2d8,0x7fffff4efd80,0x00000010,(nil),(nil))
0074:trace:file:nt_to_unix_file_name_no_root L"\\??\\Z:\\usr\\share\\wine\\fonts\\smae1256.fon" -> "/home/k/.wine/dosdevices/z:/usr/share/wine/fonts/smae1256.fon"
0050:trace:file:NtWriteFile (0xcc,0x104,(nil),(nil),0x7fffff1ef970,0x7fffff5f0a70,0x00000030,(nil),(nil))
0074:trace:file:nt_to_unix_file_name_no_root L"\\??\\Z:\\usr\\share\\wine\\fonts\\smae1257.fon" -> "/home/k/.wine/dosdevices/z:/usr/share/wine/fonts/smae1257.fon"
007c:trace:file:NtReadFile (0x24,0x28,(nil),(nil),0x7ffffe8d4188,0x7ffffe8d4540,0x00000008,(nil),(nil))
0074:trace:file:nt_to_unix_file_name_no_root L"\\??\\Z:\\usr\\share\\wine\\fonts\\smalle.fon" -> "/home/k/.wine/dosdevices/z:/usr/share/wine/fonts/smalle.fon"
007c:trace:file:NtReadFile (0x24,0x28,(nil),(nil),0x7ffffe8d4188,0x7ffffe8d4560,0x00000018,(nil),(nil))
0074:trace:file:nt_to_unix_file_name_no_root L"\\??\\Z:\\usr\\share\\wine\\fonts\\smallee.fon" -> "/home/k/.wine/dosdevices/z:/usr/share/wine/fonts/smallee.fon"
007c:trace:file:NtWriteFile (0x24,0x28,(nil),(nil),0x7ffffec0eae0,0x7ffffe8d62a0,0x0000002c,(nil),(nil))
0074:trace:file:nt_to_unix_file_name_no_root L"\\??\\Z:\\usr\\share\\wine\\fonts\\smalleg.fon" -> "/home/k/.wine/dosdevices/z:/usr/share/wine/fonts/smalleg.fon"
007c:trace:file:NtReadFile (0x24,0x28,(nil),(nil),0x7ffffe8d4188,0x7ffffec0eb80,0x00000010,(nil),(nil))
0074:trace:file:nt_to_unix_file_name_no_root L"\\??\\Z:\\usr\\share\\wine\\fonts\\smaller.fon" -> "/home/k/.wine/dosdevices/z:/usr/share/wine/fonts/smaller.fon"
0078:trace:file:NtReadFile (0xcc,0xfc,(nil),(nil),0x7ffffe8de2d8,0x7ffffe8deef0,0x00000008,(nil),(nil))
0074:trace:file:nt_to_unix_file_name_no_root L"\\??\\Z:\\usr\\share\\wine\\fonts\\smallet.fon" -> "/home/k/.wine/dosdevices/z:/usr/share/wine/fonts/smallet.fon"
0078:trace:file:NtReadFile (0xcc,0xfc,(nil),(nil),0x7ffffe8de2d8,0x7ffffe8def10,0x00000014,(nil),(nil))
0074:trace:file:nt_to_unix_file_name_no_root L"\\??\\Z:\\usr\\share\\wine\\fonts\\small_fonts.ttf" -> "/home/k/.wine/dosdevices/z:/usr/share/wine/fonts/small_fonts.ttf"
0078:trace:file:NtReadFile (0xcc,0xfc,(nil),(nil),0x7ffffe8de2d8,0x7fffff4efd80,0x00000010,(nil),(nil))
0050:trace:file:NtWriteFile (0xcc,0x104,(nil),(nil),0x7fffff1ef970,0x7fffff5f0a70,0x00000030,(nil),(nil))
0074:trace:file:nt_to_unix_file_name_no_root L"\\??\\Z:\\usr\\share\\wine\\fonts\\small_fonts_jp.ttf" -> "/home/k/.wine/dosdevices/z:/usr/share/wine/fonts/small_fonts_jp.ttf"
007c:trace:file:NtReadFile (0x24,0x28,(nil),(nil),0x7ffffe8d4188,0x7ffffe8d4600,0x00000008,(nil),(nil))
0074:trace:file:nt_to_unix_file_name_no_root L"\\??\\Z:\\usr\\share\\wine\\fonts\\ssee1255.fon" -> "/home/k/.wine/dosdevices/z:/usr/share/wine/fonts/ssee1255.fon"
007c:trace:file:NtReadFile (0x24,0x28,(nil),(nil),0x7ffffe8d4188,0x7ffffe8d4620,0x00000018,(nil),(nil))
0074:trace:file:nt_to_unix_file_name_no_root L"\\??\\Z:\\usr\\share\\wine\\fonts\\ssee1256.fon" -> "/home/k/.wine/dosdevices/z:/usr/share/wine/fonts/ssee1256.fon"
007c:trace:file:NtWriteFile (0x24,0x28,(nil),(nil),0x7ffffec0ea70,0x7ffffe8d5060,0x00000030,(nil),(nil))
0074:trace:file:nt_to_unix_file_name_no_root L"\\??\\Z:\\usr\\share\\wine\\fonts\\ssee1257.fon" -> "/home/k/.wine/dosdevices/z:/usr/share/wine/fonts/ssee1257.fon"
007c:trace:file:NtReadFile (0x24,0x28,(nil),(nil),0x7ffffe8d4188,0x7ffffec0eb10,0x00000010,(nil),(nil))
0074:trace:file:nt_to_unix_file_name_no_root L"\\??\\Z:\\usr\\share\\wine\\fonts\\ssee874.fon" -> "/home/k/.wine/dosdevices/z:/usr/share/wine/fonts/ssee874.fon"
0078:trace:file:NtReadFile (0xcc,0xfc,(nil),(nil),0x7ffffe8de2d8,0x7ffffe8deef0,0x00000008,(nil),(nil))
0074:trace:file:nt_to_unix_file_name_no_root L"\\??\\Z:\\usr\\share\\wine\\fonts\\ssef1255.fon" -> "/home/k/.wine/dosdevices/z:/usr/share/wine/fonts/ssef1255.fon"
0078:trace:file:NtReadFile (0xcc,0xfc,(nil),(nil),0x7ffffe8de2d8,0x7ffffe8def10,0x00000018,(nil),(nil))
0074:trace:file:nt_to_unix_file_name_no_root L"\\??\\Z:\\usr\\share\\wine\\fonts\\ssef1256.fon" -> "/home/k/.wine/dosdevices/z:/usr/share/wine/fonts/ssef1256.fon"
0078:trace:file:NtReadFile (0xcc,0xfc,(nil),(nil),0x7ffffe8de2d8,0x7fffff4efd80,0x00000010,(nil),(nil))
0074:trace:file:nt_to_unix_file_name_no_root L"\\??\\Z:\\usr\\share\\wine\\fonts\\ssef1257.fon" -> "/home/k/.wine/dosdevices/z:/usr/share/wine/fonts/ssef1257.fon"
0050:trace:file:NtWriteFile (0xcc,0x104,(nil),(nil),0x7fffff1ef970,0x7ffffe8dfad0,0x00000114,(nil),(nil))
0074:trace:file:nt_to_unix_file_name_no_root L"\\??\\Z:\\usr\\share\\wine\\fonts\\ssef874.fon" -> "/home/k/.wine/dosdevices/z:/usr/share/wine/fonts/ssef874.fon"
007c:trace:file:NtReadFile (0x24,0x28,(nil),(nil),0x7ffffe8d4188,0x7ffffe8d44b0,0x00000008,(nil),(nil))
0074:trace:file:nt_to_unix_file_name_no_root L"\\??\\Z:\\usr\\share\\wine\\fonts\\sserife.fon" -> "/home/k/.wine/dosdevices/z:/usr/share/wine/fonts/sserife.fon"
007c:trace:file:NtReadFile (0x24,0x28,(nil),(nil),0x7ffffe8d4188,0x7ffffe8d62a0,0x000000fc,(nil),(nil))
0074:trace:file:nt_to_unix_file_name_no_root L"\\??\\Z:\\usr\\share\\wine\\fonts\\sserifee.fon" -> "/home/k/.wine/dosdevices/z:/usr/share/wine/fonts/sserifee.fon"
007c:trace:file:NtWriteFile (0x24,0x28,(nil),(nil),0x7ffffec0ea70,0x7ffffe8d5060,0x00000030,(nil),(nil))
0074:trace:file:nt_to_unix_file_name_no_root L"\\??\\Z:\\usr\\share\\wine\\fonts\\sserifeg.fon" -> "/home/k/.wine/dosdevices/z:/usr/share/wine/fonts/sserifeg.fon"
007c:trace:file:NtReadFile (0x24,0x28,(nil),(nil),0x7ffffe8d4188,0x7ffffec0eb10,0x00000010,(nil),(nil))
0074:trace:file:nt_to_unix_file_name_no_root L"\\??\\Z:\\usr\\share\\wine\\fonts\\sserifer.fon" -> "/home/k/.wine/dosdevices/z:/usr/share/wine/fonts/sserifer.fon"
0078:trace:file:NtReadFile (0xcc,0xfc,(nil),(nil),0x7ffffe8de2d8,0x7ffffe8deef0,0x00000008,(nil),(nil))
0074:trace:file:nt_to_unix_file_name_no_root L"\\??\\Z:\\usr\\share\\wine\\fonts\\sserifet.fon" -> "/home/k/.wine/dosdevices/z:/usr/share/wine/fonts/sserifet.fon"
0078:trace:file:NtReadFile (0xcc,0xfc,(nil),(nil),0x7ffffe8de2d8,0x7ffffe8def10,0x00000018,(nil),(nil))
0074:trace:file:nt_to_unix_file_name_no_root L"\\??\\Z:\\usr\\share\\wine\\fonts\\sseriff.fon" -> "/home/k/.wine/dosdevices/z:/usr/share/wine/fonts/sseriff.fon"
0078:trace:file:NtReadFile (0xcc,0xfc,(nil),(nil),0x7ffffe8de2d8,0x7fffff4efd80,0x00000010,(nil),(nil))
0074:trace:file:nt_to_unix_file_name_no_root L"\\??\\Z:\\usr\\share\\wine\\fonts\\sseriffe.fon" -> "/home/k/.wine/dosdevices/z:/usr/share/wine/fonts/sseriffe.fon"
0050:trace:file:NtWriteFile (0xcc,0x104,(nil),(nil),0x7fffff1ef970,0x7ffffe8dfad0,0x00000114,(nil),(nil))
0074:trace:file:nt_to_unix_file_name_no_root L"\\??\\Z:\\usr\\share\\wine\\fonts\\sseriffg.fon" -> "/home/k/.wine/dosdevices/z:/usr/share/wine/fonts/sseriffg.fon"
007c:trace:file:NtReadFile (0x24,0x28,(nil),(nil),0x7ffffe8d4188,0x7ffffe8d44b0,0x00000008,(nil),(nil))
0074:trace:file:nt_to_unix_file_name_no_root L"\\??\\Z:\\usr\\share\\wine\\fonts\\sseriffr.fon" -> "/home/k/.wine/dosdevices/z:/usr/share/wine/fonts/sseriffr.fon"
007c:trace:file:NtReadFile (0x24,0x28,(nil),(nil),0x7ffffe8d4188,0x7ffffe8d62a0,0x000000fc,(nil),(nil))
0074:trace:file:nt_to_unix_file_name_no_root L"\\??\\Z:\\usr\\share\\wine\\fonts\\sserifft.fon" -> "/home/k/.wine/dosdevices/z:/usr/share/wine/fonts/sserifft.fon"
007c:trace:file:NtWriteFile (0x24,0x28,(nil),(nil),0x7ffffec0eae0,0x7ffffe8d5060,0x0000002c,(nil),(nil))
0074:trace:file:nt_to_unix_file_name_no_root L"\\??\\Z:\\usr\\share\\wine\\fonts\\svgasys.fon" -> "/home/k/.wine/dosdevices/z:/usr/share/wine/fonts/svgasys.fon"
007c:trace:file:NtReadFile (0x24,0x28,(nil),(nil),0x7ffffe8d4188,0x7ffffec0eb80,0x00000010,(nil),(nil))
0074:trace:file:nt_to_unix_file_name_no_root L"\\??\\Z:\\usr\\share\\wine\\fonts\\symbol.ttf" -> "/home/k/.wine/dosdevices/z:/usr/share/wine/fonts/symbol.ttf"
0078:trace:file:NtReadFile (0xcc,0xfc,(nil),(nil),0x7ffffe8de2d8,0x7ffffe8deef0,0x00000008,(nil),(nil))
0074:trace:file:nt_to_unix_file_name_no_root L"\\??\\Z:\\usr\\share\\wine\\fonts\\system.ttf" -> "/home/k/.wine/dosdevices/z:/usr/share/wine/fonts/system.ttf"
0078:trace:file:NtReadFile (0xcc,0xfc,(nil),(nil),0x7ffffe8de2d8,0x7ffffe8def10,0x00000014,(nil),(nil))
0074:trace:file:nt_to_unix_file_name_no_root L"\\??\\Z:\\usr\\share\\wine\\fonts\\tahoma.ttf" -> "/home/k/.wine/dosdevices/z:/usr/share/wine/fonts/tahoma.ttf"
0078:trace:file:NtReadFile (0xcc,0xfc,(nil),(nil),0x7ffffe8de2d8,0x7fffff4efd80,0x00000010,(nil),(nil))
0050:trace:file:NtWriteFile (0xcc,0x104,(nil),(nil),0x7fffff1ef970,0x7fffff5f0a30,0x00000030,(nil),(nil))
0074:trace:file:nt_to_unix_file_name_no_root L"\\??\\Z:\\usr\\share\\wine\\fonts\\tahomabd.ttf" -> "/home/k/.wine/dosdevices/z:/usr/share/wine/fonts/tahomabd.ttf"
007c:trace:file:NtReadFile (0x24,0x28,(nil),(nil),0x7ffffe8d4188,0x7ffffe8d44b0,0x00000008,(nil),(nil))
007c:trace:file:NtReadFile (0x24,0x28,(nil),(nil),0x7ffffe8d4188,0x7ffffe8d4500,0x00000018,(nil),(nil))
0074:trace:file:nt_to_unix_file_name_no_root L"\\??\\Z:\\usr\\share\\wine\\fonts\\vgafix.fon" -> "/home/k/.wine/dosdevices/z:/usr/share/wine/fonts/vgafix.fon"
007c:trace:file:NtQueryObject (0xfffffffffffffffe,0x00000002,0x7ffffec0f560,0x00000100,0x7ffffec0f55c)
0074:trace:file:nt_to_unix_file_name_no_root L"\\??\\Z:\\usr\\share\\wine\\fonts\\vgas1255.fon" -> "/home/k/.wine/dosdevices/z:/usr/share/wine/fonts/vgas1255.fon"
0074:trace:file:nt_to_unix_file_name_no_root L"\\??\\Z:\\usr\\share\\wine\\fonts\\vgas1256.fon" -> "/home/k/.wine/dosdevices/z:/usr/share/wine/fonts/vgas1256.fon"
0074:trace:file:nt_to_unix_file_name_no_root L"\\??\\Z:\\usr\\share\\wine\\fonts\\vgas1257.fon" -> "/home/k/.wine/dosdevices/z:/usr/share/wine/fonts/vgas1257.fon"
0074:trace:file:nt_to_unix_file_name_no_root L"\\??\\Z:\\usr\\share\\wine\\fonts\\vgas874.fon" -> "/home/k/.wine/dosdevices/z:/usr/share/wine/fonts/vgas874.fon"
0074:trace:file:nt_to_unix_file_name_no_root L"\\??\\Z:\\usr\\share\\wine\\fonts\\vgasys.fon" -> "/home/k/.wine/dosdevices/z:/usr/share/wine/fonts/vgasys.fon"
0074:trace:file:nt_to_unix_file_name_no_root L"\\??\\Z:\\usr\\share\\wine\\fonts\\vgasyse.fon" -> "/home/k/.wine/dosdevices/z:/usr/share/wine/fonts/vgasyse.fon"
0074:trace:file:nt_to_unix_file_name_no_root L"\\??\\Z:\\usr\\share\\wine\\fonts\\vgasysg.fon" -> "/home/k/.wine/dosdevices/z:/usr/share/wine/fonts/vgasysg.fon"
0074:trace:file:nt_to_unix_file_name_no_root L"\\??\\Z:\\usr\\share\\wine\\fonts\\vgasysr.fon" -> "/home/k/.wine/dosdevices/z:/usr/share/wine/fonts/vgasysr.fon"
0074:trace:file:nt_to_unix_file_name_no_root L"\\??\\Z:\\usr\\share\\wine\\fonts\\vgasyst.fon" -> "/home/k/.wine/dosdevices/z:/usr/share/wine/fonts/vgasyst.fon"
0074:trace:file:nt_to_unix_file_name_no_root L"\\??\\Z:\\usr\\share\\wine\\fonts\\webdings.ttf" -> "/home/k/.wine/dosdevices/z:/usr/share/wine/fonts/webdings.ttf"
0074:trace:file:nt_to_unix_file_name_no_root L"\\??\\Z:\\usr\\share\\wine\\fonts\\wingding.ttf" -> "/home/k/.wine/dosdevices/z:/usr/share/wine/fonts/wingding.ttf"
