0074:trace:file:NtQueryDirectoryFile (0x34 (nil) (nil) (nil) 0x7ffffe0fcba0 0x7ffffe0fcbf0 0x00002000 0x00000003 0x00000000 <null> 0x00000000
007c:trace:file:NtWriteFile (0x24,0x28,(nil),(nil),0x7ffffec0f540,0x7ffffe8d5060,0x00000048,(nil),(nil))
0074:trace:file:NtQueryDirectoryFile => 80000006 (0)
007c:trace:file:NtReadFile (0x24,0x28,(nil),(nil),0x7ffffe8d4188,0x7ffffec0f5e0,0x00000010,(nil),(nil))
0078:trace:file:NtReadFile (0xcc,0xfc,(nil),(nil),0x7ffffe8de2d8,0x7ffffe8deef0,0x00000008,(nil),(nil))
0078:trace:file:NtReadFile (0xcc,0xfc,(nil),(nil),0x7ffffe8de2d8,0x7fffff5f1210,0x00000030,(nil),(nil))
0078:trace:file:NtReadFile (0xcc,0xfc,(nil),(nil),0x7ffffe8de2d8,0x7fffff4efd80,0x00000010,(nil),(nil))
0050:trace:file:NtWriteFile (0xcc,0x104,(nil),(nil),0x7fffff1ef970,0x7ffffe8dd410,0x0000001c,(nil),(nil))
007c:trace:file:NtReadFile (0x24,0x28,(nil),(nil),0x7ffffe8d4188,0x7ffffe8d43c0,0x00000008,(nil),(nil))
007c:trace:file:NtReadFile (0x24,0x28,(nil),(nil),0x7ffffe8d4188,0x7ffffe8d43e0,0x00000004,(nil),(nil))
007c:trace:file:WriteFile 000000000000002C 00007FFFFEC0FF0C 4 00007FFFFEC0FF08 0000000000000000
007c:trace:file:NtWriteFile (0x2c,(nil),(nil),(nil),0x7ffffec0fe70,0x7ffffec0ff0c,0x00000004,(nil),(nil))
0074:trace:file:find_drive_rootA "/usr/share/fonts/opentype/mathjax/MathJax_AMS-Regular.otf" -> drive Z:, root="/", name="/usr/share/fonts/opentype/mathjax/MathJax_AMS-Regular.otf"
007c:trace:file:ReadFile 000000000000002C 00007FFFFEC0FF10 16 00007FFFFEC0FF08 0000000000000000
007c:trace:file:NtReadFile (0x2c,(nil),(nil),(nil),0x7ffffec0fe70,0x7ffffec0ff10,0x00000010,(nil),(nil))
003c:trace:file:GetOverlappedResultEx (00000000000000F4 00007FFFFE2FFA10 00007FFFFE2FFA0C 0 0)
0074:trace:file:find_drive_rootA "/usr/share/fonts/opentype/mathjax/MathJax_Caligraphic-Bold.otf" -> drive Z:, root="/", name="/usr/share/fonts/opentype/mathjax/MathJax_Caligraphic-Bold.otf"
003c:trace:file:CreateFileW L"C:\\windows\\system32\\drivers\\winebus.sys" GENERIC_READ FILE_SHARE_READ  creation 3 attributes 0x0
0074:trace:file:find_drive_rootA "/usr/share/fonts/opentype/mathjax/MathJax_Caligraphic-Regular.otf" -> drive Z:, root="/", name="/usr/share/fonts/opentype/mathjax/MathJax_Caligraphic-Regular.otf"
003c:trace:file:RtlDosPathNameToNtPathName_U_WithStatus (L"C:\\windows\\system32\\drivers\\winebus.sys",00007FFFFE2FF4F0,0000000000000000,0000000000000000)
003c:trace:file:RtlGetFullPathName_U (L"C:\\windows\\system32\\drivers\\winebus.sys" 520 00007FFFFE2FF1B0 0000000000000000)
0074:trace:file:find_drive_rootA "/usr/share/fonts/opentype/mathjax/MathJax_Fraktur-Bold.otf" -> drive Z:, root="/", name="/usr/share/fonts/opentype/mathjax/MathJax_Fraktur-Bold.otf"
003c:trace:file:NtCreateFile handle=0x7ffffe2ff4d8 access=80100080 name=L"\\??\\C:\\windows\\system32\\drivers\\winebus.sys" objattr=00000040 root=(nil) sec=(nil) io=0x7ffffe2ff500 alloc_size=(nil) attr=00000000 sharing=00000001 disp=1 options=00000060 ea=(nil).0x00000000
0074:trace:file:find_drive_rootA "/usr/share/fonts/opentype/mathjax/MathJax_Fraktur-Regular.otf" -> drive Z:, root="/", name="/usr/share/fonts/opentype/mathjax/MathJax_Fraktur-Regular.otf"
003c:trace:file:nt_to_unix_file_name_no_root L"\\??\\C:\\windows\\system32\\drivers\\winebus.sys" -> "/home/k/.wine/dosdevices/c:/windows/system32/drivers/winebus.sys"
0074:trace:file:find_drive_rootA "/usr/share/fonts/opentype/mathjax/MathJax_Main-Bold.otf" -> drive Z:, root="/", name="/usr/share/fonts/opentype/mathjax/MathJax_Main-Bold.otf"
003c:trace:file:CreateFileW returning 0000000000000108
0074:trace:file:find_drive_rootA "/usr/share/fonts/opentype/mathjax/MathJax_Main-Italic.otf" -> drive Z:, root="/", name="/usr/share/fonts/opentype/mathjax/MathJax_Main-Italic.otf"
0074:trace:file:find_drive_rootA "/usr/share/fonts/opentype/mathjax/MathJax_Main-Regular.otf" -> drive Z:, root="/", name="/usr/share/fonts/opentype/mathjax/MathJax_Main-Regular.otf"
003c:trace:file:NtFsControlFile (0xf4,0xf0,(nil),0x7ffffe2ffaf0,0x7ffffe2ffaf0,0x00110008,(nil),0x00000000,(nil),0x00000000)
0074:trace:file:find_drive_rootA "/usr/share/fonts/opentype/mathjax/MathJax_Math-BoldItalic.otf" -> drive Z:, root="/", name="/usr/share/fonts/opentype/mathjax/MathJax_Math-BoldItalic.otf"
003c:trace:file:WriteFile 00000000000000F4 00007FFFFE8DDBD0 34 00007FFFFE2FFA0C 00007FFFFE2FFA10
0074:trace:file:find_drive_rootA "/usr/share/fonts/opentype/mathjax/MathJax_Math-Italic.otf" -> drive Z:, root="/", name="/usr/share/fonts/opentype/mathjax/MathJax_Math-Italic.otf"
003c:trace:file:NtWriteFile (0xf4,0xf0,(nil),0x7ffffe2ffa10,0x7ffffe2ffa10,0x7ffffe8ddbd0,0x00000022,0x7ffffe2ff978,(nil))
0074:trace:file:find_drive_rootA "/usr/share/fonts/opentype/mathjax/MathJax_Math-Regular.otf" -> drive Z:, root="/", name="/usr/share/fonts/opentype/mathjax/MathJax_Math-Regular.otf"
003c:trace:file:ReadFile 00000000000000F4 00007FFFFE2FFAE0 4 00007FFFFE2FFA0C 00007FFFFE2FFA10
0074:trace:file:find_drive_rootA "/usr/share/fonts/opentype/mathjax/MathJax_SansSerif-Bold.otf" -> drive Z:, root="/", name="/usr/share/fonts/opentype/mathjax/MathJax_SansSerif-Bold.otf"
003c:trace:file:NtReadFile (0xf4,0xf0,(nil),0x7ffffe2ffa10,0x7ffffe2ffa10,0x7ffffe2ffae0,0x00000004,0x7ffffe2ff978,(nil))
0074:trace:file:find_drive_rootA "/usr/share/fonts/opentype/mathjax/MathJax_SansSerif-Italic.otf" -> drive Z:, root="/", name="/usr/share/fonts/opentype/mathjax/MathJax_SansSerif-Italic.otf"
007c:trace:file:ReadFile 000000000000002C 00007FFFFE8D4350 18 00007FFFFEC0FF08 0000000000000000
0074:trace:file:find_drive_rootA "/usr/share/fonts/opentype/mathjax/MathJax_SansSerif-Regular.otf" -> drive Z:, root="/", name="/usr/share/fonts/opentype/mathjax/MathJax_SansSerif-Regular.otf"
007c:trace:file:NtReadFile (0x2c,(nil),(nil),(nil),0x7ffffec0fe70,0x7ffffe8d4350,0x00000012,(nil),(nil))
0074:trace:file:find_drive_rootA "/usr/share/fonts/opentype/mathjax/MathJax_Script-Regular.otf" -> drive Z:, root="/", name="/usr/share/fonts/opentype/mathjax/MathJax_Script-Regular.otf"
007c:trace:file:NtWriteFile (0x24,0x28,(nil),(nil),0x7ffffec0f530,0x7ffffe8d4410,0x00000024,(nil),(nil))
0074:trace:file:find_drive_rootA "/usr/share/fonts/opentype/mathjax/MathJax_Size1-Regular.otf" -> drive Z:, root="/", name="/usr/share/fonts/opentype/mathjax/MathJax_Size1-Regular.otf"
007c:trace:file:NtReadFile (0x24,0x28,(nil),(nil),0x7ffffe8d4188,0x7ffffec0f5d0,0x00000010,(nil),(nil))
0074:trace:file:find_drive_rootA "/usr/share/fonts/opentype/mathjax/MathJax_Size2-Regular.otf" -> drive Z:, root="/", name="/usr/share/fonts/opentype/mathjax/MathJax_Size2-Regular.otf"
0078:trace:file:NtReadFile (0xcc,0xfc,(nil),(nil),0x7ffffe8de2d8,0x7ffffe8deef0,0x00000008,(nil),(nil))
0074:trace:file:find_drive_rootA "/usr/share/fonts/opentype/mathjax/MathJax_Size3-Regular.otf" -> drive Z:, root="/", name="/usr/share/fonts/opentype/mathjax/MathJax_Size3-Regular.otf"
0078:trace:file:NtReadFile (0xcc,0xfc,(nil),(nil),0x7ffffe8de2d8,0x7ffffe8def10,0x0000000c,(nil),(nil))
0074:trace:file:find_drive_rootA "/usr/share/fonts/opentype/mathjax/MathJax_Size4-Regular.otf" -> drive Z:, root="/", name="/usr/share/fonts/opentype/mathjax/MathJax_Size4-Regular.otf"
0078:trace:file:NtReadFile (0xcc,0xfc,(nil),(nil),0x7ffffe8de2d8,0x7fffff4efd80,0x00000010,(nil),(nil))
0074:trace:file:find_drive_rootA "/usr/share/fonts/opentype/mathjax/MathJax_Typewriter-Regular.otf" -> drive Z:, root="/", name="/usr/share/fonts/opentype/mathjax/MathJax_Typewriter-Regular.otf"
0050:trace:file:NtWriteFile (0xcc,0x104,(nil),(nil),0x7fffff1ef970,0x7fffff5f0a30,0x00000030,(nil),(nil))
0074:trace:file:find_drive_rootA "/usr/share/fonts/opentype/mathjax/MathJax_Vector-Bold.otf" -> drive Z:, root="/", name="/usr/share/fonts/opentype/mathjax/MathJax_Vector-Bold.otf"
0074:trace:file:find_drive_rootA "/usr/share/fonts/opentype/mathjax/MathJax_Vector-Regular.otf" -> drive Z:, root="/", name="/usr/share/fonts/opentype/mathjax/MathJax_Vector-Regular.otf"
007c:trace:file:NtReadFile (0x24,0x28,(nil),(nil),0x7ffffe8d4188,0x7ffffe8d43f0,0x00000008,(nil),(nil))
0074:trace:file:find_drive_rootA "/usr/share/fonts/opentype/mathjax/MathJax_WinChrome-Regular.otf" -> drive Z:, root="/", name="/usr/share/fonts/opentype/mathjax/MathJax_WinChrome-Regular.otf"
007c:trace:file:NtReadFile (0x24,0x28,(nil),(nil),0x7ffffe8d4188,0x7ffffe8d4410,0x00000018,(nil),(nil))
0074:trace:file:find_drive_rootA "/usr/share/fonts/opentype/mathjax/MathJax_WinIE6-Regular.otf" -> drive Z:, root="/", name="/usr/share/fonts/opentype/mathjax/MathJax_WinIE6-Regular.otf"
007c:trace:file:NtWriteFile (0x24,0x28,(nil),(nil),0x7ffffec0f540,0x7ffffe8d51c0,0x0000004c,(nil),(nil))
0074:trace:file:find_drive_rootA "/usr/share/fonts/opentype/noto/NotoSansCJK-Bold.ttc" -> drive Z:, root="/", name="/usr/share/fonts/opentype/noto/NotoSansCJK-Bold.ttc"
007c:trace:file:NtReadFile (0x24,0x28,(nil),(nil),0x7ffffe8d4188,0x7ffffec0f5e0,0x00000010,(nil),(nil))
0074:trace:file:find_drive_rootA "/usr/share/fonts/opentype/noto/NotoSansCJK-Bold.ttc" -> drive Z:, root="/", name="/usr/share/fonts/opentype/noto/NotoSansCJK-Bold.ttc"
0078:trace:file:NtReadFile (0xcc,0xfc,(nil),(nil),0x7ffffe8de2d8,0x7ffffe8deef0,0x00000008,(nil),(nil))
0074:trace:file:find_drive_rootA "/usr/share/fonts/opentype/noto/NotoSansCJK-Bold.ttc" -> drive Z:, root="/", name="/usr/share/fonts/opentype/noto/NotoSansCJK-Bold.ttc"
0078:trace:file:NtReadFile (0xcc,0xfc,(nil),(nil),0x7ffffe8de2d8,0x7fffff5f1210,0x00000034,(nil),(nil))
0074:trace:file:find_drive_rootA "/usr/share/fonts/opentype/noto/NotoSansCJK-Bold.ttc" -> drive Z:, root="/", name="/usr/share/fonts/opentype/noto/NotoSansCJK-Bold.ttc"
0078:trace:file:NtReadFile (0xcc,0xfc,(nil),(nil),0x7ffffe8de2d8,0x7fffff4efd80,0x00000010,(nil),(nil))
0050:trace:file:NtWriteFile (0xcc,0x104,(nil),(nil),0x7fffff1ef970,0x7fffff5f0a70,0x00000030,(nil),(nil))
0074:trace:file:find_drive_rootA "/usr/share/fonts/opentype/noto/NotoSansCJK-Bold.ttc" -> drive Z:, root="/", name="/usr/share/fonts/opentype/noto/NotoSansCJK-Bold.ttc"
007c:trace:file:NtReadFile (0x24,0x28,(nil),(nil),0x7ffffe8d4188,0x7ffffe8d44b0,0x00000008,(nil),(nil))
0074:trace:file:find_drive_rootA "/usr/share/fonts/opentype/noto/NotoSansCJK-Bold.ttc" -> drive Z:, root="/", name="/usr/share/fonts/opentype/noto/NotoSansCJK-Bold.ttc"
007c:trace:file:NtReadFile (0x24,0x28,(nil),(nil),0x7ffffe8d4188,0x7ffffe8d4500,0x00000018,(nil),(nil))
0074:trace:file:find_drive_rootA "/usr/share/fonts/opentype/noto/NotoSansCJK-Bold.ttc" -> drive Z:, root="/", name="/usr/share/fonts/opentype/noto/NotoSansCJK-Bold.ttc"
007c:trace:file:NtWriteFile (0x24,0x28,(nil),(nil),0x7ffffec0f580,0x7ffffe8d54b0,0x0000002c,(nil),(nil))
0074:trace:file:find_drive_rootA "/usr/share/fonts/opentype/noto/NotoSansCJK-Bold.ttc" -> drive Z:, root="/", name="/usr/share/fonts/opentype/noto/NotoSansCJK-Bold.ttc"
007c:trace:file:NtReadFile (0x24,0x28,(nil),(nil),0x7ffffe8d4188,0x7ffffec0f620,0x00000010,(nil),(nil))
0078:trace:file:NtReadFile (0xcc,0xfc,(nil),(nil),0x7ffffe8de2d8,0x7ffffe8deef0,0x00000008,(nil),(nil))
0074:trace:file:find_drive_rootA "/usr/share/fonts/opentype/noto/NotoSansCJK-Bold.ttc" -> drive Z:, root="/", name="/usr/share/fonts/opentype/noto/NotoSansCJK-Bold.ttc"
0078:trace:file:NtReadFile (0xcc,0xfc,(nil),(nil),0x7ffffe8de2d8,0x7ffffe8def10,0x00000014,(nil),(nil))
0074:trace:file:find_drive_rootA "/usr/share/fonts/opentype/noto/NotoSansCJK-Bold.ttc" -> drive Z:, root="/", name="/usr/share/fonts/opentype/noto/NotoSansCJK-Bold.ttc"
0078:trace:file:NtReadFile (0xcc,0xfc,(nil),(nil),0x7ffffe8de2d8,0x7fffff4efd80,0x00000010,(nil),(nil))
0050:trace:file:NtWriteFile (0xcc,0x104,(nil),(nil),0x7fffff1ef970,0x7fffff5f0a70,0x00000030,(nil),(nil))
0074:trace:file:find_drive_rootA "/usr/share/fonts/opentype/noto/NotoSansCJK-Regular.ttc" -> drive Z:, root="/", name="/usr/share/fonts/opentype/noto/NotoSansCJK-Regular.ttc"
0074:trace:file:find_drive_rootA "/usr/share/fonts/opentype/noto/NotoSansCJK-Regular.ttc" -> drive Z:, root="/", name="/usr/share/fonts/opentype/noto/NotoSansCJK-Regular.ttc"
007c:trace:file:NtReadFile (0x24,0x28,(nil),(nil),0x7ffffe8d4188,0x7ffffe8d45a0,0x00000008,(nil),(nil))
0074:trace:file:find_drive_rootA "/usr/share/fonts/opentype/noto/NotoSansCJK-Regular.ttc" -> drive Z:, root="/", name="/usr/share/fonts/opentype/noto/NotoSansCJK-Regular.ttc"
007c:trace:file:NtReadFile (0x24,0x28,(nil),(nil),0x7ffffe8d4188,0x7ffffe8d45c0,0x00000018,(nil),(nil))
0074:trace:file:find_drive_rootA "/usr/share/fonts/opentype/noto/NotoSansCJK-Regular.ttc" -> drive Z:, root="/", name="/usr/share/fonts/opentype/noto/NotoSansCJK-Regular.ttc"
007c:trace:file:NtWriteFile (0x24,0x28,(nil),(nil),0x7ffffec0f510,0x7ffffe8d5020,0x00000030,(nil),(nil))
0074:trace:file:find_drive_rootA "/usr/share/fonts/opentype/noto/NotoSansCJK-Regular.ttc" -> drive Z:, root="/", name="/usr/share/fonts/opentype/noto/NotoSansCJK-Regular.ttc"
007c:trace:file:NtReadFile (0x24,0x28,(nil),(nil),0x7ffffe8d4188,0x7ffffec0f5b0,0x00000010,(nil),(nil))
0074:trace:file:find_drive_rootA "/usr/share/fonts/opentype/noto/NotoSansCJK-Regular.ttc" -> drive Z:, root="/", name="/usr/share/fonts/opentype/noto/NotoSansCJK-Regular.ttc"
0078:trace:file:NtReadFile (0xcc,0xfc,(nil),(nil),0x7ffffe8de2d8,0x7ffffe8deef0,0x00000008,(nil),(nil))
0074:trace:file:find_drive_rootA "/usr/share/fonts/opentype/noto/NotoSansCJK-Regular.ttc" -> drive Z:, root="/", name="/usr/share/fonts/opentype/noto/NotoSansCJK-Regular.ttc"
0078:trace:file:NtReadFile (0xcc,0xfc,(nil),(nil),0x7ffffe8de2d8,0x7ffffe8def10,0x00000018,(nil),(nil))
0074:trace:file:find_drive_rootA "/usr/share/fonts/opentype/noto/NotoSansCJK-Regular.ttc" -> drive Z:, root="/", name="/usr/share/fonts/opentype/noto/NotoSansCJK-Regular.ttc"
0078:trace:file:NtReadFile (0xcc,0xfc,(nil),(nil),0x7ffffe8de2d8,0x7fffff4efd80,0x00000010,(nil),(nil))
0050:trace:file:NtWriteFile (0xcc,0x104,(nil),(nil),0x7fffff1ef970,0x7ffffe8dfad0,0x00000114,(nil),(nil))
0074:trace:file:find_drive_rootA "/usr/share/fonts/opentype/noto/NotoSansCJK-Regular.ttc" -> drive Z:, root="/", name="/usr/share/fonts/opentype/noto/NotoSansCJK-Regular.ttc"
0074:trace:file:find_drive_rootA "/usr/share/fonts/opentype/noto/NotoSansCJK-Regular.ttc" -> drive Z:, root="/", name="/usr/share/fonts/opentype/noto/NotoSansCJK-Regular.ttc"
007c:trace:file:NtReadFile (0x24,0x28,(nil),(nil),0x7ffffe8d4188,0x7ffffe8d43f0,0x00000008,(nil),(nil))
0074:trace:file:find_drive_rootA "/usr/share/fonts/opentype/noto/NotoSerifCJK-Bold.ttc" -> drive Z:, root="/", name="/usr/share/fonts/opentype/noto/NotoSerifCJK-Bold.ttc"
007c:trace:file:NtReadFile (0x24,0x28,(nil),(nil),0x7ffffe8d4188,0x7ffffe8d5420,0x000000fc,(nil),(nil))
0074:trace:file:find_drive_rootA "/usr/share/fonts/opentype/noto/NotoSerifCJK-Bold.ttc" -> drive Z:, root="/", name="/usr/share/fonts/opentype/noto/NotoSerifCJK-Bold.ttc"
007c:trace:file:NtWriteFile (0x24,0x28,(nil),(nil),0x7ffffec0f510,0x7ffffe8d5020,0x00000030,(nil),(nil))
0074:trace:file:find_drive_rootA "/usr/share/fonts/opentype/noto/NotoSerifCJK-Bold.ttc" -> drive Z:, root="/", name="/usr/share/fonts/opentype/noto/NotoSerifCJK-Bold.ttc"
007c:trace:file:NtReadFile (0x24,0x28,(nil),(nil),0x7ffffe8d4188,0x7ffffec0f5b0,0x00000010,(nil),(nil))
0078:trace:file:NtReadFile (0xcc,0xfc,(nil),(nil),0x7ffffe8de2d8,0x7ffffe8deef0,0x00000008,(nil),(nil))
0074:trace:file:find_drive_rootA "/usr/share/fonts/opentype/noto/NotoSerifCJK-Bold.ttc" -> drive Z:, root="/", name="/usr/share/fonts/opentype/noto/NotoSerifCJK-Bold.ttc"
0078:trace:file:NtReadFile (0xcc,0xfc,(nil),(nil),0x7ffffe8de2d8,0x7ffffe8def10,0x00000018,(nil),(nil))
0074:trace:file:find_drive_rootA "/usr/share/fonts/opentype/noto/NotoSerifCJK-Bold.ttc" -> drive Z:, root="/", name="/usr/share/fonts/opentype/noto/NotoSerifCJK-Bold.ttc"
0078:trace:file:NtReadFile (0xcc,0xfc,(nil),(nil),0x7ffffe8de2d8,0x7fffff4efd80,0x00000010,(nil),(nil))
0050:trace:file:NtWriteFile (0xcc,0x104,(nil),(nil),0x7fffff1ef970,0x7ffffe8dfad0,0x00000114,(nil),(nil))
0074:trace:file:find_drive_rootA "/usr/share/fonts/opentype/noto/NotoSerifCJK-Regular.ttc" -> drive Z:, root="/", name="/usr/share/fonts/opentype/noto/NotoSerifCJK-Regular.ttc"
0074:trace:file:find_drive_rootA "/usr/share/fonts/opentype/noto/NotoSerifCJK-Regular.ttc" -> drive Z:, root="/", name="/usr/share/fonts/opentype/noto/NotoSerifCJK-Regular.ttc"
007c:trace:file:NtReadFile (0x24,0x28,(nil),(nil),0x7ffffe8d4188,0x7ffffe8d43f0,0x00000008,(nil),(nil))
0074:trace:file:find_drive_rootA "/usr/share/fonts/opentype/noto/NotoSerifCJK-Regular.ttc" -> drive Z:, root="/", name="/usr/share/fonts/opentype/noto/NotoSerifCJK-Regular.ttc"
007c:trace:file:NtReadFile (0x24,0x28,(nil),(nil),0x7ffffe8d4188,0x7ffffe8d5420,0x000000fc,(nil),(nil))
0074:trace:file:find_drive_rootA "/usr/share/fonts/opentype/noto/NotoSerifCJK-Regular.ttc" -> drive Z:, root="/", name="/usr/share/fonts/opentype/noto/NotoSerifCJK-Regular.ttc"
007c:trace:file:NtWriteFile (0x24,0x28,(nil),(nil),0x7ffffec0f540,0x7ffffe8d5420,0x00000048,(nil),(nil))
0074:trace:file:find_drive_rootA "/usr/share/fonts/opentype/noto/NotoSerifCJK-Regular.ttc" -> drive Z:, root="/", name="/usr/share/fonts/opentype/noto/NotoSerifCJK-Regular.ttc"
007c:trace:file:NtReadFile (0x24,0x28,(nil),(nil),0x7ffffe8d4188,0x7ffffec0f5e0,0x00000010,(nil),(nil))
0074:trace:file:find_drive_rootA "/usr/share/fonts/opentype/urw-base35/C059-BdIta.otf" -> drive Z:, root="/", name="/usr/share/fonts/opentype/urw-base35/C059-BdIta.otf"
0078:trace:file:NtReadFile (0xcc,0xfc,(nil),(nil),0x7ffffe8de2d8,0x7ffffe8deef0,0x00000008,(nil),(nil))
0074:trace:file:find_drive_rootA "/usr/share/fonts/opentype/urw-base35/C059-Bold.otf" -> drive Z:, root="/", name="/usr/share/fonts/opentype/urw-base35/C059-Bold.otf"
0078:trace:file:NtReadFile (0xcc,0xfc,(nil),(nil),0x7ffffe8de2d8,0x7fffff5f1210,0x00000030,(nil),(nil))
0074:trace:file:find_drive_rootA "/usr/share/fonts/opentype/urw-base35/C059-Italic.otf" -> drive Z:, root="/", name="/usr/share/fonts/opentype/urw-base35/C059-Italic.otf"
0078:trace:file:NtReadFile (0xcc,0xfc,(nil),(nil),0x7ffffe8de2d8,0x7fffff4efd80,0x00000010,(nil),(nil))
0074:trace:file:find_drive_rootA "/usr/share/fonts/opentype/urw-base35/C059-Roman.otf" -> drive Z:, root="/", name="/usr/share/fonts/opentype/urw-base35/C059-Roman.otf"
0050:trace:file:NtWriteFile (0xcc,0x104,(nil),(nil),0x7fffff1ef970,0x7ffffe8dd410,0x0000001c,(nil),(nil))
0074:trace:file:find_drive_rootA "/usr/share/fonts/opentype/urw-base35/D050000L.otf" -> drive Z:, root="/", name="/usr/share/fonts/opentype/urw-base35/D050000L.otf"
0074:trace:file:find_drive_rootA "/usr/share/fonts/opentype/urw-base35/NimbusMonoPS-Bold.otf" -> drive Z:, root="/", name="/usr/share/fonts/opentype/urw-base35/NimbusMonoPS-Bold.otf"
007c:trace:file:NtReadFile (0x24,0x28,(nil),(nil),0x7ffffe8d4188,0x7ffffe8d43c0,0x00000008,(nil),(nil))
0074:trace:file:find_drive_rootA "/usr/share/fonts/opentype/urw-base35/NimbusMonoPS-BoldItalic.otf" -> drive Z:, root="/", name="/usr/share/fonts/opentype/urw-base35/NimbusMonoPS-BoldItalic.otf"
007c:trace:file:NtReadFile (0x24,0x28,(nil),(nil),0x7ffffe8d4188,0x7ffffe8d43e0,0x00000004,(nil),(nil))
0074:trace:file:find_drive_rootA "/usr/share/fonts/opentype/urw-base35/NimbusMonoPS-Italic.otf" -> drive Z:, root="/", name="/usr/share/fonts/opentype/urw-base35/NimbusMonoPS-Italic.otf"
0074:trace:file:find_drive_rootA "/usr/share/fonts/opentype/urw-base35/NimbusMonoPS-Regular.otf" -> drive Z:, root="/", name="/usr/share/fonts/opentype/urw-base35/NimbusMonoPS-Regular.otf"
0074:trace:file:find_drive_rootA "/usr/share/fonts/opentype/urw-base35/NimbusRoman-Bold.otf" -> drive Z:, root="/", name="/usr/share/fonts/opentype/urw-base35/NimbusRoman-Bold.otf"
007c:trace:file:RtlDosPathNameToNtPathName_U_WithStatus (L"C:\\windows\\system32\\drivers\\winebus.sys",00007FFFFEC0F720,0000000000000000,0000000000000000)
0074:trace:file:find_drive_rootA "/usr/share/fonts/opentype/urw-base35/NimbusRoman-BoldItalic.otf" -> drive Z:, root="/", name="/usr/share/fonts/opentype/urw-base35/NimbusRoman-BoldItalic.otf"
007c:trace:file:RtlGetFullPathName_U (L"C:\\windows\\system32\\drivers\\winebus.sys" 520 00007FFFFEC0F2F0 0000000000000000)
0074:trace:file:find_drive_rootA "/usr/share/fonts/opentype/urw-base35/NimbusRoman-Italic.otf" -> drive Z:, root="/", name="/usr/share/fonts/opentype/urw-base35/NimbusRoman-Italic.otf"
007c:trace:file:NtCreateFile handle=0x7ffffec0f338 access=80100000 name=L"\\??\\C:\\windows\\system32\\drivers\\winebus.sys" objattr=00000040 root=(nil) sec=(nil) io=0x7ffffec0f340 alloc_size=(nil) attr=00000000 sharing=00000005 disp=1 options=00000060 ea=(nil).0x00000000
0074:trace:file:find_drive_rootA "/usr/share/fonts/opentype/urw-base35/NimbusRoman-Regular.otf" -> drive Z:, root="/", name="/usr/share/fonts/opentype/urw-base35/NimbusRoman-Regular.otf"
007c:trace:file:nt_to_unix_file_name_no_root L"\\??\\C:\\windows\\system32\\drivers\\winebus.sys" -> "/home/k/.wine/dosdevices/c:/windows/system32/drivers/winebus.sys"
0074:trace:file:find_drive_rootA "/usr/share/fonts/opentype/urw-base35/NimbusSans-Bold.otf" -> drive Z:, root="/", name="/usr/share/fonts/opentype/urw-base35/NimbusSans-Bold.otf"
007c:trace:file:NtFsControlFile (0x50,(nil),(nil),(nil),0x7ffffec0f340,0x0009009c,(nil),0x00000000,0x7ffffec0f380,0x00000040)
0074:trace:file:find_drive_rootA "/usr/share/fonts/opentype/urw-base35/NimbusSans-BoldItalic.otf" -> drive Z:, root="/", name="/usr/share/fonts/opentype/urw-base35/NimbusSans-BoldItalic.otf"
0074:trace:file:find_drive_rootA "/usr/share/fonts/opentype/urw-base35/NimbusSans-Italic.otf" -> drive Z:, root="/", name="/usr/share/fonts/opentype/urw-base35/NimbusSans-Italic.otf"
0074:trace:file:find_drive_rootA "/usr/share/fonts/opentype/urw-base35/NimbusSans-Regular.otf" -> drive Z:, root="/", name="/usr/share/fonts/opentype/urw-base35/NimbusSans-Regular.otf"
0074:trace:file:find_drive_rootA "/usr/share/fonts/opentype/urw-base35/NimbusSansNarrow-Bold.otf" -> drive Z:, root="/", name="/usr/share/fonts/opentype/urw-base35/NimbusSansNarrow-Bold.otf"
0074:trace:file:find_drive_rootA "/usr/share/fonts/opentype/urw-base35/NimbusSansNarrow-BoldOblique.otf" -> drive Z:, root="/", name="/usr/share/fonts/opentype/urw-base35/NimbusSansNarrow-BoldOblique.otf"
0074:trace:file:find_drive_rootA "/usr/share/fonts/opentype/urw-base35/NimbusSansNarrow-Oblique.otf" -> drive Z:, root="/", name="/usr/share/fonts/opentype/urw-base35/NimbusSansNarrow-Oblique.otf"
0074:trace:file:find_drive_rootA "/usr/share/fonts/opentype/urw-base35/NimbusSansNarrow-Regular.otf" -> drive Z:, root="/", name="/usr/share/fonts/opentype/urw-base35/NimbusSansNarrow-Regular.otf"
0074:trace:file:find_drive_rootA "/usr/share/fonts/opentype/urw-base35/P052-Bold.otf" -> drive Z:, root="/", name="/usr/share/fonts/opentype/urw-base35/P052-Bold.otf"
0074:trace:file:find_drive_rootA "/usr/share/fonts/opentype/urw-base35/P052-BoldItalic.otf" -> drive Z:, root="/", name="/usr/share/fonts/opentype/urw-base35/P052-BoldItalic.otf"
0074:trace:file:find_drive_rootA "/usr/share/fonts/opentype/urw-base35/P052-Italic.otf" -> drive Z:, root="/", name="/usr/share/fonts/opentype/urw-base35/P052-Italic.otf"
0074:trace:file:find_drive_rootA "/usr/share/fonts/opentype/urw-base35/P052-Roman.otf" -> drive Z:, root="/", name="/usr/share/fonts/opentype/urw-base35/P052-Roman.otf"
007c:trace:file:RtlDosPathNameToNtPathName_U_WithStatus (L"C:\\windows\\system32\\drivers\\hidparse.sys",00007FFFFEC0F090,0000000000000000,0000000000000000)
0074:trace:file:find_drive_rootA "/usr/share/fonts/opentype/urw-base35/StandardSymbolsPS.otf" -> drive Z:, root="/", name="/usr/share/fonts/opentype/urw-base35/StandardSymbolsPS.otf"
007c:trace:file:RtlGetFullPathName_U (L"C:\\windows\\system32\\drivers\\hidparse.sys" 520 00007FFFFEC0EBD0 0000000000000000)
0074:trace:file:find_drive_rootA "/usr/share/fonts/opentype/urw-base35/URWBookman-Demi.otf" -> drive Z:, root="/", name="/usr/share/fonts/opentype/urw-base35/URWBookman-Demi.otf"
007c:trace:file:NtCreateFile handle=0x7ffffec0ec18 access=80100000 name=L"\\??\\C:\\windows\\system32\\drivers\\hidparse.sys" objattr=00000040 root=(nil) sec=(nil) io=0x7ffffec0ec20 alloc_size=(nil) attr=00000000 sharing=00000005 disp=1 options=00000060 ea=(nil).0x00000000
0074:trace:file:find_drive_rootA "/usr/share/fonts/opentype/urw-base35/URWBookman-DemiItalic.otf" -> drive Z:, root="/", name="/usr/share/fonts/opentype/urw-base35/URWBookman-DemiItalic.otf"
007c:trace:file:nt_to_unix_file_name_no_root L"\\??\\C:\\windows\\system32\\drivers\\hidparse.sys" -> "/home/k/.wine/dosdevices/c:/windows/system32/drivers/hidparse.sys"
0074:trace:file:find_drive_rootA "/usr/share/fonts/opentype/urw-base35/URWBookman-Light.otf" -> drive Z:, root="/", name="/usr/share/fonts/opentype/urw-base35/URWBookman-Light.otf"
007c:trace:file:NtFsControlFile (0x50,(nil),(nil),(nil),0x7ffffec0ec20,0x0009009c,(nil),0x00000000,0x7ffffec0ec60,0x00000040)
0074:trace:file:find_drive_rootA "/usr/share/fonts/opentype/urw-base35/URWBookman-LightItalic.otf" -> drive Z:, root="/", name="/usr/share/fonts/opentype/urw-base35/URWBookman-LightItalic.otf"
0074:trace:file:find_drive_rootA "/usr/share/fonts/opentype/urw-base35/URWGothic-Book.otf" -> drive Z:, root="/", name="/usr/share/fonts/opentype/urw-base35/URWGothic-Book.otf"
0074:trace:file:find_drive_rootA "/usr/share/fonts/opentype/urw-base35/URWGothic-BookOblique.otf" -> drive Z:, root="/", name="/usr/share/fonts/opentype/urw-base35/URWGothic-BookOblique.otf"
0074:trace:file:find_drive_rootA "/usr/share/fonts/opentype/urw-base35/URWGothic-Demi.otf" -> drive Z:, root="/", name="/usr/share/fonts/opentype/urw-base35/URWGothic-Demi.otf"
0074:trace:file:find_drive_rootA "/usr/share/fonts/opentype/urw-base35/URWGothic-DemiOblique.otf" -> drive Z:, root="/", name="/usr/share/fonts/opentype/urw-base35/URWGothic-DemiOblique.otf"
0074:trace:file:find_drive_rootA "/usr/share/fonts/opentype/urw-base35/Z003-MediumItalic.otf" -> drive Z:, root="/", name="/usr/share/fonts/opentype/urw-base35/Z003-MediumItalic.otf"
0074:trace:file:find_drive_rootA "/usr/share/fonts/truetype/dejavu/DejaVuMathTeXGyre.ttf" -> drive Z:, root="/", name="/usr/share/fonts/truetype/dejavu/DejaVuMathTeXGyre.ttf"
0074:trace:file:find_drive_rootA "/usr/share/fonts/truetype/dejavu/DejaVuSans-Bold.ttf" -> drive Z:, root="/", name="/usr/share/fonts/truetype/dejavu/DejaVuSans-Bold.ttf"
0074:trace:file:find_drive_rootA "/usr/share/fonts/truetype/dejavu/DejaVuSans-BoldOblique.ttf" -> drive Z:, root="/", name="/usr/share/fonts/truetype/dejavu/DejaVuSans-BoldOblique.ttf"
0074:trace:file:find_drive_rootA "/usr/share/fonts/truetype/dejavu/DejaVuSans-ExtraLight.ttf" -> drive Z:, root="/", name="/usr/share/fonts/truetype/dejavu/DejaVuSans-ExtraLight.ttf"
0074:trace:file:find_drive_rootA "/usr/share/fonts/truetype/dejavu/DejaVuSans-Oblique.ttf" -> drive Z:, root="/", name="/usr/share/fonts/truetype/dejavu/DejaVuSans-Oblique.ttf"
0074:trace:file:find_drive_rootA "/usr/share/fonts/truetype/dejavu/DejaVuSans.ttf" -> drive Z:, root="/", name="/usr/share/fonts/truetype/dejavu/DejaVuSans.ttf"
0074:trace:file:find_drive_rootA "/usr/share/fonts/truetype/dejavu/DejaVuSansCondensed-Bold.ttf" -> drive Z:, root="/", name="/usr/share/fonts/truetype/dejavu/DejaVuSansCondensed-Bold.ttf"
0074:trace:file:find_drive_rootA "/usr/share/fonts/truetype/dejavu/DejaVuSansCondensed-BoldOblique.ttf" -> drive Z:, root="/", name="/usr/share/fonts/truetype/dejavu/DejaVuSansCondensed-BoldOblique.ttf"
0074:trace:file:find_drive_rootA "/usr/share/fonts/truetype/dejavu/DejaVuSansCondensed-Oblique.ttf" -> drive Z:, root="/", name="/usr/share/fonts/truetype/dejavu/DejaVuSansCondensed-Oblique.ttf"
0074:trace:file:find_drive_rootA "/usr/share/fonts/truetype/dejavu/DejaVuSansCondensed.ttf" -> drive Z:, root="/", name="/usr/share/fonts/truetype/dejavu/DejaVuSansCondensed.ttf"
0074:trace:file:find_drive_rootA "/usr/share/fonts/truetype/dejavu/DejaVuSansMono-Bold.ttf" -> drive Z:, root="/", name="/usr/share/fonts/truetype/dejavu/DejaVuSansMono-Bold.ttf"
0074:trace:file:find_drive_rootA "/usr/share/fonts/truetype/dejavu/DejaVuSansMono-BoldOblique.ttf" -> drive Z:, root="/", name="/usr/share/fonts/truetype/dejavu/DejaVuSansMono-BoldOblique.ttf"
0074:trace:file:find_drive_rootA "/usr/share/fonts/truetype/dejavu/DejaVuSansMono-Oblique.ttf" -> drive Z:, root="/", name="/usr/share/fonts/truetype/dejavu/DejaVuSansMono-Oblique.ttf"
0074:trace:file:find_drive_rootA "/usr/share/fonts/truetype/dejavu/DejaVuSansMono.ttf" -> drive Z:, root="/", name="/usr/share/fonts/truetype/dejavu/DejaVuSansMono.ttf"
0074:trace:file:find_drive_rootA "/usr/share/fonts/truetype/dejavu/DejaVuSerif-Bold.ttf" -> drive Z:, root="/", name="/usr/share/fonts/truetype/dejavu/DejaVuSerif-Bold.ttf"
0074:trace:file:find_drive_rootA "/usr/share/fonts/truetype/dejavu/DejaVuSerif-BoldItalic.ttf" -> drive Z:, root="/", name="/usr/share/fonts/truetype/dejavu/DejaVuSerif-BoldItalic.ttf"
0074:trace:file:find_drive_rootA "/usr/share/fonts/truetype/dejavu/DejaVuSerif-Italic.ttf" -> drive Z:, root="/", name="/usr/share/fonts/truetype/dejavu/DejaVuSerif-Italic.ttf"
0074:trace:file:find_drive_rootA "/usr/share/fonts/truetype/dejavu/DejaVuSerif.ttf" -> drive Z:, root="/", name="/usr/share/fonts/truetype/dejavu/DejaVuSerif.ttf"
0074:trace:file:find_drive_rootA "/usr/share/fonts/truetype/dejavu/DejaVuSerifCondensed-Bold.ttf" -> drive Z:, root="/", name="/usr/share/fonts/truetype/dejavu/DejaVuSerifCondensed-Bold.ttf"
0074:trace:file:find_drive_rootA "/usr/share/fonts/truetype/dejavu/DejaVuSerifCondensed-BoldItalic.ttf" -> drive Z:, root="/", name="/usr/share/fonts/truetype/dejavu/DejaVuSerifCondensed-BoldItalic.ttf"
007c:trace:file:NtWriteFile (0x24,0x28,(nil),(nil),0x7ffffec0ea90,0x7ffffe8d4590,0x00000024,(nil),(nil))
0074:trace:file:find_drive_rootA "/usr/share/fonts/truetype/dejavu/DejaVuSerifCondensed-Italic.ttf" -> drive Z:, root="/", name="/usr/share/fonts/truetype/dejavu/DejaVuSerifCondensed-Italic.ttf"
007c:trace:file:NtReadFile (0x24,0x28,(nil),(nil),0x7ffffe8d4188,0x7ffffec0eb30,0x00000010,(nil),(nil))
0074:trace:file:find_drive_rootA "/usr/share/fonts/truetype/dejavu/DejaVuSerifCondensed.ttf" -> drive Z:, root="/", name="/usr/share/fonts/truetype/dejavu/DejaVuSerifCondensed.ttf"
0078:trace:file:NtReadFile (0xcc,0xfc,(nil),(nil),0x7ffffe8de2d8,0x7ffffe8deef0,0x00000008,(nil),(nil))
0074:trace:file:find_drive_rootA "/usr/share/fonts/truetype/droid/DroidSansFallbackFull.ttf" -> drive Z:, root="/", name="/usr/share/fonts/truetype/droid/DroidSansFallbackFull.ttf"
0078:trace:file:NtReadFile (0xcc,0xfc,(nil),(nil),0x7ffffe8de2d8,0x7ffffe8def10,0x0000000c,(nil),(nil))
0074:trace:file:find_drive_rootA "/usr/share/fonts/truetype/liberation/LiberationMono-Bold.ttf" -> drive Z:, root="/", name="/usr/share/fonts/truetype/liberation/LiberationMono-Bold.ttf"
0078:trace:file:NtReadFile (0xcc,0xfc,(nil),(nil),0x7ffffe8de2d8,0x7fffff4efd80,0x00000010,(nil),(nil))
0074:trace:file:find_drive_rootA "/usr/share/fonts/truetype/liberation/LiberationMono-BoldItalic.ttf" -> drive Z:, root="/", name="/usr/share/fonts/truetype/liberation/LiberationMono-BoldItalic.ttf"
0050:trace:file:NtWriteFile (0xcc,0x104,(nil),(nil),0x7fffff1ef970,0x7fffff5f0a70,0x00000030,(nil),(nil))
0074:trace:file:find_drive_rootA "/usr/share/fonts/truetype/liberation/LiberationMono-Italic.ttf" -> drive Z:, root="/", name="/usr/share/fonts/truetype/liberation/LiberationMono-Italic.ttf"
0074:trace:file:find_drive_rootA "/usr/share/fonts/truetype/liberation/LiberationMono-Regular.ttf" -> drive Z:, root="/", name="/usr/share/fonts/truetype/liberation/LiberationMono-Regular.ttf"
007c:trace:file:NtReadFile (0x24,0x28,(nil),(nil),0x7ffffe8d4188,0x7ffffe8d4540,0x00000008,(nil),(nil))
0074:trace:file:find_drive_rootA "/usr/share/fonts/truetype/liberation/LiberationSans-Bold.ttf" -> drive Z:, root="/", name="/usr/share/fonts/truetype/liberation/LiberationSans-Bold.ttf"
007c:trace:file:NtReadFile (0x24,0x28,(nil),(nil),0x7ffffe8d4188,0x7ffffe8d4590,0x00000018,(nil),(nil))
0074:trace:file:find_drive_rootA "/usr/share/fonts/truetype/liberation/LiberationSans-BoldItalic.ttf" -> drive Z:, root="/", name="/usr/share/fonts/truetype/liberation/LiberationSans-BoldItalic.ttf"
007c:trace:file:NtWriteFile (0x24,0x28,(nil),(nil),0x7ffffec0eaa0,0x7ffffe8d6350,0x0000004c,(nil),(nil))
0074:trace:file:find_drive_rootA "/usr/share/fonts/truetype/liberation/LiberationSans-Italic.ttf" -> drive Z:, root="/", name="/usr/share/fonts/truetype/liberation/LiberationSans-Italic.ttf"
007c:trace:file:NtReadFile (0x24,0x28,(nil),(nil),0x7ffffe8d4188,0x7ffffec0eb40,0x00000010,(nil),(nil))
0074:trace:file:find_drive_rootA "/usr/share/fonts/truetype/liberation/LiberationSans-Regular.ttf" -> drive Z:, root="/", name="/usr/share/fonts/truetype/liberation/LiberationSans-Regular.ttf"
0078:trace:file:NtReadFile (0xcc,0xfc,(nil),(nil),0x7ffffe8de2d8,0x7ffffe8deef0,0x00000008,(nil),(nil))
0074:trace:file:find_drive_rootA "/usr/share/fonts/truetype/liberation/LiberationSerif-Bold.ttf" -> drive Z:, root="/", name="/usr/share/fonts/truetype/liberation/LiberationSerif-Bold.ttf"
0078:trace:file:NtReadFile (0xcc,0xfc,(nil),(nil),0x7ffffe8de2d8,0x7fffff5f1210,0x00000034,(nil),(nil))
0074:trace:file:find_drive_rootA "/usr/share/fonts/truetype/liberation/LiberationSerif-BoldItalic.ttf" -> drive Z:, root="/", name="/usr/share/fonts/truetype/liberation/LiberationSerif-BoldItalic.ttf"
0078:trace:file:NtReadFile (0xcc,0xfc,(nil),(nil),0x7ffffe8de2d8,0x7fffff4efd80,0x00000010,(nil),(nil))
0074:trace:file:find_drive_rootA "/usr/share/fonts/truetype/liberation/LiberationSerif-Italic.ttf" -> drive Z:, root="/", name="/usr/share/fonts/truetype/liberation/LiberationSerif-Italic.ttf"
0050:trace:file:NtWriteFile (0xcc,0x104,(nil),(nil),0x7fffff1ef970,0x7fffff5f0ab0,0x00000030,(nil),(nil))
0074:trace:file:find_drive_rootA "/usr/share/fonts/truetype/liberation/LiberationSerif-Regular.ttf" -> drive Z:, root="/", name="/usr/share/fonts/truetype/liberation/LiberationSerif-Regular.ttf"
007c:trace:file:NtReadFile (0x24,0x28,(nil),(nil),0x7ffffe8d4188,0x7ffffe8d45d0,0x00000008,(nil),(nil))
0074:trace:file:find_drive_rootA "/usr/share/fonts/truetype/libreoffice/opens___.ttf" -> drive Z:, root="/", name="/usr/share/fonts/truetype/libreoffice/opens___.ttf"
007c:trace:file:NtReadFile (0x24,0x28,(nil),(nil),0x7ffffe8d4188,0x7ffffe8d45f0,0x00000018,(nil),(nil))
0074:trace:file:find_drive_rootA "/usr/share/fonts/truetype/noto/NotoColorEmoji.ttf" -> drive Z:, root="/", name="/usr/share/fonts/truetype/noto/NotoColorEmoji.ttf"
007c:trace:file:NtWriteFile (0x24,0x28,(nil),(nil),0x7ffffec0eae0,0x7ffffe8d6270,0x0000002c,(nil),(nil))
0074:trace:file:find_drive_rootA "/usr/share/fonts/truetype/noto/NotoKufiArabic-Bold.ttf" -> drive Z:, root="/", name="/usr/share/fonts/truetype/noto/NotoKufiArabic-Bold.ttf"
007c:trace:file:NtReadFile (0x24,0x28,(nil),(nil),0x7ffffe8d4188,0x7ffffec0eb80,0x00000010,(nil),(nil))
0078:trace:file:NtReadFile (0xcc,0xfc,(nil),(nil),0x7ffffe8de2d8,0x7ffffe8deef0,0x00000008,(nil),(nil))
0074:trace:file:find_drive_rootA "/usr/share/fonts/truetype/noto/NotoKufiArabic-Regular.ttf" -> drive Z:, root="/", name="/usr/share/fonts/truetype/noto/NotoKufiArabic-Regular.ttf"
0078:trace:file:NtReadFile (0xcc,0xfc,(nil),(nil),0x7ffffe8de2d8,0x7ffffe8def10,0x00000014,(nil),(nil))
0074:trace:file:find_drive_rootA "/usr/share/fonts/truetype/noto/NotoLoopedLao-Bold.ttf" -> drive Z:, root="/", name="/usr/share/fonts/truetype/noto/NotoLoopedLao-Bold.ttf"
0078:trace:file:NtReadFile (0xcc,0xfc,(nil),(nil),0x7ffffe8de2d8,0x7fffff4efd80,0x00000010,(nil),(nil))
0074:trace:file:find_drive_rootA "/usr/share/fonts/truetype/noto/NotoLoopedLao-Regular.ttf" -> drive Z:, root="/", name="/usr/share/fonts/truetype/noto/NotoLoopedLao-Regular.ttf"
0050:trace:file:NtWriteFile (0xcc,0x104,(nil),(nil),0x7fffff1ef970,0x7fffff5f0ab0,0x00000030,(nil),(nil))
0074:trace:file:find_drive_rootA "/usr/share/fonts/truetype/noto/NotoLoopedThai-Bold.ttf" -> drive Z:, root="/", name="/usr/share/fonts/truetype/noto/NotoLoopedThai-Bold.ttf"
0074:trace:file:find_drive_rootA "/usr/share/fonts/truetype/noto/NotoLoopedThai-Regular.ttf" -> drive Z:, root="/", name="/usr/share/fonts/truetype/noto/NotoLoopedThai-Regular.ttf"
007c:trace:file:NtReadFile (0x24,0x28,(nil),(nil),0x7ffffe8d4188,0x7ffffe8d4690,0x00000008,(nil),(nil))
0074:trace:file:find_drive_rootA "/usr/share/fonts/truetype/noto/NotoMono-Regular.ttf" -> drive Z:, root="/", name="/usr/share/fonts/truetype/noto/NotoMono-Regular.ttf"
007c:trace:file:NtReadFile (0x24,0x28,(nil),(nil),0x7ffffe8d4188,0x7ffffe8d46b0,0x00000018,(nil),(nil))
0074:trace:file:find_drive_rootA "/usr/share/fonts/truetype/noto/NotoMusic-Regular.ttf" -> drive Z:, root="/", name="/usr/share/fonts/truetype/noto/NotoMusic-Regular.ttf"
007c:trace:file:NtWriteFile (0x24,0x28,(nil),(nil),0x7ffffec0ea70,0x7ffffe8d61d0,0x00000030,(nil),(nil))
0074:trace:file:find_drive_rootA "/usr/share/fonts/truetype/noto/NotoNaskhArabic-Bold.ttf" -> drive Z:, root="/", name="/usr/share/fonts/truetype/noto/NotoNaskhArabic-Bold.ttf"
007c:trace:file:NtReadFile (0x24,0x28,(nil),(nil),0x7ffffe8d4188,0x7ffffec0eb10,0x00000010,(nil),(nil))
0074:trace:file:find_drive_rootA "/usr/share/fonts/truetype/noto/NotoNaskhArabic-Regular.ttf" -> drive Z:, root="/", name="/usr/share/fonts/truetype/noto/NotoNaskhArabic-Regular.ttf"
0078:trace:file:NtReadFile (0xcc,0xfc,(nil),(nil),0x7ffffe8de2d8,0x7ffffe8deef0,0x00000008,(nil),(nil))
0074:trace:file:find_drive_rootA "/usr/share/fonts/truetype/noto/NotoNastaliqUrdu-Bold.ttf" -> drive Z:, root="/", name="/usr/share/fonts/truetype/noto/NotoNastaliqUrdu-Bold.ttf"
0078:trace:file:NtReadFile (0xcc,0xfc,(nil),(nil),0x7ffffe8de2d8,0x7ffffe8def10,0x00000018,(nil),(nil))
0074:trace:file:find_drive_rootA "/usr/share/fonts/truetype/noto/NotoNastaliqUrdu-Regular.ttf" -> drive Z:, root="/", name="/usr/share/fonts/truetype/noto/NotoNastaliqUrdu-Regular.ttf"
0078:trace:file:NtReadFile (0xcc,0xfc,(nil),(nil),0x7ffffe8de2d8,0x7fffff4efd80,0x00000010,(nil),(nil))
0050:trace:file:NtWriteFile (0xcc,0x104,(nil),(nil),0x7fffff1ef970,0x7ffffe8dfb40,0x00000114,(nil),(nil))
0074:trace:file:find_drive_rootA "/usr/share/fonts/truetype/noto/NotoRashiHebrew-Bold.ttf" -> drive Z:, root="/", name="/usr/share/fonts/truetype/noto/NotoRashiHebrew-Bold.ttf"
0074:trace:file:find_drive_rootA "/usr/share/fonts/truetype/noto/NotoRashiHebrew-Regular.ttf" -> drive Z:, root="/", name="/usr/share/fonts/truetype/noto/NotoRashiHebrew-Regular.ttf"
007c:trace:file:NtReadFile (0x24,0x28,(nil),(nil),0x7ffffe8d4188,0x7ffffe8d4540,0x00000008,(nil),(nil))
0074:trace:file:find_drive_rootA "/usr/share/fonts/truetype/noto/NotoSans-Bold.ttf" -> drive Z:, root="/", name="/usr/share/fonts/truetype/noto/NotoSans-Bold.ttf"
007c:trace:file:NtReadFile (0x24,0x28,(nil),(nil),0x7ffffe8d4188,0x7ffffe8d63e0,0x000000fc,(nil),(nil))
0074:trace:file:find_drive_rootA "/usr/share/fonts/truetype/noto/NotoSans-BoldItalic.ttf" -> drive Z:, root="/", name="/usr/share/fonts/truetype/noto/NotoSans-BoldItalic.ttf"
007c:trace:file:NtWriteFile (0x24,0x28,(nil),(nil),0x7ffffec0ea70,0x7ffffe8d61d0,0x00000030,(nil),(nil))
0074:trace:file:find_drive_rootA "/usr/share/fonts/truetype/noto/NotoSans-Italic.ttf" -> drive Z:, root="/", name="/usr/share/fonts/truetype/noto/NotoSans-Italic.ttf"
007c:trace:file:NtReadFile (0x24,0x28,(nil),(nil),0x7ffffe8d4188,0x7ffffec0eb10,0x00000010,(nil),(nil))
0074:trace:file:find_drive_rootA "/usr/share/fonts/truetype/noto/NotoSans-Regular.ttf" -> drive Z:, root="/", name="/usr/share/fonts/truetype/noto/NotoSans-Regular.ttf"
0078:trace:file:NtReadFile (0xcc,0xfc,(nil),(nil),0x7ffffe8de2d8,0x7ffffe8deef0,0x00000008,(nil),(nil))
0074:trace:file:find_drive_rootA "/usr/share/fonts/truetype/noto/NotoSansAdlam-Bold.ttf" -> drive Z:, root="/", name="/usr/share/fonts/truetype/noto/NotoSansAdlam-Bold.ttf"
0078:trace:file:NtReadFile (0xcc,0xfc,(nil),(nil),0x7ffffe8de2d8,0x7ffffe8def10,0x00000018,(nil),(nil))
0074:trace:file:find_drive_rootA "/usr/share/fonts/truetype/noto/NotoSansAdlam-Regular.ttf" -> drive Z:, root="/", name="/usr/share/fonts/truetype/noto/NotoSansAdlam-Regular.ttf"
0078:trace:file:NtReadFile (0xcc,0xfc,(nil),(nil),0x7ffffe8de2d8,0x7fffff4efd80,0x00000010,(nil),(nil))
0074:trace:file:find_drive_rootA "/usr/share/fonts/truetype/noto/NotoSansAdlamUnjoined-Bold.ttf" -> drive Z:, root="/", name="/usr/share/fonts/truetype/noto/NotoSansAdlamUnjoined-Bold.ttf"
0050:trace:file:NtWriteFile (0xcc,0x104,(nil),(nil),0x7fffff1ef970,0x7ffffe8dfb40,0x00000114,(nil),(nil))
0074:trace:file:find_drive_rootA "/usr/share/fonts/truetype/noto/NotoSansAdlamUnjoined-Regular.ttf" -> drive Z:, root="/", name="/usr/share/fonts/truetype/noto/NotoSansAdlamUnjoined-Regular.ttf"
0074:trace:file:find_drive_rootA "/usr/share/fonts/truetype/noto/NotoSansAnatolianHieroglyphs-Regular.ttf" -> drive Z:, root="/", name="/usr/share/fonts/truetype/noto/NotoSansAnatolianHieroglyphs-Regular.ttf"
007c:trace:file:NtReadFile (0x24,0x28,(nil),(nil),0x7ffffe8d4188,0x7ffffe8d4540,0x00000008,(nil),(nil))
0074:trace:file:find_drive_rootA "/usr/share/fonts/truetype/noto/NotoSansArabic-Bold.ttf" -> drive Z:, root="/", name="/usr/share/fonts/truetype/noto/NotoSansArabic-Bold.ttf"
007c:trace:file:NtReadFile (0x24,0x28,(nil),(nil),0x7ffffe8d4188,0x7ffffe8d63e0,0x000000fc,(nil),(nil))
0074:trace:file:find_drive_rootA "/usr/share/fonts/truetype/noto/NotoSansArabic-Regular.ttf" -> drive Z:, root="/", name="/usr/share/fonts/truetype/noto/NotoSansArabic-Regular.ttf"
007c:trace:file:NtWriteFile (0x24,0x28,(nil),(nil),0x7ffffec0eae0,0x7ffffe8d61d0,0x0000002c,(nil),(nil))
0074:trace:file:find_drive_rootA "/usr/share/fonts/truetype/noto/NotoSansArmenian-Bold.ttf" -> drive Z:, root="/", name="/usr/share/fonts/truetype/noto/NotoSansArmenian-Bold.ttf"
007c:trace:file:NtReadFile (0x24,0x28,(nil),(nil),0x7ffffe8d4188,0x7ffffec0eb80,0x00000010,(nil),(nil))
0074:trace:file:find_drive_rootA "/usr/share/fonts/truetype/noto/NotoSansArmenian-Regular.ttf" -> drive Z:, root="/", name="/usr/share/fonts/truetype/noto/NotoSansArmenian-Regular.ttf"
0078:trace:file:NtReadFile (0xcc,0xfc,(nil),(nil),0x7ffffe8de2d8,0x7ffffe8deef0,0x00000008,(nil),(nil))
0074:trace:file:find_drive_rootA "/usr/share/fonts/truetype/noto/NotoSansAvestan-Regular.ttf" -> drive Z:, root="/", name="/usr/share/fonts/truetype/noto/NotoSansAvestan-Regular.ttf"
0078:trace:file:NtReadFile (0xcc,0xfc,(nil),(nil),0x7ffffe8de2d8,0x7ffffe8def10,0x00000014,(nil),(nil))
0074:trace:file:find_drive_rootA "/usr/share/fonts/truetype/noto/NotoSansBalinese-Bold.ttf" -> drive Z:, root="/", name="/usr/share/fonts/truetype/noto/NotoSansBalinese-Bold.ttf"
0078:trace:file:NtReadFile (0xcc,0xfc,(nil),(nil),0x7ffffe8de2d8,0x7fffff4efd80,0x00000010,(nil),(nil))
0074:trace:file:find_drive_rootA "/usr/share/fonts/truetype/noto/NotoSansBalinese-Regular.ttf" -> drive Z:, root="/", name="/usr/share/fonts/truetype/noto/NotoSansBalinese-Regular.ttf"
0050:trace:file:NtWriteFile (0xcc,0x104,(nil),(nil),0x7fffff1ef970,0x7fffff5f0a70,0x00000030,(nil),(nil))
0074:trace:file:find_drive_rootA "/usr/share/fonts/truetype/noto/NotoSansBamum-Bold.ttf" -> drive Z:, root="/", name="/usr/share/fonts/truetype/noto/NotoSansBamum-Bold.ttf"
0074:trace:file:find_drive_rootA "/usr/share/fonts/truetype/noto/NotoSansBamum-Regular.ttf" -> drive Z:, root="/", name="/usr/share/fonts/truetype/noto/NotoSansBamum-Regular.ttf"
007c:trace:file:NtReadFile (0x24,0x28,(nil),(nil),0x7ffffe8d4188,0x7ffffe8d4540,0x00000008,(nil),(nil))
0074:trace:file:find_drive_rootA "/usr/share/fonts/truetype/noto/NotoSansBassaVah-Regular.ttf" -> drive Z:, root="/", name="/usr/share/fonts/truetype/noto/NotoSansBassaVah-Regular.ttf"
007c:trace:file:NtReadFile (0x24,0x28,(nil),(nil),0x7ffffe8d4188,0x7ffffe8d4590,0x00000018,(nil),(nil))
0074:trace:file:find_drive_rootA "/usr/share/fonts/truetype/noto/NotoSansBatak-Regular.ttf" -> drive Z:, root="/", name="/usr/share/fonts/truetype/noto/NotoSansBatak-Regular.ttf"
0074:trace:file:find_drive_rootA "/usr/share/fonts/truetype/noto/NotoSansBengali-Bold.ttf" -> drive Z:, root="/", name="/usr/share/fonts/truetype/noto/NotoSansBengali-Bold.ttf"
0074:trace:file:find_drive_rootA "/usr/share/fonts/truetype/noto/NotoSansBengali-Regular.ttf" -> drive Z:, root="/", name="/usr/share/fonts/truetype/noto/NotoSansBengali-Regular.ttf"
0084:trace:file:NtQueryObject (0xfffffffffffffffe,0x00000002,0x7fffff20fbe0,0x00000100,0x7fffff20fbdc)
0074:trace:file:find_drive_rootA "/usr/share/fonts/truetype/noto/NotoSansBhaiksuki-Regular.ttf" -> drive Z:, root="/", name="/usr/share/fonts/truetype/noto/NotoSansBhaiksuki-Regular.ttf"
0074:trace:file:find_drive_rootA "/usr/share/fonts/truetype/noto/NotoSansBrahmi-Regular.ttf" -> drive Z:, root="/", name="/usr/share/fonts/truetype/noto/NotoSansBrahmi-Regular.ttf"
0074:trace:file:find_drive_rootA "/usr/share/fonts/truetype/noto/NotoSansBuginese-Regular.ttf" -> drive Z:, root="/", name="/usr/share/fonts/truetype/noto/NotoSansBuginese-Regular.ttf"
0074:trace:file:find_drive_rootA "/usr/share/fonts/truetype/noto/NotoSansBuhid-Regular.ttf" -> drive Z:, root="/", name="/usr/share/fonts/truetype/noto/NotoSansBuhid-Regular.ttf"
0074:trace:file:find_drive_rootA "/usr/share/fonts/truetype/noto/NotoSansCanadianAboriginal-Bold.ttf" -> drive Z:, root="/", name="/usr/share/fonts/truetype/noto/NotoSansCanadianAboriginal-Bold.ttf"
0074:trace:file:find_drive_rootA "/usr/share/fonts/truetype/noto/NotoSansCanadianAboriginal-Regular.ttf" -> drive Z:, root="/", name="/usr/share/fonts/truetype/noto/NotoSansCanadianAboriginal-Regular.ttf"
0074:trace:file:find_drive_rootA "/usr/share/fonts/truetype/noto/NotoSansCarian-Regular.ttf" -> drive Z:, root="/", name="/usr/share/fonts/truetype/noto/NotoSansCarian-Regular.ttf"
0084:fixme:hid:handle_IRP_MN_QUERY_ID Unhandled type 00000005
0074:trace:file:find_drive_rootA "/usr/share/fonts/truetype/noto/NotoSansCaucasianAlbanian-Regular.ttf" -> drive Z:, root="/", name="/usr/share/fonts/truetype/noto/NotoSansCaucasianAlbanian-Regular.ttf"
0084:trace:file:NtWriteFile (0x24,0x28,(nil),(nil),0x7fffff20edb0,0x7ffffe8d6620,0x00000024,(nil),(nil))
0074:trace:file:find_drive_rootA "/usr/share/fonts/truetype/noto/NotoSansChakma-Regular.ttf" -> drive Z:, root="/", name="/usr/share/fonts/truetype/noto/NotoSansChakma-Regular.ttf"
0084:trace:file:NtReadFile (0x24,0x28,(nil),(nil),0x7ffffe8d4188,0x7fffff20ee50,0x00000010,(nil),(nil))
0074:trace:file:find_drive_rootA "/usr/share/fonts/truetype/noto/NotoSansCham-Bold.ttf" -> drive Z:, root="/", name="/usr/share/fonts/truetype/noto/NotoSansCham-Bold.ttf"
0078:trace:file:NtReadFile (0xcc,0xfc,(nil),(nil),0x7ffffe8de2d8,0x7ffffe8deef0,0x00000008,(nil),(nil))
0074:trace:file:find_drive_rootA "/usr/share/fonts/truetype/noto/NotoSansCham-Regular.ttf" -> drive Z:, root="/", name="/usr/share/fonts/truetype/noto/NotoSansCham-Regular.ttf"
0078:trace:file:NtReadFile (0xcc,0xfc,(nil),(nil),0x7ffffe8de2d8,0x7ffffe8def10,0x0000000c,(nil),(nil))
0074:trace:file:find_drive_rootA "/usr/share/fonts/truetype/noto/NotoSansCherokee-Bold.ttf" -> drive Z:, root="/", name="/usr/share/fonts/truetype/noto/NotoSansCherokee-Bold.ttf"
0078:trace:file:NtReadFile (0xcc,0xfc,(nil),(nil),0x7ffffe8de2d8,0x7fffff4efd80,0x00000010,(nil),(nil))
0074:trace:file:find_drive_rootA "/usr/share/fonts/truetype/noto/NotoSansCherokee-Regular.ttf" -> drive Z:, root="/", name="/usr/share/fonts/truetype/noto/NotoSansCherokee-Regular.ttf"
0050:trace:file:NtWriteFile (0xcc,0x104,(nil),(nil),0x7fffff1ef970,0x7fffff5f0a70,0x00000030,(nil),(nil))
0074:trace:file:find_drive_rootA "/usr/share/fonts/truetype/noto/NotoSansCoptic-Regular.ttf" -> drive Z:, root="/", name="/usr/share/fonts/truetype/noto/NotoSansCoptic-Regular.ttf"
0084:trace:file:NtReadFile (0x24,0x28,(nil),(nil),0x7ffffe8d4188,0x7ffffe8d6600,0x00000008,(nil),(nil))
0074:trace:file:find_drive_rootA "/usr/share/fonts/truetype/noto/NotoSansCuneiform-Regular.ttf" -> drive Z:, root="/", name="/usr/share/fonts/truetype/noto/NotoSansCuneiform-Regular.ttf"
0084:trace:file:NtReadFile (0x24,0x28,(nil),(nil),0x7ffffe8d4188,0x7ffffe8d6620,0x00000018,(nil),(nil))
0074:trace:file:find_drive_rootA "/usr/share/fonts/truetype/noto/NotoSansCypriot-Regular.ttf" -> drive Z:, root="/", name="/usr/share/fonts/truetype/noto/NotoSansCypriot-Regular.ttf"
0084:trace:file:NtWriteFile (0x24,0x28,(nil),(nil),0x7fffff20edc0,0x7ffffe8d6cf0,0x0000004c,(nil),(nil))
0074:trace:file:find_drive_rootA "/usr/share/fonts/truetype/noto/NotoSansDeseret-Regular.ttf" -> drive Z:, root="/", name="/usr/share/fonts/truetype/noto/NotoSansDeseret-Regular.ttf"
0084:trace:file:NtReadFile (0x24,0x28,(nil),(nil),0x7ffffe8d4188,0x7fffff20ee60,0x00000010,(nil),(nil))
0074:trace:file:find_drive_rootA "/usr/share/fonts/truetype/noto/NotoSansDevanagari-Bold.ttf" -> drive Z:, root="/", name="/usr/share/fonts/truetype/noto/NotoSansDevanagari-Bold.ttf"
0078:trace:file:NtReadFile (0xcc,0xfc,(nil),(nil),0x7ffffe8de2d8,0x7ffffe8deef0,0x00000008,(nil),(nil))
0074:trace:file:find_drive_rootA "/usr/share/fonts/truetype/noto/NotoSansDevanagari-Regular.ttf" -> drive Z:, root="/", name="/usr/share/fonts/truetype/noto/NotoSansDevanagari-Regular.ttf"
0078:trace:file:NtReadFile (0xcc,0xfc,(nil),(nil),0x7ffffe8de2d8,0x7fffff5f1210,0x00000034,(nil),(nil))
0074:trace:file:find_drive_rootA "/usr/share/fonts/truetype/noto/NotoSansDisplay-Bold.ttf" -> drive Z:, root="/", name="/usr/share/fonts/truetype/noto/NotoSansDisplay-Bold.ttf"
0078:trace:file:NtReadFile (0xcc,0xfc,(nil),(nil),0x7ffffe8de2d8,0x7fffff4efd80,0x00000010,(nil),(nil))
0074:trace:file:find_drive_rootA "/usr/share/fonts/truetype/noto/NotoSansDisplay-BoldItalic.ttf" -> drive Z:, root="/", name="/usr/share/fonts/truetype/noto/NotoSansDisplay-BoldItalic.ttf"
0050:trace:file:NtWriteFile (0xcc,0x104,(nil),(nil),0x7fffff1ef970,0x7fffff5f0ab0,0x00000030,(nil),(nil))
0074:trace:file:find_drive_rootA "/usr/share/fonts/truetype/noto/NotoSansDisplay-Italic.ttf" -> drive Z:, root="/", name="/usr/share/fonts/truetype/noto/NotoSansDisplay-Italic.ttf"
