0074:trace:file:find_drive_rootA "/usr/share/fonts/truetype/noto/NotoSerifTibetan-Bold.ttf" -> drive Z:, root="/", name="/usr/share/fonts/truetype/noto/NotoSerifTibetan-Bold.ttf"
0074:trace:file:find_drive_rootA "/usr/share/fonts/truetype/noto/NotoSerifTibetan-Regular.ttf" -> drive Z:, root="/", name="/usr/share/fonts/truetype/noto/NotoSerifTibetan-Regular.ttf"
0074:trace:file:find_drive_rootA "/usr/share/fonts/truetype/noto/NotoSerifYezidi-Bold.ttf" -> drive Z:, root="/", name="/usr/share/fonts/truetype/noto/NotoSerifYezidi-Bold.ttf"
0074:trace:file:find_drive_rootA "/usr/share/fonts/truetype/noto/NotoSerifYezidi-Regular.ttf" -> drive Z:, root="/", name="/usr/share/fonts/truetype/noto/NotoSerifYezidi-Regular.ttf"
0074:trace:file:find_drive_rootA "/usr/share/fonts/truetype/noto/NotoTraditionalNushu-Regular.ttf" -> drive Z:, root="/", name="/usr/share/fonts/truetype/noto/NotoTraditionalNushu-Regular.ttf"
0074:trace:file:find_drive_rootA "/usr/share/fonts/truetype/ubuntu/Ubuntu-B.ttf" -> drive Z:, root="/", name="/usr/share/fonts/truetype/ubuntu/Ubuntu-B.ttf"
0074:trace:file:find_drive_rootA "/usr/share/fonts/truetype/ubuntu/Ubuntu-B.ttf" -> drive Z:, root="/", name="/usr/share/fonts/truetype/ubuntu/Ubuntu-B.ttf"
0074:trace:file:find_drive_rootA "/usr/share/fonts/truetype/ubuntu/Ubuntu-B.ttf" -> drive Z:, root="/", name="/usr/share/fonts/truetype/ubuntu/Ubuntu-B.ttf"
0074:trace:file:find_drive_rootA "/usr/share/fonts/truetype/ubuntu/Ubuntu-B.ttf" -> drive Z:, root="/", name="/usr/share/fonts/truetype/ubuntu/Ubuntu-B.ttf"
0074:trace:file:find_drive_rootA "/usr/share/fonts/truetype/ubuntu/Ubuntu-B.ttf" -> drive Z:, root="/", name="/usr/share/fonts/truetype/ubuntu/Ubuntu-B.ttf"
0074:trace:file:find_drive_rootA "/usr/share/fonts/truetype/ubuntu/Ubuntu-B.ttf" -> drive Z:, root="/", name="/usr/share/fonts/truetype/ubuntu/Ubuntu-B.ttf"
0074:trace:file:find_drive_rootA "/usr/share/fonts/truetype/ubuntu/Ubuntu-B.ttf" -> drive Z:, root="/", name="/usr/share/fonts/truetype/ubuntu/Ubuntu-B.ttf"
0074:trace:file:find_drive_rootA "/usr/share/fonts/truetype/ubuntu/Ubuntu-B.ttf" -> drive Z:, root="/", name="/usr/share/fonts/truetype/ubuntu/Ubuntu-B.ttf"
0074:trace:file:find_drive_rootA "/usr/share/fonts/truetype/ubuntu/Ubuntu-B.ttf" -> drive Z:, root="/", name="/usr/share/fonts/truetype/ubuntu/Ubuntu-B.ttf"
0074:trace:file:find_drive_rootA "/usr/share/fonts/truetype/ubuntu/Ubuntu-B.ttf" -> drive Z:, root="/", name="/usr/share/fonts/truetype/ubuntu/Ubuntu-B.ttf"
0074:trace:file:find_drive_rootA "/usr/share/fonts/truetype/ubuntu/Ubuntu-B.ttf" -> drive Z:, root="/", name="/usr/share/fonts/truetype/ubuntu/Ubuntu-B.ttf"
0074:trace:file:find_drive_rootA "/usr/share/fonts/truetype/ubuntu/Ubuntu-B.ttf" -> drive Z:, root="/", name="/usr/share/fonts/truetype/ubuntu/Ubuntu-B.ttf"
0074:trace:file:find_drive_rootA "/usr/share/fonts/truetype/ubuntu/Ubuntu-B.ttf" -> drive Z:, root="/", name="/usr/share/fonts/truetype/ubuntu/Ubuntu-B.ttf"
0074:trace:file:find_drive_rootA "/usr/share/fonts/truetype/ubuntu/Ubuntu-BI.ttf" -> drive Z:, root="/", name="/usr/share/fonts/truetype/ubuntu/Ubuntu-BI.ttf"
0074:trace:file:find_drive_rootA "/usr/share/fonts/truetype/ubuntu/Ubuntu-BI.ttf" -> drive Z:, root="/", name="/usr/share/fonts/truetype/ubuntu/Ubuntu-BI.ttf"
0074:trace:file:find_drive_rootA "/usr/share/fonts/truetype/ubuntu/Ubuntu-BI.ttf" -> drive Z:, root="/", name="/usr/share/fonts/truetype/ubuntu/Ubuntu-BI.ttf"
0074:trace:file:find_drive_rootA "/usr/share/fonts/truetype/ubuntu/Ubuntu-BI.ttf" -> drive Z:, root="/", name="/usr/share/fonts/truetype/ubuntu/Ubuntu-BI.ttf"
0074:trace:file:find_drive_rootA "/usr/share/fonts/truetype/ubuntu/Ubuntu-BI.ttf" -> drive Z:, root="/", name="/usr/share/fonts/truetype/ubuntu/Ubuntu-BI.ttf"
0074:trace:file:find_drive_rootA "/usr/share/fonts/truetype/ubuntu/Ubuntu-BI.ttf" -> drive Z:, root="/", name="/usr/share/fonts/truetype/ubuntu/Ubuntu-BI.ttf"
0084:trace:file:nt_to_unix_file_name_no_root L"\\??\\C:\\windows\\fonts\\vgasys.fon" -> "/home/k/.wine/dosdevices/c:/windows/Fonts/vgasys.fon"
0074:trace:file:find_drive_rootA "/usr/share/fonts/truetype/ubuntu/Ubuntu-BI.ttf" -> drive Z:, root="/", name="/usr/share/fonts/truetype/ubuntu/Ubuntu-BI.ttf"
0084:trace:file:find_drive_rootA "/usr/lib/wine/../../share/wine" -> drive Z:, root="/", name="/usr/lib/wine/../../share/wine"
0074:trace:file:find_drive_rootA "/usr/share/fonts/truetype/ubuntu/Ubuntu-BI.ttf" -> drive Z:, root="/", name="/usr/share/fonts/truetype/ubuntu/Ubuntu-BI.ttf"
0084:trace:file:nt_to_unix_file_name_no_root L"\\??\\Z:\\usr\\share\\wine\\fonts\\vgasys.fon" -> "/home/k/.wine/dosdevices/z:/usr/share/wine/fonts/vgasys.fon"
0074:trace:file:find_drive_rootA "/usr/share/fonts/truetype/ubuntu/Ubuntu-BI.ttf" -> drive Z:, root="/", name="/usr/share/fonts/truetype/ubuntu/Ubuntu-BI.ttf"
0074:trace:file:find_drive_rootA "/usr/share/fonts/truetype/ubuntu/Ubuntu-BI.ttf" -> drive Z:, root="/", name="/usr/share/fonts/truetype/ubuntu/Ubuntu-BI.ttf"
0084:trace:file:nt_to_unix_file_name_no_root L"\\??\\C:\\windows\\fonts\\vgaoem.fon" -> "/home/k/.wine/dosdevices/c:/windows/Fonts/vgaoem.fon"
0074:trace:file:find_drive_rootA "/usr/share/fonts/truetype/ubuntu/Ubuntu-BI.ttf" -> drive Z:, root="/", name="/usr/share/fonts/truetype/ubuntu/Ubuntu-BI.ttf"
0084:trace:file:find_drive_rootA "/usr/lib/wine/../../share/wine" -> drive Z:, root="/", name="/usr/lib/wine/../../share/wine"
0074:trace:file:find_drive_rootA "/usr/share/fonts/truetype/ubuntu/Ubuntu-BI.ttf" -> drive Z:, root="/", name="/usr/share/fonts/truetype/ubuntu/Ubuntu-BI.ttf"
0084:trace:file:nt_to_unix_file_name_no_root L"\\??\\Z:\\usr\\share\\wine\\fonts\\vgaoem.fon" -> "/home/k/.wine/dosdevices/z:/usr/share/wine/fonts/vgaoem.fon"
0074:trace:file:find_drive_rootA "/usr/share/fonts/truetype/ubuntu/Ubuntu-BI.ttf" -> drive Z:, root="/", name="/usr/share/fonts/truetype/ubuntu/Ubuntu-BI.ttf"
0084:trace:file:nt_to_unix_file_name_no_root L"\\??\\C:\\windows\\fonts\\vgafix.fon" -> "/home/k/.wine/dosdevices/c:/windows/Fonts/vgafix.fon"
0074:trace:file:find_drive_rootA "/usr/share/fonts/truetype/ubuntu/Ubuntu-BI.ttf" -> drive Z:, root="/", name="/usr/share/fonts/truetype/ubuntu/Ubuntu-BI.ttf"
0084:trace:file:find_drive_rootA "/usr/lib/wine/../../share/wine" -> drive Z:, root="/", name="/usr/lib/wine/../../share/wine"
0074:trace:file:find_drive_rootA "/usr/share/fonts/truetype/ubuntu/Ubuntu-C.ttf" -> drive Z:, root="/", name="/usr/share/fonts/truetype/ubuntu/Ubuntu-C.ttf"
0084:trace:file:nt_to_unix_file_name_no_root L"\\??\\Z:\\usr\\share\\wine\\fonts\\vgafix.fon" -> "/home/k/.wine/dosdevices/z:/usr/share/wine/fonts/vgafix.fon"
0074:trace:file:find_drive_rootA "/usr/share/fonts/truetype/ubuntu/Ubuntu-C.ttf" -> drive Z:, root="/", name="/usr/share/fonts/truetype/ubuntu/Ubuntu-C.ttf"
0084:trace:file:NtCreateFile handle=0x7fffff00b9d8 access=80100000 name=L"\\??\\C:\\windows\\fonts" objattr=00000040 root=(nil) sec=(nil) io=0x7fffff00b9e0 alloc_size=(nil) attr=00000000 sharing=00000003 disp=1 options=00004021 ea=(nil).0x00000000
0074:trace:file:find_drive_rootA "/usr/share/fonts/truetype/ubuntu/Ubuntu-C.ttf" -> drive Z:, root="/", name="/usr/share/fonts/truetype/ubuntu/Ubuntu-C.ttf"
0084:trace:file:nt_to_unix_file_name_no_root L"\\??\\C:\\windows\\fonts" -> "/home/k/.wine/dosdevices/c:/windows/Fonts"
0074:trace:file:find_drive_rootA "/usr/share/fonts/truetype/ubuntu/Ubuntu-C.ttf" -> drive Z:, root="/", name="/usr/share/fonts/truetype/ubuntu/Ubuntu-C.ttf"
0084:trace:file:NtQueryDirectoryFile (0x64 (nil) (nil) (nil) 0x7fffff00b9e0 0x7fffff00ba30 0x00002000 0x00000003 0x00000000 <null> 0x00000000
0074:trace:file:find_drive_rootA "/usr/share/fonts/truetype/ubuntu/Ubuntu-C.ttf" -> drive Z:, root="/", name="/usr/share/fonts/truetype/ubuntu/Ubuntu-C.ttf"
0074:trace:file:find_drive_rootA "/usr/share/fonts/truetype/ubuntu/Ubuntu-C.ttf" -> drive Z:, root="/", name="/usr/share/fonts/truetype/ubuntu/Ubuntu-C.ttf"
0084:trace:file:append_entry long L"." short L"" mask <null>
0084:trace:file:append_entry long L".." short L"" mask <null>
0084:trace:file:init_cached_dir_data mask <null> found 2 files
0074:trace:file:find_drive_rootA "/usr/share/fonts/truetype/ubuntu/Ubuntu-C.ttf" -> drive Z:, root="/", name="/usr/share/fonts/truetype/ubuntu/Ubuntu-C.ttf"
0084:trace:file:init_cached_dir_data L"." L""
0084:trace:file:init_cached_dir_data L".." L""
0074:trace:file:find_drive_rootA "/usr/share/fonts/truetype/ubuntu/Ubuntu-C.ttf" -> drive Z:, root="/", name="/usr/share/fonts/truetype/ubuntu/Ubuntu-C.ttf"
0084:trace:file:NtQueryDirectoryFile => 0 (194)
0084:trace:file:NtQueryDirectoryFile (0x64 (nil) (nil) (nil) 0x7fffff00b9e0 0x7fffff00ba30 0x00002000 0x00000003 0x00000000 <null> 0x00000000
0074:trace:file:find_drive_rootA "/usr/share/fonts/truetype/ubuntu/Ubuntu-C.ttf" -> drive Z:, root="/", name="/usr/share/fonts/truetype/ubuntu/Ubuntu-C.ttf"
0084:trace:file:NtQueryDirectoryFile => 80000006 (0)
0074:trace:file:find_drive_rootA "/usr/share/fonts/truetype/ubuntu/Ubuntu-C.ttf" -> drive Z:, root="/", name="/usr/share/fonts/truetype/ubuntu/Ubuntu-C.ttf"
0084:trace:file:find_drive_rootA "/usr/lib/wine/../../share/wine" -> drive Z:, root="/", name="/usr/lib/wine/../../share/wine"
0084:trace:file:NtCreateFile handle=0x7fffff00b9d8 access=80100000 name=L"\\??\\Z:\\usr\\share\\wine\\fonts" objattr=00000040 root=(nil) sec=(nil) io=0x7fffff00b9e0 alloc_size=(nil) attr=00000000 sharing=00000003 disp=1 options=00004021 ea=(nil).0x00000000
0074:trace:file:find_drive_rootA "/usr/share/fonts/truetype/ubuntu/Ubuntu-C.ttf" -> drive Z:, root="/", name="/usr/share/fonts/truetype/ubuntu/Ubuntu-C.ttf"
0084:trace:file:nt_to_unix_file_name_no_root L"\\??\\Z:\\usr\\share\\wine\\fonts" -> "/home/k/.wine/dosdevices/z:/usr/share/wine/fonts"
0074:trace:file:find_drive_rootA "/usr/share/fonts/truetype/ubuntu/Ubuntu-C.ttf" -> drive Z:, root="/", name="/usr/share/fonts/truetype/ubuntu/Ubuntu-C.ttf"
0084:trace:file:NtQueryDirectoryFile (0x64 (nil) (nil) (nil) 0x7fffff00b9e0 0x7fffff00ba30 0x00002000 0x00000003 0x00000000 <null> 0x00000000
0074:trace:file:find_drive_rootA "/usr/share/fonts/truetype/ubuntu/Ubuntu-C.ttf" -> drive Z:, root="/", name="/usr/share/fonts/truetype/ubuntu/Ubuntu-C.ttf"
0084:trace:file:append_entry long L"." short L"" mask <null>
0084:trace:file:append_entry long L".." short L"" mask <null>
0074:trace:file:find_drive_rootA "/usr/share/fonts/truetype/ubuntu/Ubuntu-Italic[wdth,wght].ttf" -> drive Z:, root="/", name="/usr/share/fonts/truetype/ubuntu/Ubuntu-Italic[wdth,wght].ttf"
0084:trace:file:append_entry long L"vgasys.fon" short L"" mask <null>
0084:trace:file:append_entry long L"fixedsys_jp.ttf" short L"FIXE~W5D.TTF" mask <null>
0074:trace:file:find_drive_rootA "/usr/share/fonts/truetype/ubuntu/Ubuntu-Italic[wdth,wght].ttf" -> drive Z:, root="/", name="/usr/share/fonts/truetype/ubuntu/Ubuntu-Italic[wdth,wght].ttf"
0084:trace:file:append_entry long L"vgas1255.fon" short L"" mask <null>
0084:trace:file:append_entry long L"sserifee.fon" short L"" mask <null>
0074:trace:file:find_drive_rootA "/usr/share/fonts/truetype/ubuntu/Ubuntu-Italic[wdth,wght].ttf" -> drive Z:, root="/", name="/usr/share/fonts/truetype/ubuntu/Ubuntu-Italic[wdth,wght].ttf"
0084:trace:file:append_entry long L"smalleg.fon" short L"" mask <null>
0084:trace:file:append_entry long L"ssee1257.fon" short L"" mask <null>
0074:trace:file:find_drive_rootA "/usr/share/fonts/truetype/ubuntu/Ubuntu-Italic[wdth,wght].ttf" -> drive Z:, root="/", name="/usr/share/fonts/truetype/ubuntu/Ubuntu-Italic[wdth,wght].ttf"
0084:trace:file:append_entry long L"coureg.fon" short L"" mask <null>
0084:trace:file:append_entry long L"sserifft.fon" short L"" mask <null>
0074:trace:file:find_drive_rootA "/usr/share/fonts/truetype/ubuntu/Ubuntu-Italic[wdth,wght].ttf" -> drive Z:, root="/", name="/usr/share/fonts/truetype/ubuntu/Ubuntu-Italic[wdth,wght].ttf"
0084:trace:file:append_entry long L"system.ttf" short L"" mask <null>
0084:trace:file:append_entry long L"sserifet.fon" short L"" mask <null>
0074:trace:file:find_drive_rootA "/usr/share/fonts/truetype/ubuntu/Ubuntu-Italic[wdth,wght].ttf" -> drive Z:, root="/", name="/usr/share/fonts/truetype/ubuntu/Ubuntu-Italic[wdth,wght].ttf"
0084:trace:file:append_entry long L"vgasyse.fon" short L"" mask <null>
0084:trace:file:append_entry long L"cvgasys.fon" short L"" mask <null>
0074:trace:file:find_drive_rootA "/usr/share/fonts/truetype/ubuntu/Ubuntu-Italic[wdth,wght].ttf" -> drive Z:, root="/", name="/usr/share/fonts/truetype/ubuntu/Ubuntu-Italic[wdth,wght].ttf"
0084:trace:file:append_entry long L"courer.fon" short L"" mask <null>
0084:trace:file:append_entry long L"smae1257.fon" short L"" mask <null>
0074:trace:file:find_drive_rootA "/usr/share/fonts/truetype/ubuntu/Ubuntu-Italic[wdth,wght].ttf" -> drive Z:, root="/", name="/usr/share/fonts/truetype/ubuntu/Ubuntu-Italic[wdth,wght].ttf"
0084:trace:file:append_entry long L"ssef1255.fon" short L"" mask <null>
0084:trace:file:append_entry long L"courier.ttf" short L"" mask <null>
0074:trace:file:find_drive_rootA "/usr/share/fonts/truetype/ubuntu/Ubuntu-Italic[wdth,wght].ttf" -> drive Z:, root="/", name="/usr/share/fonts/truetype/ubuntu/Ubuntu-Italic[wdth,wght].ttf"
0084:trace:file:append_entry long L"vgasysg.fon" short L"" mask <null>
0084:trace:file:append_entry long L"small_fonts.ttf" short L"SMAL~SRW.TTF" mask <null>
0074:trace:file:find_drive_rootA "/usr/share/fonts/truetype/ubuntu/Ubuntu-Italic[wdth,wght].ttf" -> drive Z:, root="/", name="/usr/share/fonts/truetype/ubuntu/Ubuntu-Italic[wdth,wght].ttf"
0084:trace:file:append_entry long L"sseriffg.fon" short L"" mask <null>
0084:trace:file:append_entry long L"sseriffe.fon" short L"" mask <null>
0074:trace:file:find_drive_rootA "/usr/share/fonts/truetype/ubuntu/Ubuntu-Italic[wdth,wght].ttf" -> drive Z:, root="/", name="/usr/share/fonts/truetype/ubuntu/Ubuntu-Italic[wdth,wght].ttf"
0084:trace:file:append_entry long L"vgasysr.fon" short L"" mask <null>
0084:trace:file:append_entry long L"ssee1256.fon" short L"" mask <null>
0074:trace:file:find_drive_rootA "/usr/share/fonts/truetype/ubuntu/Ubuntu-Italic[wdth,wght].ttf" -> drive Z:, root="/", name="/usr/share/fonts/truetype/ubuntu/Ubuntu-Italic[wdth,wght].ttf"
0084:trace:file:append_entry long L"vgas1257.fon" short L"" mask <null>
0084:trace:file:append_entry long L"smallee.fon" short L"" mask <null>
0074:trace:file:find_drive_rootA "/usr/share/fonts/truetype/ubuntu/Ubuntu-Italic[wdth,wght].ttf" -> drive Z:, root="/", name="/usr/share/fonts/truetype/ubuntu/Ubuntu-Italic[wdth,wght].ttf"
0084:trace:file:append_entry long L"smallet.fon" short L"" mask <null>
0084:trace:file:append_entry long L"hvgasys.fon" short L"" mask <null>
0074:trace:file:find_drive_rootA "/usr/share/fonts/truetype/ubuntu/Ubuntu-Italic[wdth,wght].ttf" -> drive Z:, root="/", name="/usr/share/fonts/truetype/ubuntu/Ubuntu-Italic[wdth,wght].ttf"
0084:trace:file:append_entry long L"fixedsys.ttf" short L"" mask <null>
0084:trace:file:append_entry long L"ssef874.fon" short L"" mask <null>
0074:trace:file:find_drive_rootA "/usr/share/fonts/truetype/ubuntu/Ubuntu-L.ttf" -> drive Z:, root="/", name="/usr/share/fonts/truetype/ubuntu/Ubuntu-L.ttf"
0084:trace:file:append_entry long L"ms_sans_serif.ttf" short L"MS_S~L5S.TTF" mask <null>
0084:trace:file:append_entry long L"webdings.ttf" short L"" mask <null>
0074:trace:file:find_drive_rootA "/usr/share/fonts/truetype/ubuntu/Ubuntu-L.ttf" -> drive Z:, root="/", name="/usr/share/fonts/truetype/ubuntu/Ubuntu-L.ttf"
0084:trace:file:append_entry long L"vgas874.fon" short L"" mask <null>
0084:trace:file:append_entry long L"sseriff.fon" short L"" mask <null>
0074:trace:file:find_drive_rootA "/usr/share/fonts/truetype/ubuntu/Ubuntu-L.ttf" -> drive Z:, root="/", name="/usr/share/fonts/truetype/ubuntu/Ubuntu-L.ttf"
0084:trace:file:append_entry long L"jsmalle.fon" short L"" mask <null>
0084:trace:file:append_entry long L"tahoma.ttf" short L"" mask <null>
0074:trace:file:find_drive_rootA "/usr/share/fonts/truetype/ubuntu/Ubuntu-L.ttf" -> drive Z:, root="/", name="/usr/share/fonts/truetype/ubuntu/Ubuntu-L.ttf"
0084:trace:file:append_entry long L"sserifer.fon" short L"" mask <null>
0084:trace:file:append_entry long L"tahomabd.ttf" short L"" mask <null>
0074:trace:file:find_drive_rootA "/usr/share/fonts/truetype/ubuntu/Ubuntu-L.ttf" -> drive Z:, root="/", name="/usr/share/fonts/truetype/ubuntu/Ubuntu-L.ttf"
0084:trace:file:append_entry long L"couret.fon" short L"" mask <null>
0084:trace:file:append_entry long L"coue1257.fon" short L"" mask <null>
0074:trace:file:find_drive_rootA "/usr/share/fonts/truetype/ubuntu/Ubuntu-L.ttf" -> drive Z:, root="/", name="/usr/share/fonts/truetype/ubuntu/Ubuntu-L.ttf"
0084:trace:file:append_entry long L"vgasyst.fon" short L"" mask <null>
0084:trace:file:append_entry long L"coue1255.fon" short L"" mask <null>
0074:trace:file:find_drive_rootA "/usr/share/fonts/truetype/ubuntu/Ubuntu-L.ttf" -> drive Z:, root="/", name="/usr/share/fonts/truetype/ubuntu/Ubuntu-L.ttf"
0084:trace:file:append_entry long L"smaller.fon" short L"" mask <null>
0084:trace:file:append_entry long L"sseriffr.fon" short L"" mask <null>
0074:trace:file:find_drive_rootA "/usr/share/fonts/truetype/ubuntu/Ubuntu-L.ttf" -> drive Z:, root="/", name="/usr/share/fonts/truetype/ubuntu/Ubuntu-L.ttf"
0084:trace:file:append_entry long L"symbol.ttf" short L"" mask <null>
0084:trace:file:append_entry long L"small_fonts_jp.ttf" short L"SMAL~VZ0.TTF" mask <null>
0074:trace:file:find_drive_rootA "/usr/share/fonts/truetype/ubuntu/Ubuntu-L.ttf" -> drive Z:, root="/", name="/usr/share/fonts/truetype/ubuntu/Ubuntu-L.ttf"
0084:trace:file:append_entry long L"smae1255.fon" short L"" mask <null>
0084:trace:file:append_entry long L"jvgasys.fon" short L"" mask <null>
0074:trace:file:find_drive_rootA "/usr/share/fonts/truetype/ubuntu/Ubuntu-L.ttf" -> drive Z:, root="/", name="/usr/share/fonts/truetype/ubuntu/Ubuntu-L.ttf"
0084:trace:file:append_entry long L"marlett.ttf" short L"" mask <null>
0084:trace:file:append_entry long L"sserifeg.fon" short L"" mask <null>
0074:trace:file:find_drive_rootA "/usr/share/fonts/truetype/ubuntu/Ubuntu-L.ttf" -> drive Z:, root="/", name="/usr/share/fonts/truetype/ubuntu/Ubuntu-L.ttf"
0084:trace:file:append_entry long L"smae1256.fon" short L"" mask <null>
0084:trace:file:append_entry long L"ssef1256.fon" short L"" mask <null>
0074:trace:file:find_drive_rootA "/usr/share/fonts/truetype/ubuntu/Ubuntu-L.ttf" -> drive Z:, root="/", name="/usr/share/fonts/truetype/ubuntu/Ubuntu-L.ttf"
0084:trace:file:append_entry long L"coue1256.fon" short L"" mask <null>
0084:trace:file:append_entry long L"svgasys.fon" short L"" mask <null>
0074:trace:file:find_drive_rootA "/usr/share/fonts/truetype/ubuntu/Ubuntu-L.ttf" -> drive Z:, root="/", name="/usr/share/fonts/truetype/ubuntu/Ubuntu-L.ttf"
0084:trace:file:append_entry long L"vgafix.fon" short L"" mask <null>
0084:trace:file:append_entry long L"smalle.fon" short L"" mask <null>
0074:trace:file:find_drive_rootA "/usr/share/fonts/truetype/ubuntu/Ubuntu-LI.ttf" -> drive Z:, root="/", name="/usr/share/fonts/truetype/ubuntu/Ubuntu-LI.ttf"
0084:trace:file:append_entry long L"couree.fon" short L"" mask <null>
0084:trace:file:append_entry long L"jvgafix.fon" short L"" mask <null>
0074:trace:file:find_drive_rootA "/usr/share/fonts/truetype/ubuntu/Ubuntu-LI.ttf" -> drive Z:, root="/", name="/usr/share/fonts/truetype/ubuntu/Ubuntu-LI.ttf"
0084:trace:file:append_entry long L"ssef1257.fon" short L"" mask <null>
0084:trace:file:append_entry long L"sserife.fon" short L"" mask <null>
0074:trace:file:find_drive_rootA "/usr/share/fonts/truetype/ubuntu/Ubuntu-LI.ttf" -> drive Z:, root="/", name="/usr/share/fonts/truetype/ubuntu/Ubuntu-LI.ttf"
0084:trace:file:append_entry long L"ssee1255.fon" short L"" mask <null>
0084:trace:file:append_entry long L"coure.fon" short L"" mask <null>
0074:trace:file:find_drive_rootA "/usr/share/fonts/truetype/ubuntu/Ubuntu-LI.ttf" -> drive Z:, root="/", name="/usr/share/fonts/truetype/ubuntu/Ubuntu-LI.ttf"
0084:trace:file:append_entry long L"vgas1256.fon" short L"" mask <null>
0084:trace:file:append_entry long L"ssee874.fon" short L"" mask <null>
0074:trace:file:find_drive_rootA "/usr/share/fonts/truetype/ubuntu/Ubuntu-LI.ttf" -> drive Z:, root="/", name="/usr/share/fonts/truetype/ubuntu/Ubuntu-LI.ttf"
0084:trace:file:append_entry long L"wingding.ttf" short L"" mask <null>
0074:trace:file:find_drive_rootA "/usr/share/fonts/truetype/ubuntu/Ubuntu-LI.ttf" -> drive Z:, root="/", name="/usr/share/fonts/truetype/ubuntu/Ubuntu-LI.ttf"
0084:trace:file:init_cached_dir_data mask <null> found 65 files
0084:trace:file:init_cached_dir_data L"." L""
0074:trace:file:find_drive_rootA "/usr/share/fonts/truetype/ubuntu/Ubuntu-LI.ttf" -> drive Z:, root="/", name="/usr/share/fonts/truetype/ubuntu/Ubuntu-LI.ttf"
0084:trace:file:init_cached_dir_data L".." L""
0084:trace:file:init_cached_dir_data L"coue1255.fon" L""
0074:trace:file:find_drive_rootA "/usr/share/fonts/truetype/ubuntu/Ubuntu-LI.ttf" -> drive Z:, root="/", name="/usr/share/fonts/truetype/ubuntu/Ubuntu-LI.ttf"
0084:trace:file:init_cached_dir_data L"coue1256.fon" L""
0084:trace:file:init_cached_dir_data L"coue1257.fon" L""
0074:trace:file:find_drive_rootA "/usr/share/fonts/truetype/ubuntu/Ubuntu-LI.ttf" -> drive Z:, root="/", name="/usr/share/fonts/truetype/ubuntu/Ubuntu-LI.ttf"
0084:trace:file:init_cached_dir_data L"coure.fon" L""
0084:trace:file:init_cached_dir_data L"couree.fon" L""
0074:trace:file:find_drive_rootA "/usr/share/fonts/truetype/ubuntu/Ubuntu-LI.ttf" -> drive Z:, root="/", name="/usr/share/fonts/truetype/ubuntu/Ubuntu-LI.ttf"
0084:trace:file:init_cached_dir_data L"coureg.fon" L""
0084:trace:file:init_cached_dir_data L"courer.fon" L""
0074:trace:file:find_drive_rootA "/usr/share/fonts/truetype/ubuntu/Ubuntu-LI.ttf" -> drive Z:, root="/", name="/usr/share/fonts/truetype/ubuntu/Ubuntu-LI.ttf"
0084:trace:file:init_cached_dir_data L"couret.fon" L""
0084:trace:file:init_cached_dir_data L"courier.ttf" L""
0074:trace:file:find_drive_rootA "/usr/share/fonts/truetype/ubuntu/Ubuntu-LI.ttf" -> drive Z:, root="/", name="/usr/share/fonts/truetype/ubuntu/Ubuntu-LI.ttf"
0084:trace:file:init_cached_dir_data L"cvgasys.fon" L""
0084:trace:file:init_cached_dir_data L"fixedsys.ttf" L""
0074:trace:file:find_drive_rootA "/usr/share/fonts/truetype/ubuntu/Ubuntu-LI.ttf" -> drive Z:, root="/", name="/usr/share/fonts/truetype/ubuntu/Ubuntu-LI.ttf"
0084:trace:file:init_cached_dir_data L"fixedsys_jp.ttf" L"FIXE~W5D.TTF"
0084:trace:file:init_cached_dir_data L"hvgasys.fon" L""
0074:trace:file:find_drive_rootA "/usr/share/fonts/truetype/ubuntu/Ubuntu-LI.ttf" -> drive Z:, root="/", name="/usr/share/fonts/truetype/ubuntu/Ubuntu-LI.ttf"
0084:trace:file:init_cached_dir_data L"jsmalle.fon" L""
0084:trace:file:init_cached_dir_data L"jvgafix.fon" L""
0074:trace:file:find_drive_rootA "/usr/share/fonts/truetype/ubuntu/Ubuntu-M.ttf" -> drive Z:, root="/", name="/usr/share/fonts/truetype/ubuntu/Ubuntu-M.ttf"
0084:trace:file:init_cached_dir_data L"jvgasys.fon" L""
0084:trace:file:init_cached_dir_data L"marlett.ttf" L""
0074:trace:file:find_drive_rootA "/usr/share/fonts/truetype/ubuntu/Ubuntu-M.ttf" -> drive Z:, root="/", name="/usr/share/fonts/truetype/ubuntu/Ubuntu-M.ttf"
0084:trace:file:init_cached_dir_data L"ms_sans_serif.ttf" L"MS_S~L5S.TTF"
0084:trace:file:init_cached_dir_data L"smae1255.fon" L""
0074:trace:file:find_drive_rootA "/usr/share/fonts/truetype/ubuntu/Ubuntu-M.ttf" -> drive Z:, root="/", name="/usr/share/fonts/truetype/ubuntu/Ubuntu-M.ttf"
0084:trace:file:init_cached_dir_data L"smae1256.fon" L""
0084:trace:file:init_cached_dir_data L"smae1257.fon" L""
0074:trace:file:find_drive_rootA "/usr/share/fonts/truetype/ubuntu/Ubuntu-M.ttf" -> drive Z:, root="/", name="/usr/share/fonts/truetype/ubuntu/Ubuntu-M.ttf"
0084:trace:file:init_cached_dir_data L"smalle.fon" L""
0084:trace:file:init_cached_dir_data L"smallee.fon" L""
0074:trace:file:find_drive_rootA "/usr/share/fonts/truetype/ubuntu/Ubuntu-M.ttf" -> drive Z:, root="/", name="/usr/share/fonts/truetype/ubuntu/Ubuntu-M.ttf"
0084:trace:file:init_cached_dir_data L"smalleg.fon" L""
0084:trace:file:init_cached_dir_data L"smaller.fon" L""
0074:trace:file:find_drive_rootA "/usr/share/fonts/truetype/ubuntu/Ubuntu-M.ttf" -> drive Z:, root="/", name="/usr/share/fonts/truetype/ubuntu/Ubuntu-M.ttf"
0084:trace:file:init_cached_dir_data L"smallet.fon" L""
0084:trace:file:init_cached_dir_data L"small_fonts.ttf" L"SMAL~SRW.TTF"
0074:trace:file:find_drive_rootA "/usr/share/fonts/truetype/ubuntu/Ubuntu-M.ttf" -> drive Z:, root="/", name="/usr/share/fonts/truetype/ubuntu/Ubuntu-M.ttf"
0084:trace:file:init_cached_dir_data L"small_fonts_jp.ttf" L"SMAL~VZ0.TTF"
0084:trace:file:init_cached_dir_data L"ssee1255.fon" L""
0074:trace:file:find_drive_rootA "/usr/share/fonts/truetype/ubuntu/Ubuntu-M.ttf" -> drive Z:, root="/", name="/usr/share/fonts/truetype/ubuntu/Ubuntu-M.ttf"
0084:trace:file:init_cached_dir_data L"ssee1256.fon" L""
0084:trace:file:init_cached_dir_data L"ssee1257.fon" L""
0074:trace:file:find_drive_rootA "/usr/share/fonts/truetype/ubuntu/Ubuntu-M.ttf" -> drive Z:, root="/", name="/usr/share/fonts/truetype/ubuntu/Ubuntu-M.ttf"
0084:trace:file:init_cached_dir_data L"ssee874.fon" L""
0084:trace:file:init_cached_dir_data L"ssef1255.fon" L""
0074:trace:file:find_drive_rootA "/usr/share/fonts/truetype/ubuntu/Ubuntu-M.ttf" -> drive Z:, root="/", name="/usr/share/fonts/truetype/ubuntu/Ubuntu-M.ttf"
0084:trace:file:init_cached_dir_data L"ssef1256.fon" L""
0084:trace:file:init_cached_dir_data L"ssef1257.fon" L""
0074:trace:file:find_drive_rootA "/usr/share/fonts/truetype/ubuntu/Ubuntu-M.ttf" -> drive Z:, root="/", name="/usr/share/fonts/truetype/ubuntu/Ubuntu-M.ttf"
0084:trace:file:init_cached_dir_data L"ssef874.fon" L""
0084:trace:file:init_cached_dir_data L"sserife.fon" L""
0074:trace:file:find_drive_rootA "/usr/share/fonts/truetype/ubuntu/Ubuntu-M.ttf" -> drive Z:, root="/", name="/usr/share/fonts/truetype/ubuntu/Ubuntu-M.ttf"
0084:trace:file:init_cached_dir_data L"sserifee.fon" L""
0084:trace:file:init_cached_dir_data L"sserifeg.fon" L""
0074:trace:file:find_drive_rootA "/usr/share/fonts/truetype/ubuntu/Ubuntu-M.ttf" -> drive Z:, root="/", name="/usr/share/fonts/truetype/ubuntu/Ubuntu-M.ttf"
0084:trace:file:init_cached_dir_data L"sserifer.fon" L""
0084:trace:file:init_cached_dir_data L"sserifet.fon" L""
0074:trace:file:find_drive_rootA "/usr/share/fonts/truetype/ubuntu/Ubuntu-MI.ttf" -> drive Z:, root="/", name="/usr/share/fonts/truetype/ubuntu/Ubuntu-MI.ttf"
0084:trace:file:init_cached_dir_data L"sseriff.fon" L""
0084:trace:file:init_cached_dir_data L"sseriffe.fon" L""
0074:trace:file:find_drive_rootA "/usr/share/fonts/truetype/ubuntu/Ubuntu-MI.ttf" -> drive Z:, root="/", name="/usr/share/fonts/truetype/ubuntu/Ubuntu-MI.ttf"
0084:trace:file:init_cached_dir_data L"sseriffg.fon" L""
0084:trace:file:init_cached_dir_data L"sseriffr.fon" L""
0074:trace:file:find_drive_rootA "/usr/share/fonts/truetype/ubuntu/Ubuntu-MI.ttf" -> drive Z:, root="/", name="/usr/share/fonts/truetype/ubuntu/Ubuntu-MI.ttf"
0084:trace:file:init_cached_dir_data L"sserifft.fon" L""
0084:trace:file:init_cached_dir_data L"svgasys.fon" L""
0074:trace:file:find_drive_rootA "/usr/share/fonts/truetype/ubuntu/Ubuntu-MI.ttf" -> drive Z:, root="/", name="/usr/share/fonts/truetype/ubuntu/Ubuntu-MI.ttf"
0084:trace:file:init_cached_dir_data L"symbol.ttf" L""
0084:trace:file:init_cached_dir_data L"system.ttf" L""
0074:trace:file:find_drive_rootA "/usr/share/fonts/truetype/ubuntu/Ubuntu-MI.ttf" -> drive Z:, root="/", name="/usr/share/fonts/truetype/ubuntu/Ubuntu-MI.ttf"
0084:trace:file:init_cached_dir_data L"tahoma.ttf" L""
0084:trace:file:init_cached_dir_data L"tahomabd.ttf" L""
0074:trace:file:find_drive_rootA "/usr/share/fonts/truetype/ubuntu/Ubuntu-MI.ttf" -> drive Z:, root="/", name="/usr/share/fonts/truetype/ubuntu/Ubuntu-MI.ttf"
0084:trace:file:init_cached_dir_data L"vgafix.fon" L""
0084:trace:file:init_cached_dir_data L"vgas1255.fon" L""
0074:trace:file:find_drive_rootA "/usr/share/fonts/truetype/ubuntu/Ubuntu-MI.ttf" -> drive Z:, root="/", name="/usr/share/fonts/truetype/ubuntu/Ubuntu-MI.ttf"
0084:trace:file:init_cached_dir_data L"vgas1256.fon" L""
0084:trace:file:init_cached_dir_data L"vgas1257.fon" L""
0074:trace:file:find_drive_rootA "/usr/share/fonts/truetype/ubuntu/Ubuntu-MI.ttf" -> drive Z:, root="/", name="/usr/share/fonts/truetype/ubuntu/Ubuntu-MI.ttf"
0084:trace:file:init_cached_dir_data L"vgas874.fon" L""
0084:trace:file:init_cached_dir_data L"vgasys.fon" L""
0074:trace:file:find_drive_rootA "/usr/share/fonts/truetype/ubuntu/Ubuntu-MI.ttf" -> drive Z:, root="/", name="/usr/share/fonts/truetype/ubuntu/Ubuntu-MI.ttf"
0084:trace:file:init_cached_dir_data L"vgasyse.fon" L""
0084:trace:file:init_cached_dir_data L"vgasysg.fon" L""
0074:trace:file:find_drive_rootA "/usr/share/fonts/truetype/ubuntu/Ubuntu-MI.ttf" -> drive Z:, root="/", name="/usr/share/fonts/truetype/ubuntu/Ubuntu-MI.ttf"
0084:trace:file:init_cached_dir_data L"vgasysr.fon" L""
0084:trace:file:init_cached_dir_data L"vgasyst.fon" L""
0074:trace:file:find_drive_rootA "/usr/share/fonts/truetype/ubuntu/Ubuntu-MI.ttf" -> drive Z:, root="/", name="/usr/share/fonts/truetype/ubuntu/Ubuntu-MI.ttf"
0084:trace:file:init_cached_dir_data L"webdings.ttf" L""
0084:trace:file:init_cached_dir_data L"wingding.ttf" L""
0074:trace:file:find_drive_rootA "/usr/share/fonts/truetype/ubuntu/Ubuntu-MI.ttf" -> drive Z:, root="/", name="/usr/share/fonts/truetype/ubuntu/Ubuntu-MI.ttf"
0074:trace:file:find_drive_rootA "/usr/share/fonts/truetype/ubuntu/Ubuntu-MI.ttf" -> drive Z:, root="/", name="/usr/share/fonts/truetype/ubuntu/Ubuntu-MI.ttf"
0074:trace:file:find_drive_rootA "/usr/share/fonts/truetype/ubuntu/Ubuntu-MI.ttf" -> drive Z:, root="/", name="/usr/share/fonts/truetype/ubuntu/Ubuntu-MI.ttf"
0074:trace:file:find_drive_rootA "/usr/share/fonts/truetype/ubuntu/Ubuntu-R.ttf" -> drive Z:, root="/", name="/usr/share/fonts/truetype/ubuntu/Ubuntu-R.ttf"
0084:trace:file:NtQueryDirectoryFile => 0 (7790)
0074:trace:file:find_drive_rootA "/usr/share/fonts/truetype/ubuntu/Ubuntu-R.ttf" -> drive Z:, root="/", name="/usr/share/fonts/truetype/ubuntu/Ubuntu-R.ttf"
0084:trace:file:nt_to_unix_file_name_no_root L"\\??\\Z:\\usr\\share\\wine\\fonts\\coue1255.fon" -> "/home/k/.wine/dosdevices/z:/usr/share/wine/fonts/coue1255.fon"
0074:trace:file:find_drive_rootA "/usr/share/fonts/truetype/ubuntu/Ubuntu-R.ttf" -> drive Z:, root="/", name="/usr/share/fonts/truetype/ubuntu/Ubuntu-R.ttf"
0084:trace:file:nt_to_unix_file_name_no_root L"\\??\\Z:\\usr\\share\\wine\\fonts\\coue1256.fon" -> "/home/k/.wine/dosdevices/z:/usr/share/wine/fonts/coue1256.fon"
0074:trace:file:find_drive_rootA "/usr/share/fonts/truetype/ubuntu/Ubuntu-R.ttf" -> drive Z:, root="/", name="/usr/share/fonts/truetype/ubuntu/Ubuntu-R.ttf"
0084:trace:file:nt_to_unix_file_name_no_root L"\\??\\Z:\\usr\\share\\wine\\fonts\\coue1257.fon" -> "/home/k/.wine/dosdevices/z:/usr/share/wine/fonts/coue1257.fon"
0074:trace:file:find_drive_rootA "/usr/share/fonts/truetype/ubuntu/Ubuntu-R.ttf" -> drive Z:, root="/", name="/usr/share/fonts/truetype/ubuntu/Ubuntu-R.ttf"
0084:trace:file:nt_to_unix_file_name_no_root L"\\??\\Z:\\usr\\share\\wine\\fonts\\coure.fon" -> "/home/k/.wine/dosdevices/z:/usr/share/wine/fonts/coure.fon"
0074:trace:file:find_drive_rootA "/usr/share/fonts/truetype/ubuntu/Ubuntu-R.ttf" -> drive Z:, root="/", name="/usr/share/fonts/truetype/ubuntu/Ubuntu-R.ttf"
0084:trace:file:nt_to_unix_file_name_no_root L"\\??\\Z:\\usr\\share\\wine\\fonts\\couree.fon" -> "/home/k/.wine/dosdevices/z:/usr/share/wine/fonts/couree.fon"
0074:trace:file:find_drive_rootA "/usr/share/fonts/truetype/ubuntu/Ubuntu-R.ttf" -> drive Z:, root="/", name="/usr/share/fonts/truetype/ubuntu/Ubuntu-R.ttf"
0084:trace:file:nt_to_unix_file_name_no_root L"\\??\\Z:\\usr\\share\\wine\\fonts\\coureg.fon" -> "/home/k/.wine/dosdevices/z:/usr/share/wine/fonts/coureg.fon"
0074:trace:file:find_drive_rootA "/usr/share/fonts/truetype/ubuntu/Ubuntu-R.ttf" -> drive Z:, root="/", name="/usr/share/fonts/truetype/ubuntu/Ubuntu-R.ttf"
0084:trace:file:nt_to_unix_file_name_no_root L"\\??\\Z:\\usr\\share\\wine\\fonts\\courer.fon" -> "/home/k/.wine/dosdevices/z:/usr/share/wine/fonts/courer.fon"
0074:trace:file:find_drive_rootA "/usr/share/fonts/truetype/ubuntu/Ubuntu-R.ttf" -> drive Z:, root="/", name="/usr/share/fonts/truetype/ubuntu/Ubuntu-R.ttf"
0084:trace:file:nt_to_unix_file_name_no_root L"\\??\\Z:\\usr\\share\\wine\\fonts\\couret.fon" -> "/home/k/.wine/dosdevices/z:/usr/share/wine/fonts/couret.fon"
0074:trace:file:find_drive_rootA "/usr/share/fonts/truetype/ubuntu/Ubuntu-R.ttf" -> drive Z:, root="/", name="/usr/share/fonts/truetype/ubuntu/Ubuntu-R.ttf"
0084:trace:file:nt_to_unix_file_name_no_root L"\\??\\Z:\\usr\\share\\wine\\fonts\\courier.ttf" -> "/home/k/.wine/dosdevices/z:/usr/share/wine/fonts/courier.ttf"
0074:trace:file:find_drive_rootA "/usr/share/fonts/truetype/ubuntu/Ubuntu-R.ttf" -> drive Z:, root="/", name="/usr/share/fonts/truetype/ubuntu/Ubuntu-R.ttf"
0084:trace:file:nt_to_unix_file_name_no_root L"\\??\\Z:\\usr\\share\\wine\\fonts\\cvgasys.fon" -> "/home/k/.wine/dosdevices/z:/usr/share/wine/fonts/cvgasys.fon"
0074:trace:file:find_drive_rootA "/usr/share/fonts/truetype/ubuntu/Ubuntu-R.ttf" -> drive Z:, root="/", name="/usr/share/fonts/truetype/ubuntu/Ubuntu-R.ttf"
0084:trace:file:nt_to_unix_file_name_no_root L"\\??\\Z:\\usr\\share\\wine\\fonts\\fixedsys.ttf" -> "/home/k/.wine/dosdevices/z:/usr/share/wine/fonts/fixedsys.ttf"
0074:trace:file:find_drive_rootA "/usr/share/fonts/truetype/ubuntu/Ubuntu-R.ttf" -> drive Z:, root="/", name="/usr/share/fonts/truetype/ubuntu/Ubuntu-R.ttf"
0084:trace:file:nt_to_unix_file_name_no_root L"\\??\\Z:\\usr\\share\\wine\\fonts\\fixedsys_jp.ttf" -> "/home/k/.wine/dosdevices/z:/usr/share/wine/fonts/fixedsys_jp.ttf"
0074:trace:file:find_drive_rootA "/usr/share/fonts/truetype/ubuntu/Ubuntu-RI.ttf" -> drive Z:, root="/", name="/usr/share/fonts/truetype/ubuntu/Ubuntu-RI.ttf"
0084:trace:file:nt_to_unix_file_name_no_root L"\\??\\Z:\\usr\\share\\wine\\fonts\\hvgasys.fon" -> "/home/k/.wine/dosdevices/z:/usr/share/wine/fonts/hvgasys.fon"
0074:trace:file:find_drive_rootA "/usr/share/fonts/truetype/ubuntu/Ubuntu-RI.ttf" -> drive Z:, root="/", name="/usr/share/fonts/truetype/ubuntu/Ubuntu-RI.ttf"
0084:trace:file:nt_to_unix_file_name_no_root L"\\??\\Z:\\usr\\share\\wine\\fonts\\jsmalle.fon" -> "/home/k/.wine/dosdevices/z:/usr/share/wine/fonts/jsmalle.fon"
0074:trace:file:find_drive_rootA "/usr/share/fonts/truetype/ubuntu/Ubuntu-RI.ttf" -> drive Z:, root="/", name="/usr/share/fonts/truetype/ubuntu/Ubuntu-RI.ttf"
0084:trace:file:nt_to_unix_file_name_no_root L"\\??\\Z:\\usr\\share\\wine\\fonts\\jvgafix.fon" -> "/home/k/.wine/dosdevices/z:/usr/share/wine/fonts/jvgafix.fon"
0074:trace:file:find_drive_rootA "/usr/share/fonts/truetype/ubuntu/Ubuntu-RI.ttf" -> drive Z:, root="/", name="/usr/share/fonts/truetype/ubuntu/Ubuntu-RI.ttf"
0084:trace:file:nt_to_unix_file_name_no_root L"\\??\\Z:\\usr\\share\\wine\\fonts\\jvgasys.fon" -> "/home/k/.wine/dosdevices/z:/usr/share/wine/fonts/jvgasys.fon"
0074:trace:file:find_drive_rootA "/usr/share/fonts/truetype/ubuntu/Ubuntu-RI.ttf" -> drive Z:, root="/", name="/usr/share/fonts/truetype/ubuntu/Ubuntu-RI.ttf"
0084:trace:file:nt_to_unix_file_name_no_root L"\\??\\Z:\\usr\\share\\wine\\fonts\\marlett.ttf" -> "/home/k/.wine/dosdevices/z:/usr/share/wine/fonts/marlett.ttf"
0074:trace:file:find_drive_rootA "/usr/share/fonts/truetype/ubuntu/Ubuntu-RI.ttf" -> drive Z:, root="/", name="/usr/share/fonts/truetype/ubuntu/Ubuntu-RI.ttf"
0084:trace:file:nt_to_unix_file_name_no_root L"\\??\\Z:\\usr\\share\\wine\\fonts\\ms_sans_serif.ttf" -> "/home/k/.wine/dosdevices/z:/usr/share/wine/fonts/ms_sans_serif.ttf"
0074:trace:file:find_drive_rootA "/usr/share/fonts/truetype/ubuntu/Ubuntu-RI.ttf" -> drive Z:, root="/", name="/usr/share/fonts/truetype/ubuntu/Ubuntu-RI.ttf"
0084:trace:file:nt_to_unix_file_name_no_root L"\\??\\Z:\\usr\\share\\wine\\fonts\\smae1255.fon" -> "/home/k/.wine/dosdevices/z:/usr/share/wine/fonts/smae1255.fon"
0074:trace:file:find_drive_rootA "/usr/share/fonts/truetype/ubuntu/Ubuntu-RI.ttf" -> drive Z:, root="/", name="/usr/share/fonts/truetype/ubuntu/Ubuntu-RI.ttf"
0084:trace:file:nt_to_unix_file_name_no_root L"\\??\\Z:\\usr\\share\\wine\\fonts\\smae1256.fon" -> "/home/k/.wine/dosdevices/z:/usr/share/wine/fonts/smae1256.fon"
0074:trace:file:find_drive_rootA "/usr/share/fonts/truetype/ubuntu/Ubuntu-RI.ttf" -> drive Z:, root="/", name="/usr/share/fonts/truetype/ubuntu/Ubuntu-RI.ttf"
0084:trace:file:nt_to_unix_file_name_no_root L"\\??\\Z:\\usr\\share\\wine\\fonts\\smae1257.fon" -> "/home/k/.wine/dosdevices/z:/usr/share/wine/fonts/smae1257.fon"
0074:trace:file:find_drive_rootA "/usr/share/fonts/truetype/ubuntu/Ubuntu-RI.ttf" -> drive Z:, root="/", name="/usr/share/fonts/truetype/ubuntu/Ubuntu-RI.ttf"
0084:trace:file:nt_to_unix_file_name_no_root L"\\??\\Z:\\usr\\share\\wine\\fonts\\smalle.fon" -> "/home/k/.wine/dosdevices/z:/usr/share/wine/fonts/smalle.fon"
0074:trace:file:find_drive_rootA "/usr/share/fonts/truetype/ubuntu/Ubuntu-RI.ttf" -> drive Z:, root="/", name="/usr/share/fonts/truetype/ubuntu/Ubuntu-RI.ttf"
0084:trace:file:nt_to_unix_file_name_no_root L"\\??\\Z:\\usr\\share\\wine\\fonts\\smallee.fon" -> "/home/k/.wine/dosdevices/z:/usr/share/wine/fonts/smallee.fon"
0074:trace:file:find_drive_rootA "/usr/share/fonts/truetype/ubuntu/Ubuntu-RI.ttf" -> drive Z:, root="/", name="/usr/share/fonts/truetype/ubuntu/Ubuntu-RI.ttf"
0084:trace:file:nt_to_unix_file_name_no_root L"\\??\\Z:\\usr\\share\\wine\\fonts\\smalleg.fon" -> "/home/k/.wine/dosdevices/z:/usr/share/wine/fonts/smalleg.fon"
0074:trace:file:find_drive_rootA "/usr/share/fonts/truetype/ubuntu/Ubuntu-RI.ttf" -> drive Z:, root="/", name="/usr/share/fonts/truetype/ubuntu/Ubuntu-RI.ttf"
0084:trace:file:nt_to_unix_file_name_no_root L"\\??\\Z:\\usr\\share\\wine\\fonts\\smaller.fon" -> "/home/k/.wine/dosdevices/z:/usr/share/wine/fonts/smaller.fon"
0074:trace:file:find_drive_rootA "/usr/share/fonts/truetype/ubuntu/Ubuntu-RI.ttf" -> drive Z:, root="/", name="/usr/share/fonts/truetype/ubuntu/Ubuntu-RI.ttf"
0084:trace:file:nt_to_unix_file_name_no_root L"\\??\\Z:\\usr\\share\\wine\\fonts\\smallet.fon" -> "/home/k/.wine/dosdevices/z:/usr/share/wine/fonts/smallet.fon"
0074:trace:file:find_drive_rootA "/usr/share/fonts/truetype/ubuntu/Ubuntu-Th.ttf" -> drive Z:, root="/", name="/usr/share/fonts/truetype/ubuntu/Ubuntu-Th.ttf"
0084:trace:file:nt_to_unix_file_name_no_root L"\\??\\Z:\\usr\\share\\wine\\fonts\\small_fonts.ttf" -> "/home/k/.wine/dosdevices/z:/usr/share/wine/fonts/small_fonts.ttf"
0074:trace:file:find_drive_rootA "/usr/share/fonts/truetype/ubuntu/Ubuntu-Th.ttf" -> drive Z:, root="/", name="/usr/share/fonts/truetype/ubuntu/Ubuntu-Th.ttf"
0084:trace:file:nt_to_unix_file_name_no_root L"\\??\\Z:\\usr\\share\\wine\\fonts\\small_fonts_jp.ttf" -> "/home/k/.wine/dosdevices/z:/usr/share/wine/fonts/small_fonts_jp.ttf"
0074:trace:file:find_drive_rootA "/usr/share/fonts/truetype/ubuntu/Ubuntu-Th.ttf" -> drive Z:, root="/", name="/usr/share/fonts/truetype/ubuntu/Ubuntu-Th.ttf"
0084:trace:file:nt_to_unix_file_name_no_root L"\\??\\Z:\\usr\\share\\wine\\fonts\\ssee1255.fon" -> "/home/k/.wine/dosdevices/z:/usr/share/wine/fonts/ssee1255.fon"
0074:trace:file:find_drive_rootA "/usr/share/fonts/truetype/ubuntu/Ubuntu-Th.ttf" -> drive Z:, root="/", name="/usr/share/fonts/truetype/ubuntu/Ubuntu-Th.ttf"
0084:trace:file:nt_to_unix_file_name_no_root L"\\??\\Z:\\usr\\share\\wine\\fonts\\ssee1256.fon" -> "/home/k/.wine/dosdevices/z:/usr/share/wine/fonts/ssee1256.fon"
0074:trace:file:find_drive_rootA "/usr/share/fonts/truetype/ubuntu/Ubuntu-Th.ttf" -> drive Z:, root="/", name="/usr/share/fonts/truetype/ubuntu/Ubuntu-Th.ttf"
0084:trace:file:nt_to_unix_file_name_no_root L"\\??\\Z:\\usr\\share\\wine\\fonts\\ssee1257.fon" -> "/home/k/.wine/dosdevices/z:/usr/share/wine/fonts/ssee1257.fon"
0074:trace:file:find_drive_rootA "/usr/share/fonts/truetype/ubuntu/Ubuntu-Th.ttf" -> drive Z:, root="/", name="/usr/share/fonts/truetype/ubuntu/Ubuntu-Th.ttf"
0084:trace:file:nt_to_unix_file_name_no_root L"\\??\\Z:\\usr\\share\\wine\\fonts\\ssee874.fon" -> "/home/k/.wine/dosdevices/z:/usr/share/wine/fonts/ssee874.fon"
0074:trace:file:find_drive_rootA "/usr/share/fonts/truetype/ubuntu/Ubuntu-Th.ttf" -> drive Z:, root="/", name="/usr/share/fonts/truetype/ubuntu/Ubuntu-Th.ttf"
0084:trace:file:nt_to_unix_file_name_no_root L"\\??\\Z:\\usr\\share\\wine\\fonts\\ssef1255.fon" -> "/home/k/.wine/dosdevices/z:/usr/share/wine/fonts/ssef1255.fon"
0074:trace:file:find_drive_rootA "/usr/share/fonts/truetype/ubuntu/Ubuntu-Th.ttf" -> drive Z:, root="/", name="/usr/share/fonts/truetype/ubuntu/Ubuntu-Th.ttf"
0084:trace:file:nt_to_unix_file_name_no_root L"\\??\\Z:\\usr\\share\\wine\\fonts\\ssef1256.fon" -> "/home/k/.wine/dosdevices/z:/usr/share/wine/fonts/ssef1256.fon"
0074:trace:file:find_drive_rootA "/usr/share/fonts/truetype/ubuntu/Ubuntu-Th.ttf" -> drive Z:, root="/", name="/usr/share/fonts/truetype/ubuntu/Ubuntu-Th.ttf"
0084:trace:file:nt_to_unix_file_name_no_root L"\\??\\Z:\\usr\\share\\wine\\fonts\\ssef1257.fon" -> "/home/k/.wine/dosdevices/z:/usr/share/wine/fonts/ssef1257.fon"
0074:trace:file:find_drive_rootA "/usr/share/fonts/truetype/ubuntu/Ubuntu-Th.ttf" -> drive Z:, root="/", name="/usr/share/fonts/truetype/ubuntu/Ubuntu-Th.ttf"
0084:trace:file:nt_to_unix_file_name_no_root L"\\??\\Z:\\usr\\share\\wine\\fonts\\ssef874.fon" -> "/home/k/.wine/dosdevices/z:/usr/share/wine/fonts/ssef874.fon"
0074:trace:file:find_drive_rootA "/usr/share/fonts/truetype/ubuntu/Ubuntu-Th.ttf" -> drive Z:, root="/", name="/usr/share/fonts/truetype/ubuntu/Ubuntu-Th.ttf"
0084:trace:file:nt_to_unix_file_name_no_root L"\\??\\Z:\\usr\\share\\wine\\fonts\\sserife.fon" -> "/home/k/.wine/dosdevices/z:/usr/share/wine/fonts/sserife.fon"
0074:trace:file:find_drive_rootA "/usr/share/fonts/truetype/ubuntu/Ubuntu-Th.ttf" -> drive Z:, root="/", name="/usr/share/fonts/truetype/ubuntu/Ubuntu-Th.ttf"
0084:trace:file:nt_to_unix_file_name_no_root L"\\??\\Z:\\usr\\share\\wine\\fonts\\sserifee.fon" -> "/home/k/.wine/dosdevices/z:/usr/share/wine/fonts/sserifee.fon"
0074:trace:file:find_drive_rootA "/usr/share/fonts/truetype/ubuntu/Ubuntu-Th.ttf" -> drive Z:, root="/", name="/usr/share/fonts/truetype/ubuntu/Ubuntu-Th.ttf"
0084:trace:file:nt_to_unix_file_name_no_root L"\\??\\Z:\\usr\\share\\wine\\fonts\\sserifeg.fon" -> "/home/k/.wine/dosdevices/z:/usr/share/wine/fonts/sserifeg.fon"
0074:trace:file:find_drive_rootA "/usr/share/fonts/truetype/ubuntu/UbuntuMono-B.ttf" -> drive Z:, root="/", name="/usr/share/fonts/truetype/ubuntu/UbuntuMono-B.ttf"
0084:trace:file:nt_to_unix_file_name_no_root L"\\??\\Z:\\usr\\share\\wine\\fonts\\sserifer.fon" -> "/home/k/.wine/dosdevices/z:/usr/share/wine/fonts/sserifer.fon"
0074:trace:file:find_drive_rootA "/usr/share/fonts/truetype/ubuntu/UbuntuMono-B.ttf" -> drive Z:, root="/", name="/usr/share/fonts/truetype/ubuntu/UbuntuMono-B.ttf"
0084:trace:file:nt_to_unix_file_name_no_root L"\\??\\Z:\\usr\\share\\wine\\fonts\\sserifet.fon" -> "/home/k/.wine/dosdevices/z:/usr/share/wine/fonts/sserifet.fon"
0074:trace:file:find_drive_rootA "/usr/share/fonts/truetype/ubuntu/UbuntuMono-B.ttf" -> drive Z:, root="/", name="/usr/share/fonts/truetype/ubuntu/UbuntuMono-B.ttf"
0084:trace:file:nt_to_unix_file_name_no_root L"\\??\\Z:\\usr\\share\\wine\\fonts\\sseriff.fon" -> "/home/k/.wine/dosdevices/z:/usr/share/wine/fonts/sseriff.fon"
0074:trace:file:find_drive_rootA "/usr/share/fonts/truetype/ubuntu/UbuntuMono-B.ttf" -> drive Z:, root="/", name="/usr/share/fonts/truetype/ubuntu/UbuntuMono-B.ttf"
0084:trace:file:nt_to_unix_file_name_no_root L"\\??\\Z:\\usr\\share\\wine\\fonts\\sseriffe.fon" -> "/home/k/.wine/dosdevices/z:/usr/share/wine/fonts/sseriffe.fon"
0074:trace:file:find_drive_rootA "/usr/share/fonts/truetype/ubuntu/UbuntuMono-BI.ttf" -> drive Z:, root="/", name="/usr/share/fonts/truetype/ubuntu/UbuntuMono-BI.ttf"
0084:trace:file:nt_to_unix_file_name_no_root L"\\??\\Z:\\usr\\share\\wine\\fonts\\sseriffg.fon" -> "/home/k/.wine/dosdevices/z:/usr/share/wine/fonts/sseriffg.fon"
0074:trace:file:find_drive_rootA "/usr/share/fonts/truetype/ubuntu/UbuntuMono-BI.ttf" -> drive Z:, root="/", name="/usr/share/fonts/truetype/ubuntu/UbuntuMono-BI.ttf"
0084:trace:file:nt_to_unix_file_name_no_root L"\\??\\Z:\\usr\\share\\wine\\fonts\\sseriffr.fon" -> "/home/k/.wine/dosdevices/z:/usr/share/wine/fonts/sseriffr.fon"
0074:trace:file:find_drive_rootA "/usr/share/fonts/truetype/ubuntu/UbuntuMono-BI.ttf" -> drive Z:, root="/", name="/usr/share/fonts/truetype/ubuntu/UbuntuMono-BI.ttf"
0084:trace:file:nt_to_unix_file_name_no_root L"\\??\\Z:\\usr\\share\\wine\\fonts\\sserifft.fon" -> "/home/k/.wine/dosdevices/z:/usr/share/wine/fonts/sserifft.fon"
0074:trace:file:find_drive_rootA "/usr/share/fonts/truetype/ubuntu/UbuntuMono-BI.ttf" -> drive Z:, root="/", name="/usr/share/fonts/truetype/ubuntu/UbuntuMono-BI.ttf"
0084:trace:file:nt_to_unix_file_name_no_root L"\\??\\Z:\\usr\\share\\wine\\fonts\\svgasys.fon" -> "/home/k/.wine/dosdevices/z:/usr/share/wine/fonts/svgasys.fon"
0074:trace:file:find_drive_rootA "/usr/share/fonts/truetype/ubuntu/UbuntuMono-Italic[wght].ttf" -> drive Z:, root="/", name="/usr/share/fonts/truetype/ubuntu/UbuntuMono-Italic[wght].ttf"
0084:trace:file:nt_to_unix_file_name_no_root L"\\??\\Z:\\usr\\share\\wine\\fonts\\symbol.ttf" -> "/home/k/.wine/dosdevices/z:/usr/share/wine/fonts/symbol.ttf"
0074:trace:file:find_drive_rootA "/usr/share/fonts/truetype/ubuntu/UbuntuMono-Italic[wght].ttf" -> drive Z:, root="/", name="/usr/share/fonts/truetype/ubuntu/UbuntuMono-Italic[wght].ttf"
0084:trace:file:nt_to_unix_file_name_no_root L"\\??\\Z:\\usr\\share\\wine\\fonts\\system.ttf" -> "/home/k/.wine/dosdevices/z:/usr/share/wine/fonts/system.ttf"
0074:trace:file:find_drive_rootA "/usr/share/fonts/truetype/ubuntu/UbuntuMono-Italic[wght].ttf" -> drive Z:, root="/", name="/usr/share/fonts/truetype/ubuntu/UbuntuMono-Italic[wght].ttf"
0084:trace:file:nt_to_unix_file_name_no_root L"\\??\\Z:\\usr\\share\\wine\\fonts\\tahoma.ttf" -> "/home/k/.wine/dosdevices/z:/usr/share/wine/fonts/tahoma.ttf"
0074:trace:file:find_drive_rootA "/usr/share/fonts/truetype/ubuntu/UbuntuMono-Italic[wght].ttf" -> drive Z:, root="/", name="/usr/share/fonts/truetype/ubuntu/UbuntuMono-Italic[wght].ttf"
0074:trace:file:find_drive_rootA "/usr/share/fonts/truetype/ubuntu/UbuntuMono-R.ttf" -> drive Z:, root="/", name="/usr/share/fonts/truetype/ubuntu/UbuntuMono-R.ttf"
0074:trace:file:find_drive_rootA "/usr/share/fonts/truetype/ubuntu/UbuntuMono-R.ttf" -> drive Z:, root="/", name="/usr/share/fonts/truetype/ubuntu/UbuntuMono-R.ttf"
0084:trace:file:nt_to_unix_file_name_no_root L"\\??\\Z:\\usr\\share\\wine\\fonts\\tahomabd.ttf" -> "/home/k/.wine/dosdevices/z:/usr/share/wine/fonts/tahomabd.ttf"
0074:trace:file:find_drive_rootA "/usr/share/fonts/truetype/ubuntu/UbuntuMono-R.ttf" -> drive Z:, root="/", name="/usr/share/fonts/truetype/ubuntu/UbuntuMono-R.ttf"
0074:trace:file:find_drive_rootA "/usr/share/fonts/truetype/ubuntu/UbuntuMono-R.ttf" -> drive Z:, root="/", name="/usr/share/fonts/truetype/ubuntu/UbuntuMono-R.ttf"
0084:trace:file:nt_to_unix_file_name_no_root L"\\??\\Z:\\usr\\share\\wine\\fonts\\vgafix.fon" -> "/home/k/.wine/dosdevices/z:/usr/share/wine/fonts/vgafix.fon"
0074:trace:file:find_drive_rootA "/usr/share/fonts/truetype/ubuntu/UbuntuMono-RI.ttf" -> drive Z:, root="/", name="/usr/share/fonts/truetype/ubuntu/UbuntuMono-RI.ttf"
0084:trace:file:nt_to_unix_file_name_no_root L"\\??\\Z:\\usr\\share\\wine\\fonts\\vgas1255.fon" -> "/home/k/.wine/dosdevices/z:/usr/share/wine/fonts/vgas1255.fon"
0074:trace:file:find_drive_rootA "/usr/share/fonts/truetype/ubuntu/UbuntuMono-RI.ttf" -> drive Z:, root="/", name="/usr/share/fonts/truetype/ubuntu/UbuntuMono-RI.ttf"
0084:trace:file:nt_to_unix_file_name_no_root L"\\??\\Z:\\usr\\share\\wine\\fonts\\vgas1256.fon" -> "/home/k/.wine/dosdevices/z:/usr/share/wine/fonts/vgas1256.fon"
0074:trace:file:find_drive_rootA "/usr/share/fonts/truetype/ubuntu/UbuntuMono-RI.ttf" -> drive Z:, root="/", name="/usr/share/fonts/truetype/ubuntu/UbuntuMono-RI.ttf"
0084:trace:file:nt_to_unix_file_name_no_root L"\\??\\Z:\\usr\\share\\wine\\fonts\\vgas1257.fon" -> "/home/k/.wine/dosdevices/z:/usr/share/wine/fonts/vgas1257.fon"
0074:trace:file:find_drive_rootA "/usr/share/fonts/truetype/ubuntu/UbuntuMono-RI.ttf" -> drive Z:, root="/", name="/usr/share/fonts/truetype/ubuntu/UbuntuMono-RI.ttf"
0084:trace:file:nt_to_unix_file_name_no_root L"\\??\\Z:\\usr\\share\\wine\\fonts\\vgas874.fon" -> "/home/k/.wine/dosdevices/z:/usr/share/wine/fonts/vgas874.fon"
0074:trace:file:find_drive_rootA "/usr/share/fonts/truetype/ubuntu/UbuntuMono[wght].ttf" -> drive Z:, root="/", name="/usr/share/fonts/truetype/ubuntu/UbuntuMono[wght].ttf"
0084:trace:file:nt_to_unix_file_name_no_root L"\\??\\Z:\\usr\\share\\wine\\fonts\\vgasys.fon" -> "/home/k/.wine/dosdevices/z:/usr/share/wine/fonts/vgasys.fon"
0074:trace:file:find_drive_rootA "/usr/share/fonts/truetype/ubuntu/UbuntuMono[wght].ttf" -> drive Z:, root="/", name="/usr/share/fonts/truetype/ubuntu/UbuntuMono[wght].ttf"
0084:trace:file:nt_to_unix_file_name_no_root L"\\??\\Z:\\usr\\share\\wine\\fonts\\vgasyse.fon" -> "/home/k/.wine/dosdevices/z:/usr/share/wine/fonts/vgasyse.fon"
0074:trace:file:find_drive_rootA "/usr/share/fonts/truetype/ubuntu/UbuntuMono[wght].ttf" -> drive Z:, root="/", name="/usr/share/fonts/truetype/ubuntu/UbuntuMono[wght].ttf"
0084:trace:file:nt_to_unix_file_name_no_root L"\\??\\Z:\\usr\\share\\wine\\fonts\\vgasysg.fon" -> "/home/k/.wine/dosdevices/z:/usr/share/wine/fonts/vgasysg.fon"
0074:trace:file:find_drive_rootA "/usr/share/fonts/truetype/ubuntu/UbuntuMono[wght].ttf" -> drive Z:, root="/", name="/usr/share/fonts/truetype/ubuntu/UbuntuMono[wght].ttf"
