0034:trace:file:find_drive_rootA "/usr/share/fonts/truetype/ubuntu/Ubuntu-M.ttf" -> drive Z:, root="/", name="/usr/share/fonts/truetype/ubuntu/Ubuntu-M.ttf"
0034:trace:file:find_drive_rootA "/usr/share/fonts/truetype/ubuntu/Ubuntu-M.ttf" -> drive Z:, root="/", name="/usr/share/fonts/truetype/ubuntu/Ubuntu-M.ttf"
0034:trace:file:find_drive_rootA "/usr/share/fonts/truetype/ubuntu/Ubuntu-M.ttf" -> drive Z:, root="/", name="/usr/share/fonts/truetype/ubuntu/Ubuntu-M.ttf"
0034:trace:file:find_drive_rootA "/usr/share/fonts/truetype/ubuntu/Ubuntu-M.ttf" -> drive Z:, root="/", name="/usr/share/fonts/truetype/ubuntu/Ubuntu-M.ttf"
0034:trace:file:find_drive_rootA "/usr/share/fonts/truetype/ubuntu/Ubuntu-M.ttf" -> drive Z:, root="/", name="/usr/share/fonts/truetype/ubuntu/Ubuntu-M.ttf"
0034:trace:file:find_drive_rootA "/usr/share/fonts/truetype/ubuntu/Ubuntu-M.ttf" -> drive Z:, root="/", name="/usr/share/fonts/truetype/ubuntu/Ubuntu-M.ttf"
0034:trace:file:find_drive_rootA "/usr/share/fonts/truetype/ubuntu/Ubuntu-M.ttf" -> drive Z:, root="/", name="/usr/share/fonts/truetype/ubuntu/Ubuntu-M.ttf"
0034:trace:file:find_drive_rootA "/usr/share/fonts/truetype/ubuntu/Ubuntu-M.ttf" -> drive Z:, root="/", name="/usr/share/fonts/truetype/ubuntu/Ubuntu-M.ttf"
0034:trace:file:find_drive_rootA "/usr/share/fonts/truetype/ubuntu/Ubuntu-M.ttf" -> drive Z:, root="/", name="/usr/share/fonts/truetype/ubuntu/Ubuntu-M.ttf"
0034:trace:file:find_drive_rootA "/usr/share/fonts/truetype/ubuntu/Ubuntu-MI.ttf" -> drive Z:, root="/", name="/usr/share/fonts/truetype/ubuntu/Ubuntu-MI.ttf"
0034:trace:file:find_drive_rootA "/usr/share/fonts/truetype/ubuntu/Ubuntu-MI.ttf" -> drive Z:, root="/", name="/usr/share/fonts/truetype/ubuntu/Ubuntu-MI.ttf"
0034:trace:file:find_drive_rootA "/usr/share/fonts/truetype/ubuntu/Ubuntu-MI.ttf" -> drive Z:, root="/", name="/usr/share/fonts/truetype/ubuntu/Ubuntu-MI.ttf"
0034:trace:file:find_drive_rootA "/usr/share/fonts/truetype/ubuntu/Ubuntu-MI.ttf" -> drive Z:, root="/", name="/usr/share/fonts/truetype/ubuntu/Ubuntu-MI.ttf"
0034:trace:file:find_drive_rootA "/usr/share/fonts/truetype/ubuntu/Ubuntu-MI.ttf" -> drive Z:, root="/", name="/usr/share/fonts/truetype/ubuntu/Ubuntu-MI.ttf"
0034:trace:file:find_drive_rootA "/usr/share/fonts/truetype/ubuntu/Ubuntu-MI.ttf" -> drive Z:, root="/", name="/usr/share/fonts/truetype/ubuntu/Ubuntu-MI.ttf"
0034:trace:file:find_drive_rootA "/usr/share/fonts/truetype/ubuntu/Ubuntu-MI.ttf" -> drive Z:, root="/", name="/usr/share/fonts/truetype/ubuntu/Ubuntu-MI.ttf"
0034:trace:file:find_drive_rootA "/usr/share/fonts/truetype/ubuntu/Ubuntu-MI.ttf" -> drive Z:, root="/", name="/usr/share/fonts/truetype/ubuntu/Ubuntu-MI.ttf"
0034:trace:file:find_drive_rootA "/usr/share/fonts/truetype/ubuntu/Ubuntu-MI.ttf" -> drive Z:, root="/", name="/usr/share/fonts/truetype/ubuntu/Ubuntu-MI.ttf"
0034:trace:file:find_drive_rootA "/usr/share/fonts/truetype/ubuntu/Ubuntu-MI.ttf" -> drive Z:, root="/", name="/usr/share/fonts/truetype/ubuntu/Ubuntu-MI.ttf"
0034:trace:file:find_drive_rootA "/usr/share/fonts/truetype/ubuntu/Ubuntu-MI.ttf" -> drive Z:, root="/", name="/usr/share/fonts/truetype/ubuntu/Ubuntu-MI.ttf"
0034:trace:file:find_drive_rootA "/usr/share/fonts/truetype/ubuntu/Ubuntu-MI.ttf" -> drive Z:, root="/", name="/usr/share/fonts/truetype/ubuntu/Ubuntu-MI.ttf"
0034:trace:file:find_drive_rootA "/usr/share/fonts/truetype/ubuntu/Ubuntu-MI.ttf" -> drive Z:, root="/", name="/usr/share/fonts/truetype/ubuntu/Ubuntu-MI.ttf"
0034:trace:file:find_drive_rootA "/usr/share/fonts/truetype/ubuntu/Ubuntu-MI.ttf" -> drive Z:, root="/", name="/usr/share/fonts/truetype/ubuntu/Ubuntu-MI.ttf"
0034:trace:file:find_drive_rootA "/usr/share/fonts/truetype/ubuntu/Ubuntu-R.ttf" -> drive Z:, root="/", name="/usr/share/fonts/truetype/ubuntu/Ubuntu-R.ttf"
0034:trace:file:find_drive_rootA "/usr/share/fonts/truetype/ubuntu/Ubuntu-R.ttf" -> drive Z:, root="/", name="/usr/share/fonts/truetype/ubuntu/Ubuntu-R.ttf"
0034:trace:file:find_drive_rootA "/usr/share/fonts/truetype/ubuntu/Ubuntu-R.ttf" -> drive Z:, root="/", name="/usr/share/fonts/truetype/ubuntu/Ubuntu-R.ttf"
0034:trace:file:find_drive_rootA "/usr/share/fonts/truetype/ubuntu/Ubuntu-R.ttf" -> drive Z:, root="/", name="/usr/share/fonts/truetype/ubuntu/Ubuntu-R.ttf"
0034:trace:file:find_drive_rootA "/usr/share/fonts/truetype/ubuntu/Ubuntu-R.ttf" -> drive Z:, root="/", name="/usr/share/fonts/truetype/ubuntu/Ubuntu-R.ttf"
0034:trace:file:find_drive_rootA "/usr/share/fonts/truetype/ubuntu/Ubuntu-R.ttf" -> drive Z:, root="/", name="/usr/share/fonts/truetype/ubuntu/Ubuntu-R.ttf"
0034:trace:file:find_drive_rootA "/usr/share/fonts/truetype/ubuntu/Ubuntu-R.ttf" -> drive Z:, root="/", name="/usr/share/fonts/truetype/ubuntu/Ubuntu-R.ttf"
0034:trace:file:find_drive_rootA "/usr/share/fonts/truetype/ubuntu/Ubuntu-R.ttf" -> drive Z:, root="/", name="/usr/share/fonts/truetype/ubuntu/Ubuntu-R.ttf"
0048:trace:file:GetFileAttributesW L"C:\\windows\\system32\\tzres.dll"
0048:trace:file:RtlDosPathNameToNtPathName_U_WithStatus (L"C:\\windows\\system32\\tzres.dll",00007FFFFE2FEFA0,0000000000000000,0000000000000000)
0034:trace:file:find_drive_rootA "/usr/share/fonts/truetype/ubuntu/Ubuntu-R.ttf" -> drive Z:, root="/", name="/usr/share/fonts/truetype/ubuntu/Ubuntu-R.ttf"
0048:trace:file:RtlGetFullPathName_U (L"C:\\windows\\system32\\tzres.dll" 520 00007FFFFE2FECE0 0000000000000000)
0034:trace:file:find_drive_rootA "/usr/share/fonts/truetype/ubuntu/Ubuntu-R.ttf" -> drive Z:, root="/", name="/usr/share/fonts/truetype/ubuntu/Ubuntu-R.ttf"
0048:trace:file:nt_to_unix_file_name_no_root L"\\??\\C:\\windows\\system32\\tzres.dll" -> "/home/k/.wine/dosdevices/c:/windows/system32/tzres.dll"
0034:trace:file:find_drive_rootA "/usr/share/fonts/truetype/ubuntu/Ubuntu-R.ttf" -> drive Z:, root="/", name="/usr/share/fonts/truetype/ubuntu/Ubuntu-R.ttf"
0048:trace:file:RtlGetFullPathName_U (L"C:\\windows\\system32\\tzres.dll" 0 0000000000000000 0000000000000000)
0048:trace:file:RtlGetFullPathName_U (L"C:\\windows\\system32\\tzres.dll" 60 00007FFFFE325220 0000000000000000)
0034:trace:file:find_drive_rootA "/usr/share/fonts/truetype/ubuntu/Ubuntu-R.ttf" -> drive Z:, root="/", name="/usr/share/fonts/truetype/ubuntu/Ubuntu-R.ttf"
0048:trace:file:RtlDosPathNameToNtPathName_U_WithStatus (L"C:\\windows\\system32\\tzres.dll",00007FFFFE2FEEB0,0000000000000000,0000000000000000)
0048:trace:file:RtlGetFullPathName_U (L"C:\\windows\\system32\\tzres.dll" 520 00007FFFFE2FEAB0 0000000000000000)
0034:trace:file:find_drive_rootA "/usr/share/fonts/truetype/ubuntu/Ubuntu-R.ttf" -> drive Z:, root="/", name="/usr/share/fonts/truetype/ubuntu/Ubuntu-R.ttf"
0048:trace:file:NtCreateFile handle=0x7ffffe2feaf8 access=80100000 name=L"\\??\\C:\\windows\\system32\\tzres.dll" objattr=00000040 root=(nil) sec=(nil) io=0x7ffffe2feb00 alloc_size=(nil) attr=00000000 sharing=00000005 disp=1 options=00000060 ea=(nil).0x00000000
0048:trace:file:nt_to_unix_file_name_no_root L"\\??\\C:\\windows\\system32\\tzres.dll" -> "/home/k/.wine/dosdevices/c:/windows/system32/tzres.dll"
0034:trace:file:find_drive_rootA "/usr/share/fonts/truetype/ubuntu/Ubuntu-RI.ttf" -> drive Z:, root="/", name="/usr/share/fonts/truetype/ubuntu/Ubuntu-RI.ttf"
0048:trace:file:NtFsControlFile (0x28,(nil),(nil),(nil),0x7ffffe2feb00,0x0009009c,(nil),0x00000000,0x7ffffe2feb40,0x00000040)
0034:trace:file:find_drive_rootA "/usr/share/fonts/truetype/ubuntu/Ubuntu-RI.ttf" -> drive Z:, root="/", name="/usr/share/fonts/truetype/ubuntu/Ubuntu-RI.ttf"
0034:trace:file:find_drive_rootA "/usr/share/fonts/truetype/ubuntu/Ubuntu-RI.ttf" -> drive Z:, root="/", name="/usr/share/fonts/truetype/ubuntu/Ubuntu-RI.ttf"
0048:trace:file:RtlDosPathNameToNtPathName_U_WithStatus (L"C:\\windows\\system32\\tzres.dll",00007FFFFE2FEB10,0000000000000000,0000000000000000)
0048:trace:file:RtlGetFullPathName_U (L"C:\\windows\\system32\\tzres.dll" 520 00007FFFFE2FE890 0000000000000000)
0034:trace:file:find_drive_rootA "/usr/share/fonts/truetype/ubuntu/Ubuntu-RI.ttf" -> drive Z:, root="/", name="/usr/share/fonts/truetype/ubuntu/Ubuntu-RI.ttf"
0048:trace:file:nt_to_unix_file_name_no_root L"\\??\\C:\\windows\\system32\\tzres.dll" -> "/home/k/.wine/dosdevices/c:/windows/system32/tzres.dll"
0034:trace:file:find_drive_rootA "/usr/share/fonts/truetype/ubuntu/Ubuntu-RI.ttf" -> drive Z:, root="/", name="/usr/share/fonts/truetype/ubuntu/Ubuntu-RI.ttf"
0048:trace:file:RtlGetFullPathName_U (L"C:\\windows\\system32\\tzres.dll" 520 00007FFFFE2FED10 0000000000000000)
0048:trace:file:CreateFileW L"C:\\windows\\system32\\tzres.dll" GENERIC_READ FILE_SHARE_READ FILE_SHARE_DELETE  creation 3 attributes 0x0
0034:trace:file:find_drive_rootA "/usr/share/fonts/truetype/ubuntu/Ubuntu-RI.ttf" -> drive Z:, root="/", name="/usr/share/fonts/truetype/ubuntu/Ubuntu-RI.ttf"
0048:trace:file:RtlDosPathNameToNtPathName_U_WithStatus (L"C:\\windows\\system32\\tzres.dll",00007FFFFE2FEC30,0000000000000000,0000000000000000)
0048:trace:file:RtlGetFullPathName_U (L"C:\\windows\\system32\\tzres.dll" 520 00007FFFFE2FE8F0 0000000000000000)
0034:trace:file:find_drive_rootA "/usr/share/fonts/truetype/ubuntu/Ubuntu-RI.ttf" -> drive Z:, root="/", name="/usr/share/fonts/truetype/ubuntu/Ubuntu-RI.ttf"
0048:trace:file:NtCreateFile handle=0x7ffffe2fec18 access=80100080 name=L"\\??\\C:\\windows\\system32\\tzres.dll" objattr=00000040 root=(nil) sec=(nil) io=0x7ffffe2fec40 alloc_size=(nil) attr=00000000 sharing=00000005 disp=1 options=00000060 ea=(nil).0x00000000
0048:trace:file:nt_to_unix_file_name_no_root L"\\??\\C:\\windows\\system32\\tzres.dll" -> "/home/k/.wine/dosdevices/c:/windows/system32/tzres.dll"
0034:trace:file:find_drive_rootA "/usr/share/fonts/truetype/ubuntu/Ubuntu-RI.ttf" -> drive Z:, root="/", name="/usr/share/fonts/truetype/ubuntu/Ubuntu-RI.ttf"
0048:trace:file:CreateFileW returning 0000000000000028
0034:trace:file:find_drive_rootA "/usr/share/fonts/truetype/ubuntu/Ubuntu-RI.ttf" -> drive Z:, root="/", name="/usr/share/fonts/truetype/ubuntu/Ubuntu-RI.ttf"
0034:trace:file:find_drive_rootA "/usr/share/fonts/truetype/ubuntu/Ubuntu-RI.ttf" -> drive Z:, root="/", name="/usr/share/fonts/truetype/ubuntu/Ubuntu-RI.ttf"
0034:trace:file:find_drive_rootA "/usr/share/fonts/truetype/ubuntu/Ubuntu-RI.ttf" -> drive Z:, root="/", name="/usr/share/fonts/truetype/ubuntu/Ubuntu-RI.ttf"
0034:trace:file:find_drive_rootA "/usr/share/fonts/truetype/ubuntu/Ubuntu-RI.ttf" -> drive Z:, root="/", name="/usr/share/fonts/truetype/ubuntu/Ubuntu-RI.ttf"
0034:trace:file:find_drive_rootA "/usr/share/fonts/truetype/ubuntu/Ubuntu-RI.ttf" -> drive Z:, root="/", name="/usr/share/fonts/truetype/ubuntu/Ubuntu-RI.ttf"
0048:trace:file:GetFileAttributesW L"C:\\windows\\system32\\tzres.dll"
0048:trace:file:RtlDosPathNameToNtPathName_U_WithStatus (L"C:\\windows\\system32\\tzres.dll",00007FFFFE2FEFA0,0000000000000000,0000000000000000)
0034:trace:file:find_drive_rootA "/usr/share/fonts/truetype/ubuntu/Ubuntu-RI.ttf" -> drive Z:, root="/", name="/usr/share/fonts/truetype/ubuntu/Ubuntu-RI.ttf"
0048:trace:file:RtlGetFullPathName_U (L"C:\\windows\\system32\\tzres.dll" 520 00007FFFFE2FECE0 0000000000000000)
0034:trace:file:find_drive_rootA "/usr/share/fonts/truetype/ubuntu/Ubuntu-Th.ttf" -> drive Z:, root="/", name="/usr/share/fonts/truetype/ubuntu/Ubuntu-Th.ttf"
0048:trace:file:nt_to_unix_file_name_no_root L"\\??\\C:\\windows\\system32\\tzres.dll" -> "/home/k/.wine/dosdevices/c:/windows/system32/tzres.dll"
0034:trace:file:find_drive_rootA "/usr/share/fonts/truetype/ubuntu/Ubuntu-Th.ttf" -> drive Z:, root="/", name="/usr/share/fonts/truetype/ubuntu/Ubuntu-Th.ttf"
0048:trace:file:RtlGetFullPathName_U (L"C:\\windows\\system32\\tzres.dll" 0 0000000000000000 0000000000000000)
0048:trace:file:RtlGetFullPathName_U (L"C:\\windows\\system32\\tzres.dll" 60 00007FFFFE325300 0000000000000000)
0034:trace:file:find_drive_rootA "/usr/share/fonts/truetype/ubuntu/Ubuntu-Th.ttf" -> drive Z:, root="/", name="/usr/share/fonts/truetype/ubuntu/Ubuntu-Th.ttf"
0048:trace:file:RtlDosPathNameToNtPathName_U_WithStatus (L"C:\\windows\\system32\\tzres.dll",00007FFFFE2FEEB0,0000000000000000,0000000000000000)
0048:trace:file:RtlGetFullPathName_U (L"C:\\windows\\system32\\tzres.dll" 520 00007FFFFE2FEAB0 0000000000000000)
0034:trace:file:find_drive_rootA "/usr/share/fonts/truetype/ubuntu/Ubuntu-Th.ttf" -> drive Z:, root="/", name="/usr/share/fonts/truetype/ubuntu/Ubuntu-Th.ttf"
0048:trace:file:NtCreateFile handle=0x7ffffe2feaf8 access=80100000 name=L"\\??\\C:\\windows\\system32\\tzres.dll" objattr=00000040 root=(nil) sec=(nil) io=0x7ffffe2feb00 alloc_size=(nil) attr=00000000 sharing=00000005 disp=1 options=00000060 ea=(nil).0x00000000
0048:trace:file:nt_to_unix_file_name_no_root L"\\??\\C:\\windows\\system32\\tzres.dll" -> "/home/k/.wine/dosdevices/c:/windows/system32/tzres.dll"
0034:trace:file:find_drive_rootA "/usr/share/fonts/truetype/ubuntu/Ubuntu-Th.ttf" -> drive Z:, root="/", name="/usr/share/fonts/truetype/ubuntu/Ubuntu-Th.ttf"
0048:trace:file:NtFsControlFile (0x28,(nil),(nil),(nil),0x7ffffe2feb00,0x0009009c,(nil),0x00000000,0x7ffffe2feb40,0x00000040)
0034:trace:file:find_drive_rootA "/usr/share/fonts/truetype/ubuntu/Ubuntu-Th.ttf" -> drive Z:, root="/", name="/usr/share/fonts/truetype/ubuntu/Ubuntu-Th.ttf"
0034:trace:file:find_drive_rootA "/usr/share/fonts/truetype/ubuntu/Ubuntu-Th.ttf" -> drive Z:, root="/", name="/usr/share/fonts/truetype/ubuntu/Ubuntu-Th.ttf"
0048:trace:file:RtlDosPathNameToNtPathName_U_WithStatus (L"C:\\windows\\system32\\tzres.dll",00007FFFFE2FEB10,0000000000000000,0000000000000000)
0048:trace:file:RtlGetFullPathName_U (L"C:\\windows\\system32\\tzres.dll" 520 00007FFFFE2FE890 0000000000000000)
0034:trace:file:find_drive_rootA "/usr/share/fonts/truetype/ubuntu/Ubuntu-Th.ttf" -> drive Z:, root="/", name="/usr/share/fonts/truetype/ubuntu/Ubuntu-Th.ttf"
0048:trace:file:nt_to_unix_file_name_no_root L"\\??\\C:\\windows\\system32\\tzres.dll" -> "/home/k/.wine/dosdevices/c:/windows/system32/tzres.dll"
0034:trace:file:find_drive_rootA "/usr/share/fonts/truetype/ubuntu/Ubuntu-Th.ttf" -> drive Z:, root="/", name="/usr/share/fonts/truetype/ubuntu/Ubuntu-Th.ttf"
0048:trace:file:RtlGetFullPathName_U (L"C:\\windows\\system32\\tzres.dll" 520 00007FFFFE2FED10 0000000000000000)
0048:trace:file:CreateFileW L"C:\\windows\\system32\\tzres.dll" GENERIC_READ FILE_SHARE_READ FILE_SHARE_DELETE  creation 3 attributes 0x0
0034:trace:file:find_drive_rootA "/usr/share/fonts/truetype/ubuntu/Ubuntu-Th.ttf" -> drive Z:, root="/", name="/usr/share/fonts/truetype/ubuntu/Ubuntu-Th.ttf"
0048:trace:file:RtlDosPathNameToNtPathName_U_WithStatus (L"C:\\windows\\system32\\tzres.dll",00007FFFFE2FEC30,0000000000000000,0000000000000000)
0048:trace:file:RtlGetFullPathName_U (L"C:\\windows\\system32\\tzres.dll" 520 00007FFFFE2FE8F0 0000000000000000)
0034:trace:file:find_drive_rootA "/usr/share/fonts/truetype/ubuntu/Ubuntu-Th.ttf" -> drive Z:, root="/", name="/usr/share/fonts/truetype/ubuntu/Ubuntu-Th.ttf"
0048:trace:file:NtCreateFile handle=0x7ffffe2fec18 access=80100080 name=L"\\??\\C:\\windows\\system32\\tzres.dll" objattr=00000040 root=(nil) sec=(nil) io=0x7ffffe2fec40 alloc_size=(nil) attr=00000000 sharing=00000005 disp=1 options=00000060 ea=(nil).0x00000000
0048:trace:file:nt_to_unix_file_name_no_root L"\\??\\C:\\windows\\system32\\tzres.dll" -> "/home/k/.wine/dosdevices/c:/windows/system32/tzres.dll"
0034:trace:file:find_drive_rootA "/usr/share/fonts/truetype/ubuntu/Ubuntu-Th.ttf" -> drive Z:, root="/", name="/usr/share/fonts/truetype/ubuntu/Ubuntu-Th.ttf"
0048:trace:file:CreateFileW returning 0000000000000028
0034:trace:file:find_drive_rootA "/usr/share/fonts/truetype/ubuntu/Ubuntu-Th.ttf" -> drive Z:, root="/", name="/usr/share/fonts/truetype/ubuntu/Ubuntu-Th.ttf"
0034:trace:file:find_drive_rootA "/usr/share/fonts/truetype/ubuntu/UbuntuMono-B.ttf" -> drive Z:, root="/", name="/usr/share/fonts/truetype/ubuntu/UbuntuMono-B.ttf"
0034:trace:file:find_drive_rootA "/usr/share/fonts/truetype/ubuntu/UbuntuMono-B.ttf" -> drive Z:, root="/", name="/usr/share/fonts/truetype/ubuntu/UbuntuMono-B.ttf"
0034:trace:file:find_drive_rootA "/usr/share/fonts/truetype/ubuntu/UbuntuMono-B.ttf" -> drive Z:, root="/", name="/usr/share/fonts/truetype/ubuntu/UbuntuMono-B.ttf"
0034:trace:file:find_drive_rootA "/usr/share/fonts/truetype/ubuntu/UbuntuMono-B.ttf" -> drive Z:, root="/", name="/usr/share/fonts/truetype/ubuntu/UbuntuMono-B.ttf"
0034:trace:file:find_drive_rootA "/usr/share/fonts/truetype/ubuntu/UbuntuMono-BI.ttf" -> drive Z:, root="/", name="/usr/share/fonts/truetype/ubuntu/UbuntuMono-BI.ttf"
0034:trace:file:find_drive_rootA "/usr/share/fonts/truetype/ubuntu/UbuntuMono-BI.ttf" -> drive Z:, root="/", name="/usr/share/fonts/truetype/ubuntu/UbuntuMono-BI.ttf"
0034:trace:file:find_drive_rootA "/usr/share/fonts/truetype/ubuntu/UbuntuMono-BI.ttf" -> drive Z:, root="/", name="/usr/share/fonts/truetype/ubuntu/UbuntuMono-BI.ttf"
0034:trace:file:find_drive_rootA "/usr/share/fonts/truetype/ubuntu/UbuntuMono-BI.ttf" -> drive Z:, root="/", name="/usr/share/fonts/truetype/ubuntu/UbuntuMono-BI.ttf"
0034:trace:file:find_drive_rootA "/usr/share/fonts/truetype/ubuntu/UbuntuMono-Italic[wght].ttf" -> drive Z:, root="/", name="/usr/share/fonts/truetype/ubuntu/UbuntuMono-Italic[wght].ttf"
0034:trace:file:find_drive_rootA "/usr/share/fonts/truetype/ubuntu/UbuntuMono-Italic[wght].ttf" -> drive Z:, root="/", name="/usr/share/fonts/truetype/ubuntu/UbuntuMono-Italic[wght].ttf"
0034:trace:file:find_drive_rootA "/usr/share/fonts/truetype/ubuntu/UbuntuMono-Italic[wght].ttf" -> drive Z:, root="/", name="/usr/share/fonts/truetype/ubuntu/UbuntuMono-Italic[wght].ttf"
0034:trace:file:find_drive_rootA "/usr/share/fonts/truetype/ubuntu/UbuntuMono-Italic[wght].ttf" -> drive Z:, root="/", name="/usr/share/fonts/truetype/ubuntu/UbuntuMono-Italic[wght].ttf"
0034:trace:file:find_drive_rootA "/usr/share/fonts/truetype/ubuntu/UbuntuMono-R.ttf" -> drive Z:, root="/", name="/usr/share/fonts/truetype/ubuntu/UbuntuMono-R.ttf"
0034:trace:file:find_drive_rootA "/usr/share/fonts/truetype/ubuntu/UbuntuMono-R.ttf" -> drive Z:, root="/", name="/usr/share/fonts/truetype/ubuntu/UbuntuMono-R.ttf"
0048:trace:file:RtlDosPathNameToNtPathName_U_WithStatus (L"C:\\windows\\system32\\rpcrt4.dll",00007FFFFE2FF2C0,0000000000000000,0000000000000000)
0048:trace:file:RtlGetFullPathName_U (L"C:\\windows\\system32\\rpcrt4.dll" 520 00007FFFFE2FEE00 0000000000000000)
0034:trace:file:find_drive_rootA "/usr/share/fonts/truetype/ubuntu/UbuntuMono-R.ttf" -> drive Z:, root="/", name="/usr/share/fonts/truetype/ubuntu/UbuntuMono-R.ttf"
0048:trace:file:NtCreateFile handle=0x7ffffe2fee48 access=80100000 name=L"\\??\\C:\\windows\\system32\\rpcrt4.dll" objattr=00000040 root=(nil) sec=(nil) io=0x7ffffe2fee50 alloc_size=(nil) attr=00000000 sharing=00000005 disp=1 options=00000060 ea=(nil).0x00000000
0034:trace:file:find_drive_rootA "/usr/share/fonts/truetype/ubuntu/UbuntuMono-R.ttf" -> drive Z:, root="/", name="/usr/share/fonts/truetype/ubuntu/UbuntuMono-R.ttf"
0048:trace:file:nt_to_unix_file_name_no_root L"\\??\\C:\\windows\\system32\\rpcrt4.dll" -> "/home/k/.wine/dosdevices/c:/windows/system32/rpcrt4.dll"
0034:trace:file:find_drive_rootA "/usr/share/fonts/truetype/ubuntu/UbuntuMono-RI.ttf" -> drive Z:, root="/", name="/usr/share/fonts/truetype/ubuntu/UbuntuMono-RI.ttf"
0048:trace:file:NtFsControlFile (0x24,(nil),(nil),(nil),0x7ffffe2fee50,0x0009009c,(nil),0x00000000,0x7ffffe2fee90,0x00000040)
0034:trace:file:find_drive_rootA "/usr/share/fonts/truetype/ubuntu/UbuntuMono-RI.ttf" -> drive Z:, root="/", name="/usr/share/fonts/truetype/ubuntu/UbuntuMono-RI.ttf"
0034:trace:file:find_drive_rootA "/usr/share/fonts/truetype/ubuntu/UbuntuMono-RI.ttf" -> drive Z:, root="/", name="/usr/share/fonts/truetype/ubuntu/UbuntuMono-RI.ttf"
0034:trace:file:find_drive_rootA "/usr/share/fonts/truetype/ubuntu/UbuntuMono-RI.ttf" -> drive Z:, root="/", name="/usr/share/fonts/truetype/ubuntu/UbuntuMono-RI.ttf"
0034:trace:file:find_drive_rootA "/usr/share/fonts/truetype/ubuntu/UbuntuMono[wght].ttf" -> drive Z:, root="/", name="/usr/share/fonts/truetype/ubuntu/UbuntuMono[wght].ttf"
0034:trace:file:find_drive_rootA "/usr/share/fonts/truetype/ubuntu/UbuntuMono[wght].ttf" -> drive Z:, root="/", name="/usr/share/fonts/truetype/ubuntu/UbuntuMono[wght].ttf"
0034:trace:file:find_drive_rootA "/usr/share/fonts/truetype/ubuntu/UbuntuMono[wght].ttf" -> drive Z:, root="/", name="/usr/share/fonts/truetype/ubuntu/UbuntuMono[wght].ttf"
0034:trace:file:find_drive_rootA "/usr/share/fonts/truetype/ubuntu/UbuntuMono[wght].ttf" -> drive Z:, root="/", name="/usr/share/fonts/truetype/ubuntu/UbuntuMono[wght].ttf"
0048:trace:file:CreateFileW L"\\\\.\\pipe\\svcctl" GENERIC_READ GENERIC_WRITE  creation 3 attributes 0x40000000
0048:trace:file:RtlDosPathNameToNtPathName_U_WithStatus (L"\\\\.\\pipe\\svcctl",00007FFFFE2FF170,0000000000000000,0000000000000000)
0034:trace:file:find_drive_rootA "/usr/share/fonts/truetype/ubuntu/UbuntuSans-Italic[wdth,wght].ttf" -> drive Z:, root="/", name="/usr/share/fonts/truetype/ubuntu/UbuntuSans-Italic[wdth,wght].ttf"
0048:trace:file:RtlGetFullPathName_U (L"\\\\.\\pipe\\svcctl" 520 00007FFFFE2FEE30 0000000000000000)
0048:trace:file:NtCreateFile handle=0x7ffffe2ff158 access=c0100080 name=L"\\??\\pipe\\svcctl" objattr=00000040 root=(nil) sec=(nil) io=0x7ffffe2ff180 alloc_size=(nil) attr=00000000 sharing=00000000 disp=1 options=00000040 ea=(nil).0x00000000
0034:trace:file:find_drive_rootA "/usr/share/fonts/truetype/ubuntu/UbuntuSans-Italic[wdth,wght].ttf" -> drive Z:, root="/", name="/usr/share/fonts/truetype/ubuntu/UbuntuSans-Italic[wdth,wght].ttf"
0040:trace:file:RtlDosPathNameToNtPathName_U_WithStatus (L"\\\\.\\pipe\\svcctl",00007FFFFEBEFA10,0000000000000000,0000000000000000)
0048:trace:file:CreateFileW returning 0000000000000024
0034:trace:file:find_drive_rootA "/usr/share/fonts/truetype/ubuntu/UbuntuSans-Italic[wdth,wght].ttf" -> drive Z:, root="/", name="/usr/share/fonts/truetype/ubuntu/UbuntuSans-Italic[wdth,wght].ttf"
0040:trace:file:RtlGetFullPathName_U (L"\\\\.\\pipe\\svcctl" 520 00007FFFFEBEF700 0000000000000000)
0048:trace:file:NtSetInformationFile (0x24,0x7ffffe2ff1d0,0x7ffffe2ff1c8,0x00000008,0x00000017)
0034:trace:file:find_drive_rootA "/usr/share/fonts/truetype/ubuntu/UbuntuSans-Italic[wdth,wght].ttf" -> drive Z:, root="/", name="/usr/share/fonts/truetype/ubuntu/UbuntuSans-Italic[wdth,wght].ttf"
0048:trace:file:NtWriteFile (0x24,0x28,(nil),(nil),0x7ffffe2ff170,0x7ffffe8d41b0,0x00000048,(nil),(nil))
0040:trace:file:NtCreateNamedPipeFile (0x7ffffebefa00 c0100000 L"\\??\\pipe\\svcctl" 0x7ffffebefa20 3 3 0 1 1 0 -1 5840 5840 0x7ffffebefa08)
0034:trace:file:find_drive_rootA "/usr/share/fonts/truetype/ubuntu/UbuntuSans-Italic[wdth,wght].ttf" -> drive Z:, root="/", name="/usr/share/fonts/truetype/ubuntu/UbuntuSans-Italic[wdth,wght].ttf"
0048:trace:file:NtReadFile (0x24,0x28,(nil),(nil),0x7ffffe8d4188,0x7ffffe2ff1c0,0x00000010,(nil),(nil))
0034:trace:file:find_drive_rootA "/usr/share/fonts/truetype/ubuntu/UbuntuSans-Italic[wdth,wght].ttf" -> drive Z:, root="/", name="/usr/share/fonts/truetype/ubuntu/UbuntuSans-Italic[wdth,wght].ttf"
0034:trace:file:find_drive_rootA "/usr/share/fonts/truetype/ubuntu/UbuntuSans-Italic[wdth,wght].ttf" -> drive Z:, root="/", name="/usr/share/fonts/truetype/ubuntu/UbuntuSans-Italic[wdth,wght].ttf"
0040:trace:file:NtFsControlFile (0xcc,0xb4,(nil),(nil),0x7ffffe8d9018,0x00110008,(nil),0x00000000,(nil),0x00000000)
0034:trace:file:find_drive_rootA "/usr/share/fonts/truetype/ubuntu/UbuntuSans-Italic[wdth,wght].ttf" -> drive Z:, root="/", name="/usr/share/fonts/truetype/ubuntu/UbuntuSans-Italic[wdth,wght].ttf"
0034:trace:file:find_drive_rootA "/usr/share/fonts/truetype/ubuntu/UbuntuSans-Italic[wdth,wght].ttf" -> drive Z:, root="/", name="/usr/share/fonts/truetype/ubuntu/UbuntuSans-Italic[wdth,wght].ttf"
0034:trace:file:find_drive_rootA "/usr/share/fonts/truetype/ubuntu/UbuntuSans-Italic[wdth,wght].ttf" -> drive Z:, root="/", name="/usr/share/fonts/truetype/ubuntu/UbuntuSans-Italic[wdth,wght].ttf"
0034:trace:file:find_drive_rootA "/usr/share/fonts/truetype/ubuntu/UbuntuSans-Italic[wdth,wght].ttf" -> drive Z:, root="/", name="/usr/share/fonts/truetype/ubuntu/UbuntuSans-Italic[wdth,wght].ttf"
0034:trace:file:find_drive_rootA "/usr/share/fonts/truetype/ubuntu/UbuntuSans-Italic[wdth,wght].ttf" -> drive Z:, root="/", name="/usr/share/fonts/truetype/ubuntu/UbuntuSans-Italic[wdth,wght].ttf"
0034:trace:file:find_drive_rootA "/usr/share/fonts/truetype/ubuntu/UbuntuSans-Italic[wdth,wght].ttf" -> drive Z:, root="/", name="/usr/share/fonts/truetype/ubuntu/UbuntuSans-Italic[wdth,wght].ttf"
0034:trace:file:find_drive_rootA "/usr/share/fonts/truetype/ubuntu/UbuntuSans-Italic[wdth,wght].ttf" -> drive Z:, root="/", name="/usr/share/fonts/truetype/ubuntu/UbuntuSans-Italic[wdth,wght].ttf"
0034:trace:file:find_drive_rootA "/usr/share/fonts/truetype/ubuntu/UbuntuSans-Italic[wdth,wght].ttf" -> drive Z:, root="/", name="/usr/share/fonts/truetype/ubuntu/UbuntuSans-Italic[wdth,wght].ttf"
0034:trace:file:find_drive_rootA "/usr/share/fonts/truetype/ubuntu/UbuntuSans-Italic[wdth,wght].ttf" -> drive Z:, root="/", name="/usr/share/fonts/truetype/ubuntu/UbuntuSans-Italic[wdth,wght].ttf"
0034:trace:file:find_drive_rootA "/usr/share/fonts/truetype/ubuntu/UbuntuSans-Italic[wdth,wght].ttf" -> drive Z:, root="/", name="/usr/share/fonts/truetype/ubuntu/UbuntuSans-Italic[wdth,wght].ttf"
0034:trace:file:find_drive_rootA "/usr/share/fonts/truetype/ubuntu/UbuntuSansMono-Italic[wght].ttf" -> drive Z:, root="/", name="/usr/share/fonts/truetype/ubuntu/UbuntuSansMono-Italic[wght].ttf"
0034:trace:file:find_drive_rootA "/usr/share/fonts/truetype/ubuntu/UbuntuSansMono-Italic[wght].ttf" -> drive Z:, root="/", name="/usr/share/fonts/truetype/ubuntu/UbuntuSansMono-Italic[wght].ttf"
0034:trace:file:find_drive_rootA "/usr/share/fonts/truetype/ubuntu/UbuntuSansMono-Italic[wght].ttf" -> drive Z:, root="/", name="/usr/share/fonts/truetype/ubuntu/UbuntuSansMono-Italic[wght].ttf"
0034:trace:file:find_drive_rootA "/usr/share/fonts/truetype/ubuntu/UbuntuSansMono-Italic[wght].ttf" -> drive Z:, root="/", name="/usr/share/fonts/truetype/ubuntu/UbuntuSansMono-Italic[wght].ttf"
0034:trace:file:find_drive_rootA "/usr/share/fonts/truetype/ubuntu/UbuntuSansMono-Italic[wght].ttf" -> drive Z:, root="/", name="/usr/share/fonts/truetype/ubuntu/UbuntuSansMono-Italic[wght].ttf"
0034:trace:file:find_drive_rootA "/usr/share/fonts/truetype/ubuntu/UbuntuSansMono[wght].ttf" -> drive Z:, root="/", name="/usr/share/fonts/truetype/ubuntu/UbuntuSansMono[wght].ttf"
004c:trace:file:NtReadFile (0xa0,0xdc,(nil),(nil),0x7ffffe8db348,0x7ffffeeefd80,0x00000010,(nil),(nil))
0034:trace:file:find_drive_rootA "/usr/share/fonts/truetype/ubuntu/UbuntuSansMono[wght].ttf" -> drive Z:, root="/", name="/usr/share/fonts/truetype/ubuntu/UbuntuSansMono[wght].ttf"
004c:trace:file:NtReadFile (0xa0,0xdc,(nil),(nil),0x7ffffe8db348,0x7ffffe8dbf60,0x0000000c,(nil),(nil))
0034:trace:file:find_drive_rootA "/usr/share/fonts/truetype/ubuntu/UbuntuSansMono[wght].ttf" -> drive Z:, root="/", name="/usr/share/fonts/truetype/ubuntu/UbuntuSansMono[wght].ttf"
004c:trace:file:NtReadFile (0xa0,0xdc,(nil),(nil),0x7ffffe8db348,0x7ffffe8db160,0x0000002c,(nil),(nil))
0034:trace:file:find_drive_rootA "/usr/share/fonts/truetype/ubuntu/UbuntuSansMono[wght].ttf" -> drive Z:, root="/", name="/usr/share/fonts/truetype/ubuntu/UbuntuSansMono[wght].ttf"
004c:trace:file:NtWriteFile (0xa0,0xdc,(nil),(nil),0x7ffffeeefcc0,0x7ffffe8dc6a0,0x00000044,(nil),(nil))
0034:trace:file:find_drive_rootA "/usr/share/fonts/truetype/ubuntu/UbuntuSansMono[wght].ttf" -> drive Z:, root="/", name="/usr/share/fonts/truetype/ubuntu/UbuntuSansMono[wght].ttf"
004c:trace:file:NtReadFile (0xa0,0xdc,(nil),(nil),0x7ffffe8db348,0x7ffffeeefd80,0x00000010,(nil),(nil))
0034:trace:file:find_drive_rootA "/usr/share/fonts/truetype/ubuntu/UbuntuSansMono[wght].ttf" -> drive Z:, root="/", name="/usr/share/fonts/truetype/ubuntu/UbuntuSansMono[wght].ttf"
0048:trace:file:NtReadFile (0x24,0x28,(nil),(nil),0x7ffffe8d4188,0x7ffffe8d3bd0,0x00000008,(nil),(nil))
0034:trace:file:find_drive_rootA "/usr/share/fonts/truetype/ubuntu/UbuntuSansMono[wght].ttf" -> drive Z:, root="/", name="/usr/share/fonts/truetype/ubuntu/UbuntuSansMono[wght].ttf"
0048:trace:file:NtReadFile (0x24,0x28,(nil),(nil),0x7ffffe8d4188,0x7ffffe8d3920,0x0000002c,(nil),(nil))
0034:trace:file:find_drive_rootA "/usr/share/fonts/truetype/ubuntu/UbuntuSansMono[wght].ttf" -> drive Z:, root="/", name="/usr/share/fonts/truetype/ubuntu/UbuntuSansMono[wght].ttf"
0048:trace:file:NtWriteFile (0x24,0x28,(nil),(nil),0x7ffffe2ff2f0,0x7ffffe8d3bf0,0x00000024,(nil),(nil))
0034:trace:file:find_drive_rootA "/usr/share/fonts/truetype/ubuntu/UbuntuSans[wdth,wght].ttf" -> drive Z:, root="/", name="/usr/share/fonts/truetype/ubuntu/UbuntuSans[wdth,wght].ttf"
0048:trace:file:NtReadFile (0x24,0x28,(nil),(nil),0x7ffffe8d4188,0x7ffffe2ff390,0x00000010,(nil),(nil))
0034:trace:file:find_drive_rootA "/usr/share/fonts/truetype/ubuntu/UbuntuSans[wdth,wght].ttf" -> drive Z:, root="/", name="/usr/share/fonts/truetype/ubuntu/UbuntuSans[wdth,wght].ttf"
004c:trace:file:NtReadFile (0xa0,0xdc,(nil),(nil),0x7ffffe8db348,0x7ffffe8dbf60,0x00000008,(nil),(nil))
0034:trace:file:find_drive_rootA "/usr/share/fonts/truetype/ubuntu/UbuntuSans[wdth,wght].ttf" -> drive Z:, root="/", name="/usr/share/fonts/truetype/ubuntu/UbuntuSans[wdth,wght].ttf"
004c:trace:file:NtReadFile (0xa0,0xdc,(nil),(nil),0x7ffffe8db348,0x7ffffe8dbf80,0x0000000c,(nil),(nil))
0034:trace:file:find_drive_rootA "/usr/share/fonts/truetype/ubuntu/UbuntuSans[wdth,wght].ttf" -> drive Z:, root="/", name="/usr/share/fonts/truetype/ubuntu/UbuntuSans[wdth,wght].ttf"
0034:trace:file:find_drive_rootA "/usr/share/fonts/truetype/ubuntu/UbuntuSans[wdth,wght].ttf" -> drive Z:, root="/", name="/usr/share/fonts/truetype/ubuntu/UbuntuSans[wdth,wght].ttf"
0034:trace:file:find_drive_rootA "/usr/share/fonts/truetype/ubuntu/UbuntuSans[wdth,wght].ttf" -> drive Z:, root="/", name="/usr/share/fonts/truetype/ubuntu/UbuntuSans[wdth,wght].ttf"
004c:trace:file:NtReadFile (0xa0,0xdc,(nil),(nil),0x7ffffe8db348,0x7ffffeeefd80,0x00000010,(nil),(nil))
0034:trace:file:find_drive_rootA "/usr/share/fonts/truetype/ubuntu/UbuntuSans[wdth,wght].ttf" -> drive Z:, root="/", name="/usr/share/fonts/truetype/ubuntu/UbuntuSans[wdth,wght].ttf"
0034:trace:file:find_drive_rootA "/usr/share/fonts/truetype/ubuntu/UbuntuSans[wdth,wght].ttf" -> drive Z:, root="/", name="/usr/share/fonts/truetype/ubuntu/UbuntuSans[wdth,wght].ttf"
0034:trace:file:find_drive_rootA "/usr/share/fonts/truetype/ubuntu/UbuntuSans[wdth,wght].ttf" -> drive Z:, root="/", name="/usr/share/fonts/truetype/ubuntu/UbuntuSans[wdth,wght].ttf"
0034:trace:file:find_drive_rootA "/usr/share/fonts/truetype/ubuntu/UbuntuSans[wdth,wght].ttf" -> drive Z:, root="/", name="/usr/share/fonts/truetype/ubuntu/UbuntuSans[wdth,wght].ttf"
0034:trace:file:find_drive_rootA "/usr/share/fonts/truetype/ubuntu/UbuntuSans[wdth,wght].ttf" -> drive Z:, root="/", name="/usr/share/fonts/truetype/ubuntu/UbuntuSans[wdth,wght].ttf"
0034:trace:file:find_drive_rootA "/usr/share/fonts/truetype/ubuntu/UbuntuSans[wdth,wght].ttf" -> drive Z:, root="/", name="/usr/share/fonts/truetype/ubuntu/UbuntuSans[wdth,wght].ttf"
0034:trace:file:find_drive_rootA "/usr/share/fonts/truetype/ubuntu/UbuntuSans[wdth,wght].ttf" -> drive Z:, root="/", name="/usr/share/fonts/truetype/ubuntu/UbuntuSans[wdth,wght].ttf"
0034:trace:file:find_drive_rootA "/usr/share/fonts/truetype/ubuntu/UbuntuSans[wdth,wght].ttf" -> drive Z:, root="/", name="/usr/share/fonts/truetype/ubuntu/UbuntuSans[wdth,wght].ttf"
0034:trace:file:find_drive_rootA "/usr/share/fonts/truetype/ubuntu/UbuntuSans[wdth,wght].ttf" -> drive Z:, root="/", name="/usr/share/fonts/truetype/ubuntu/UbuntuSans[wdth,wght].ttf"
0034:trace:file:find_drive_rootA "/usr/share/fonts/truetype/ubuntu/UbuntuSans[wdth,wght].ttf" -> drive Z:, root="/", name="/usr/share/fonts/truetype/ubuntu/UbuntuSans[wdth,wght].ttf"
0034:trace:file:find_drive_rootA "/usr/share/fonts/truetype/ubuntu/UbuntuSans[wdth,wght].ttf" -> drive Z:, root="/", name="/usr/share/fonts/truetype/ubuntu/UbuntuSans[wdth,wght].ttf"
0034:trace:file:find_drive_rootA "/usr/share/fonts/truetype/ubuntu/Ubuntu[wdth,wght].ttf" -> drive Z:, root="/", name="/usr/share/fonts/truetype/ubuntu/Ubuntu[wdth,wght].ttf"
0050:trace:file:NtWriteFile (0xa0,0xe4,(nil),(nil),0x7fffff1ef970,0x7ffffe8dc520,0x00000030,(nil),(nil))
0034:trace:file:find_drive_rootA "/usr/share/fonts/truetype/ubuntu/Ubuntu[wdth,wght].ttf" -> drive Z:, root="/", name="/usr/share/fonts/truetype/ubuntu/Ubuntu[wdth,wght].ttf"
0048:trace:file:NtReadFile (0x24,0x28,(nil),(nil),0x7ffffe8d4188,0x7ffffe8d3bd0,0x00000008,(nil),(nil))
0034:trace:file:find_drive_rootA "/usr/share/fonts/truetype/ubuntu/Ubuntu[wdth,wght].ttf" -> drive Z:, root="/", name="/usr/share/fonts/truetype/ubuntu/Ubuntu[wdth,wght].ttf"
0048:trace:file:NtReadFile (0x24,0x28,(nil),(nil),0x7ffffe8d4188,0x7ffffe8d3bf0,0x00000018,(nil),(nil))
0034:trace:file:find_drive_rootA "/usr/share/fonts/truetype/ubuntu/Ubuntu[wdth,wght].ttf" -> drive Z:, root="/", name="/usr/share/fonts/truetype/ubuntu/Ubuntu[wdth,wght].ttf"
0034:trace:file:find_drive_rootA "/usr/share/fonts/truetype/ubuntu/Ubuntu[wdth,wght].ttf" -> drive Z:, root="/", name="/usr/share/fonts/truetype/ubuntu/Ubuntu[wdth,wght].ttf"
0048:trace:file:CreateFileW L"\\\\.\\pipe\\net\\NtControlPipe0" GENERIC_READ GENERIC_WRITE  creation 4 attributes 0x0
0048:trace:file:RtlDosPathNameToNtPathName_U_WithStatus (L"\\\\.\\pipe\\net\\NtControlPipe0",00007FFFFE2FFA90,0000000000000000,0000000000000000)
0048:trace:file:RtlGetFullPathName_U (L"\\\\.\\pipe\\net\\NtControlPipe0" 520 00007FFFFE2FF750 0000000000000000)
0034:trace:file:find_drive_rootA "/usr/share/fonts/truetype/ubuntu/Ubuntu[wdth,wght].ttf" -> drive Z:, root="/", name="/usr/share/fonts/truetype/ubuntu/Ubuntu[wdth,wght].ttf"
0048:trace:file:NtCreateFile handle=0x7ffffe2ffa78 access=c0100080 name=L"\\??\\pipe\\net\\NtControlPipe0" objattr=00000040 root=(nil) sec=(nil) io=0x7ffffe2ffaa0 alloc_size=(nil) attr=00000000 sharing=00000000 disp=3 options=00000060 ea=(nil).0x00000000
0034:trace:file:find_drive_rootA "/usr/share/fonts/truetype/ubuntu/Ubuntu[wdth,wght].ttf" -> drive Z:, root="/", name="/usr/share/fonts/truetype/ubuntu/Ubuntu[wdth,wght].ttf"
0048:trace:file:CreateFileW returning 000000000000002C
0034:trace:file:find_drive_rootA "/usr/share/fonts/truetype/ubuntu/Ubuntu[wdth,wght].ttf" -> drive Z:, root="/", name="/usr/share/fonts/truetype/ubuntu/Ubuntu[wdth,wght].ttf"
003c:trace:file:GetOverlappedResultEx (00000000000000C8 00007FFFFE2FF6F0 00007FFFFE2FF6D4 0 0)
003c:trace:file:WriteFile 00000000000000C8 00007FFFFE8DD8C0 106 00007FFFFE2FF60C 00007FFFFE2FF610
0034:trace:file:find_drive_rootA "/usr/share/fonts/truetype/ubuntu/Ubuntu[wdth,wght].ttf" -> drive Z:, root="/", name="/usr/share/fonts/truetype/ubuntu/Ubuntu[wdth,wght].ttf"
003c:trace:file:NtWriteFile (0xc8,0xc4,(nil),0x7ffffe2ff610,0x7ffffe2ff610,0x7ffffe8dd8c0,0x0000006a,0x7ffffe2ff578,(nil))
0034:trace:file:find_drive_rootA "/usr/share/fonts/truetype/ubuntu/Ubuntu[wdth,wght].ttf" -> drive Z:, root="/", name="/usr/share/fonts/truetype/ubuntu/Ubuntu[wdth,wght].ttf"
0034:trace:file:find_drive_rootA "/usr/share/fonts/truetype/ubuntu/Ubuntu[wdth,wght].ttf" -> drive Z:, root="/", name="/usr/share/fonts/truetype/ubuntu/Ubuntu[wdth,wght].ttf"
003c:trace:file:ReadFile 00000000000000C8 00007FFFFE2FF6E0 4 00007FFFFE2FF60C 00007FFFFE2FF610
0034:trace:file:find_drive_rootA "/usr/share/fonts/truetype/ubuntu/Ubuntu[wdth,wght].ttf" -> drive Z:, root="/", name="/usr/share/fonts/truetype/ubuntu/Ubuntu[wdth,wght].ttf"
003c:trace:file:NtReadFile (0xc8,0xc4,(nil),0x7ffffe2ff610,0x7ffffe2ff610,0x7ffffe2ff6e0,0x00000004,0x7ffffe2ff578,(nil))
0034:trace:file:find_drive_rootA "/usr/share/fonts/truetype/ubuntu/Ubuntu[wdth,wght].ttf" -> drive Z:, root="/", name="/usr/share/fonts/truetype/ubuntu/Ubuntu[wdth,wght].ttf"
0054:trace:file:ReadFile 000000000000002C 00007FFFFEC0FF10 16 00007FFFFEC0FF08 0000000000000000
0054:trace:file:NtReadFile (0x2c,(nil),(nil),(nil),0x7ffffec0fe70,0x7ffffec0ff10,0x00000010,(nil),(nil))
0034:trace:file:nt_to_unix_file_name_no_root L"\\??\\C:\\windows\\fonts\\coure.fon" -> "/home/k/.wine/dosdevices/c:/windows/Fonts/coure.fon"
0034:trace:file:find_drive_rootA "/usr/lib/wine/../../share/wine" -> drive Z:, root="/", name="/usr/lib/wine/../../share/wine"
0034:trace:file:nt_to_unix_file_name_no_root L"\\??\\Z:\\usr\\share\\wine\\fonts\\coure.fon" -> "/home/k/.wine/dosdevices/z:/usr/share/wine/fonts/coure.fon"
0054:trace:file:ReadFile 000000000000002C 00007FFFFE8D3960 90 00007FFFFEC0FF08 0000000000000000
0054:trace:file:NtReadFile (0x2c,(nil),(nil),(nil),0x7ffffec0fe70,0x7ffffe8d3960,0x0000005a,(nil),(nil))
0054:trace:file:NtWriteFile (0x24,0x28,(nil),(nil),0x7ffffec0f690,0x7ffffe8d4890,0x00000054,(nil),(nil))
0054:trace:file:NtReadFile (0x24,0x28,(nil),(nil),0x7ffffe8d4188,0x7ffffec0f730,0x00000010,(nil),(nil))
004c:trace:file:NtReadFile (0xa0,0xdc,(nil),(nil),0x7ffffe8db348,0x7ffffe8dbf60,0x00000008,(nil),(nil))
004c:trace:file:NtReadFile (0xa0,0xdc,(nil),(nil),0x7ffffe8db348,0x7ffffe8dd940,0x0000003c,(nil),(nil))
004c:trace:file:NtReadFile (0xa0,0xdc,(nil),(nil),0x7ffffe8db348,0x7ffffeeefd80,0x00000010,(nil),(nil))
0050:trace:file:NtWriteFile (0xa0,0xe4,(nil),(nil),0x7fffff1ef970,0x7ffffe8dd940,0x00000030,(nil),(nil))
0054:trace:file:NtReadFile (0x24,0x28,(nil),(nil),0x7ffffe8d4188,0x7ffffe8d4270,0x00000008,(nil),(nil))
0054:trace:file:NtReadFile (0x24,0x28,(nil),(nil),0x7ffffe8d4188,0x7ffffe8d4290,0x00000018,(nil),(nil))
0054:trace:file:NtWriteFile (0x24,0x28,(nil),(nil),0x7ffffec0f690,0x7ffffe8d4970,0x00000054,(nil),(nil))
0054:trace:file:NtReadFile (0x24,0x28,(nil),(nil),0x7ffffe8d4188,0x7ffffec0f730,0x00000010,(nil),(nil))
004c:trace:file:NtReadFile (0xa0,0xdc,(nil),(nil),0x7ffffe8db348,0x7ffffe8dbf60,0x00000008,(nil),(nil))
004c:trace:file:NtReadFile (0xa0,0xdc,(nil),(nil),0x7ffffe8db348,0x7ffffe8dd940,0x0000003c,(nil),(nil))
0034:trace:file:nt_to_unix_file_name_no_root L"\\??\\C:\\windows\\fonts\\sserife.fon" -> "/home/k/.wine/dosdevices/c:/windows/Fonts/sserife.fon"
004c:trace:file:NtReadFile (0xa0,0xdc,(nil),(nil),0x7ffffe8db348,0x7ffffeeefd80,0x00000010,(nil),(nil))
0050:trace:file:NtWriteFile (0xa0,0xe4,(nil),(nil),0x7fffff1ef970,0x7ffffe8ddac0,0x00000030,(nil),(nil))
0034:trace:file:find_drive_rootA "/usr/lib/wine/../../share/wine" -> drive Z:, root="/", name="/usr/lib/wine/../../share/wine"
0034:trace:file:nt_to_unix_file_name_no_root L"\\??\\Z:\\usr\\share\\wine\\fonts\\sserife.fon" -> "/home/k/.wine/dosdevices/z:/usr/share/wine/fonts/sserife.fon"
0054:trace:file:NtReadFile (0x24,0x28,(nil),(nil),0x7ffffe8d4188,0x7ffffe8d42d0,0x00000008,(nil),(nil))
0054:trace:file:NtReadFile (0x24,0x28,(nil),(nil),0x7ffffe8d4188,0x7ffffe8d4320,0x00000018,(nil),(nil))
0034:trace:file:nt_to_unix_file_name_no_root L"\\??\\C:\\windows\\fonts\\serife.fon" -> "/home/k/.wine/dosdevices/c:/windows/Fonts/serife.fon"
0034:trace:file:find_drive_rootA "/usr/lib/wine/../../share/wine" -> drive Z:, root="/", name="/usr/lib/wine/../../share/wine"
0054:trace:file:WriteFile 000000000000002C 00007FFFFEC0FF0C 4 00007FFFFEC0FF08 0000000000000000
0054:trace:file:NtWriteFile (0x2c,(nil),(nil),(nil),0x7ffffec0fe70,0x7ffffec0ff0c,0x00000004,(nil),(nil))
0034:trace:file:nt_to_unix_file_name_no_root L"\\??\\Z:\\usr\\share\\wine\\fonts\\serife.fon" -> "/home/k/.wine/dosdevices/z:/usr/share/wine/fonts/serife.fon"
0054:trace:file:ReadFile 000000000000002C 00007FFFFEC0FF10 16 00007FFFFEC0FF08 0000000000000000
0054:trace:file:NtReadFile (0x2c,(nil),(nil),(nil),0x7ffffec0fe70,0x7ffffec0ff10,0x00000010,(nil),(nil))
003c:trace:file:GetOverlappedResultEx (00000000000000C8 00007FFFFE2FF610 00007FFFFE2FF60C 0 0)
0058:trace:file:NtWriteFile (0x24,0x28,(nil),(nil),0x7ffffef0f410,0x7ffffe8d4af0,0x00000024,(nil),(nil))
0058:trace:file:NtReadFile (0x24,0x28,(nil),(nil),0x7ffffe8d4188,0x7ffffef0f4b0,0x00000010,(nil),(nil))
004c:trace:file:NtReadFile (0xa0,0xdc,(nil),(nil),0x7ffffe8db348,0x7ffffe8dbf60,0x00000008,(nil),(nil))
004c:trace:file:NtReadFile (0xa0,0xdc,(nil),(nil),0x7ffffe8db348,0x7ffffe8dbf80,0x0000000c,(nil),(nil))
004c:trace:file:NtReadFile (0xa0,0xdc,(nil),(nil),0x7ffffe8db348,0x7ffffeeefd80,0x00000010,(nil),(nil))
0050:trace:file:NtWriteFile (0xa0,0xe4,(nil),(nil),0x7fffff1ef970,0x7ffffe8db160,0x00000030,(nil),(nil))
0058:trace:file:NtReadFile (0x24,0x28,(nil),(nil),0x7ffffe8d4188,0x7ffffe8d4ad0,0x00000008,(nil),(nil))
0058:trace:file:NtReadFile (0x24,0x28,(nil),(nil),0x7ffffe8d4188,0x7ffffe8d4af0,0x00000018,(nil),(nil))
0058:trace:file:RtlDosPathNameToNtPathName_U_WithStatus (L"C:\\windows\\system32\\drivers",00007FFFFEF0FB40,0000000000000000,0000000000000000)
0058:trace:file:RtlGetFullPathName_U (L"C:\\windows\\system32\\drivers" 520 00007FFFFEF0F8B0 0000000000000000)
0058:trace:file:nt_to_unix_file_name_no_root L"\\??\\C:\\windows\\system32\\drivers" -> "/home/k/.wine/dosdevices/c:/windows/system32/drivers"
0058:trace:file:NtWriteFile (0x24,0x28,(nil),(nil),0x7ffffef0f420,0x7ffffe8d5070,0x00000048,(nil),(nil))
0058:trace:file:NtReadFile (0x24,0x28,(nil),(nil),0x7ffffe8d4188,0x7ffffef0f4c0,0x00000010,(nil),(nil))
004c:trace:file:NtReadFile (0xa0,0xdc,(nil),(nil),0x7ffffe8db348,0x7ffffe8dbf60,0x00000008,(nil),(nil))
004c:trace:file:NtReadFile (0xa0,0xdc,(nil),(nil),0x7ffffe8db348,0x7ffffe8db160,0x00000030,(nil),(nil))
004c:trace:file:NtReadFile (0xa0,0xdc,(nil),(nil),0x7ffffe8db348,0x7ffffeeefd80,0x00000010,(nil),(nil))
0050:trace:file:NtWriteFile (0xa0,0xe4,(nil),(nil),0x7fffff1ef970,0x7ffffe8dd3b0,0x0000001c,(nil),(nil))
003c:trace:file:NtFsControlFile (0xc8,0xc4,(nil),0x7ffffe2ffaf0,0x7ffffe2ffaf0,0x00110008,(nil),0x00000000,(nil),0x00000000)
0058:trace:file:NtReadFile (0x24,0x28,(nil),(nil),0x7ffffe8d4188,0x7ffffe8d4b30,0x00000008,(nil),(nil))
003c:trace:file:WriteFile 00000000000000C8 00007FFFFE8DDB10 36 00007FFFFE2FFA0C 00007FFFFE2FFA10
003c:trace:file:NtWriteFile (0xc8,0xc4,(nil),0x7ffffe2ffa10,0x7ffffe2ffa10,0x7ffffe8ddb10,0x00000024,0x7ffffe2ff978,(nil))
0058:trace:file:NtReadFile (0x24,0x28,(nil),(nil),0x7ffffe8d4188,0x7ffffe8d4b50,0x00000004,(nil),(nil))
003c:trace:file:ReadFile 00000000000000C8 00007FFFFE2FFAE0 4 00007FFFFE2FFA0C 00007FFFFE2FFA10
003c:trace:file:NtReadFile (0xc8,0xc4,(nil),0x7ffffe2ffa10,0x7ffffe2ffa10,0x7ffffe2ffae0,0x00000004,0x7ffffe2ff978,(nil))
0054:trace:file:ReadFile 000000000000002C 00007FFFFE8D4350 20 00007FFFFEC0FF08 0000000000000000
0058:trace:file:NtQueryObject (0xfffffffffffffffe,0x00000002,0x7ffffef0f940,0x00000100,0x7ffffef0f93c)
0054:trace:file:NtReadFile (0x2c,(nil),(nil),(nil),0x7ffffec0fe70,0x7ffffe8d4350,0x00000014,(nil),(nil))
0058:trace:file:NtQueryObject (0x48,0x00000002,0x7ffffef0f730,0x00000100,0x7ffffef0f72c)
0054:trace:file:NtWriteFile (0x24,0x28,(nil),(nil),0x7ffffec0f530,0x7ffffe8d4410,0x00000024,(nil),(nil))
0054:trace:file:NtReadFile (0x24,0x28,(nil),(nil),0x7ffffe8d4188,0x7ffffec0f5d0,0x00000010,(nil),(nil))
004c:trace:file:NtReadFile (0xa0,0xdc,(nil),(nil),0x7ffffe8db348,0x7ffffe8dbf60,0x00000008,(nil),(nil))
004c:trace:file:NtReadFile (0xa0,0xdc,(nil),(nil),0x7ffffe8db348,0x7ffffe8dbf80,0x0000000c,(nil),(nil))
004c:trace:file:NtReadFile (0xa0,0xdc,(nil),(nil),0x7ffffe8db348,0x7ffffeeefd80,0x00000010,(nil),(nil))
0050:trace:file:NtWriteFile (0xa0,0xe4,(nil),(nil),0x7fffff1ef970,0x7ffffe8dd990,0x00000030,(nil),(nil))
0054:trace:file:NtReadFile (0x24,0x28,(nil),(nil),0x7ffffe8d4188,0x7ffffe8d43f0,0x00000008,(nil),(nil))
0054:trace:file:NtReadFile (0x24,0x28,(nil),(nil),0x7ffffe8d4188,0x7ffffe8d4410,0x00000018,(nil),(nil))
0054:trace:file:NtWriteFile (0x24,0x28,(nil),(nil),0x7ffffec0f540,0x7ffffe8d53a0,0x00000050,(nil),(nil))
0054:trace:file:NtReadFile (0x24,0x28,(nil),(nil),0x7ffffe8d4188,0x7ffffec0f5e0,0x00000010,(nil),(nil))
004c:trace:file:NtReadFile (0xa0,0xdc,(nil),(nil),0x7ffffe8db348,0x7ffffe8dbf60,0x00000008,(nil),(nil))
004c:trace:file:NtReadFile (0xa0,0xdc,(nil),(nil),0x7ffffe8db348,0x7ffffe8dd990,0x00000038,(nil),(nil))
004c:trace:file:NtReadFile (0xa0,0xdc,(nil),(nil),0x7ffffe8db348,0x7ffffeeefd80,0x00000010,(nil),(nil))
0050:trace:file:NtWriteFile (0xa0,0xe4,(nil),(nil),0x7fffff1ef970,0x7ffffe8de190,0x00000030,(nil),(nil))
0054:trace:file:NtReadFile (0x24,0x28,(nil),(nil),0x7ffffe8d4188,0x7ffffe8d4450,0x00000008,(nil),(nil))
0054:trace:file:NtReadFile (0x24,0x28,(nil),(nil),0x7ffffe8d4188,0x7ffffe8d4470,0x00000018,(nil),(nil))
0054:trace:file:NtWriteFile (0x24,0x28,(nil),(nil),0x7ffffec0f580,0x7ffffe8d51d0,0x0000002c,(nil),(nil))
0054:trace:file:NtReadFile (0x24,0x28,(nil),(nil),0x7ffffe8d4188,0x7ffffec0f620,0x00000010,(nil),(nil))
004c:trace:file:NtReadFile (0xa0,0xdc,(nil),(nil),0x7ffffe8db348,0x7ffffe8dbf60,0x00000008,(nil),(nil))
004c:trace:file:NtReadFile (0xa0,0xdc,(nil),(nil),0x7ffffe8db348,0x7ffffe8dbf80,0x00000014,(nil),(nil))
004c:trace:file:NtReadFile (0xa0,0xdc,(nil),(nil),0x7ffffe8db348,0x7ffffeeefd80,0x00000010,(nil),(nil))
0050:trace:file:NtWriteFile (0xa0,0xe4,(nil),(nil),0x7fffff1ef970,0x7ffffe8db160,0x00000030,(nil),(nil))
0054:trace:file:NtReadFile (0x24,0x28,(nil),(nil),0x7ffffe8d4188,0x7ffffe8d4510,0x00000008,(nil),(nil))
0054:trace:file:NtReadFile (0x24,0x28,(nil),(nil),0x7ffffe8d4188,0x7ffffe8d4530,0x00000018,(nil),(nil))
0054:trace:file:NtWriteFile (0x24,0x28,(nil),(nil),0x7ffffec0f510,0x7ffffe8d5030,0x00000030,(nil),(nil))
0054:trace:file:NtReadFile (0x24,0x28,(nil),(nil),0x7ffffe8d4188,0x7ffffec0f5b0,0x00000010,(nil),(nil))
004c:trace:file:NtReadFile (0xa0,0xdc,(nil),(nil),0x7ffffe8db348,0x7ffffe8dbf60,0x00000008,(nil),(nil))
004c:trace:file:NtReadFile (0xa0,0xdc,(nil),(nil),0x7ffffe8db348,0x7ffffe8dbf80,0x00000018,(nil),(nil))
004c:trace:file:NtReadFile (0xa0,0xdc,(nil),(nil),0x7ffffe8db348,0x7ffffeeefd80,0x00000010,(nil),(nil))
0050:trace:file:NtWriteFile (0xa0,0xe4,(nil),(nil),0x7fffff1ef970,0x7ffffe8de2b0,0x00000124,(nil),(nil))
0054:trace:file:NtReadFile (0x24,0x28,(nil),(nil),0x7ffffe8d4188,0x7ffffe8d43f0,0x00000008,(nil),(nil))
0054:trace:file:NtReadFile (0x24,0x28,(nil),(nil),0x7ffffe8d4188,0x7ffffe8d5430,0x0000010c,(nil),(nil))
0054:trace:file:NtWriteFile (0x24,0x28,(nil),(nil),0x7ffffec0f510,0x7ffffe8d51d0,0x00000030,(nil),(nil))
0054:trace:file:NtReadFile (0x24,0x28,(nil),(nil),0x7ffffe8d4188,0x7ffffec0f5b0,0x00000010,(nil),(nil))
004c:trace:file:NtReadFile (0xa0,0xdc,(nil),(nil),0x7ffffe8db348,0x7ffffe8dbf60,0x00000008,(nil),(nil))
004c:trace:file:NtReadFile (0xa0,0xdc,(nil),(nil),0x7ffffe8db348,0x7ffffe8dbf80,0x00000018,(nil),(nil))
004c:trace:file:NtReadFile (0xa0,0xdc,(nil),(nil),0x7ffffe8db348,0x7ffffeeefd80,0x00000010,(nil),(nil))
0050:trace:file:NtWriteFile (0xa0,0xe4,(nil),(nil),0x7fffff1ef970,0x7ffffe8de2b0,0x00000124,(nil),(nil))
0034:trace:file:nt_to_unix_file_name_no_root L"\\??\\C:\\windows\\fonts\\smalle.fon" -> "/home/k/.wine/dosdevices/c:/windows/Fonts/smalle.fon"
0054:trace:file:NtReadFile (0x24,0x28,(nil),(nil),0x7ffffe8d4188,0x7ffffe8d43f0,0x00000008,(nil),(nil))
0034:trace:file:find_drive_rootA "/usr/lib/wine/../../share/wine" -> drive Z:, root="/", name="/usr/lib/wine/../../share/wine"
0054:trace:file:NtReadFile (0x24,0x28,(nil),(nil),0x7ffffe8d4188,0x7ffffe8d5430,0x0000010c,(nil),(nil))
0034:trace:file:nt_to_unix_file_name_no_root L"\\??\\Z:\\usr\\share\\wine\\fonts\\smalle.fon" -> "/home/k/.wine/dosdevices/z:/usr/share/wine/fonts/smalle.fon"
0054:trace:file:NtWriteFile (0x24,0x28,(nil),(nil),0x7ffffec0f540,0x7ffffe8d5070,0x00000048,(nil),(nil))
0054:trace:file:NtReadFile (0x24,0x28,(nil),(nil),0x7ffffe8d4188,0x7ffffec0f5e0,0x00000010,(nil),(nil))
004c:trace:file:NtReadFile (0xa0,0xdc,(nil),(nil),0x7ffffe8db348,0x7ffffe8dbf60,0x00000008,(nil),(nil))
004c:trace:file:NtReadFile (0xa0,0xdc,(nil),(nil),0x7ffffe8db348,0x7ffffe8db160,0x00000030,(nil),(nil))
004c:trace:file:NtReadFile (0xa0,0xdc,(nil),(nil),0x7ffffe8db348,0x7ffffeeefd80,0x00000010,(nil),(nil))
0050:trace:file:NtWriteFile (0xa0,0xe4,(nil),(nil),0x7fffff1ef970,0x7ffffe8dd3b0,0x0000001c,(nil),(nil))
0054:trace:file:NtReadFile (0x24,0x28,(nil),(nil),0x7ffffe8d4188,0x7ffffe8d43c0,0x00000008,(nil),(nil))
0054:trace:file:NtReadFile (0x24,0x28,(nil),(nil),0x7ffffe8d4188,0x7ffffe8d43e0,0x00000004,(nil),(nil))
0054:trace:file:RtlDosPathNameToNtPathName_U_WithStatus (L"C:\\windows\\system32\\drivers\\mountmgr.sys",00007FFFFEC0F720,0000000000000000,0000000000000000)
0054:trace:file:RtlGetFullPathName_U (L"C:\\windows\\system32\\drivers\\mountmgr.sys" 520 00007FFFFEC0F2F0 0000000000000000)
0054:trace:file:NtCreateFile handle=0x7ffffec0f338 access=80100000 name=L"\\??\\C:\\windows\\system32\\drivers\\mountmgr.sys" objattr=00000040 root=(nil) sec=(nil) io=0x7ffffec0f340 alloc_size=(nil) attr=00000000 sharing=00000005 disp=1 options=00000060 ea=(nil).0x00000000
0054:trace:file:nt_to_unix_file_name_no_root L"\\??\\C:\\windows\\system32\\drivers\\mountmgr.sys" -> "/home/k/.wine/dosdevices/c:/windows/system32/drivers/mountmgr.sys"
0054:trace:file:NtFsControlFile (0x4c,(nil),(nil),(nil),0x7ffffec0f340,0x0009009c,(nil),0x00000000,0x7ffffec0f380,0x00000040)
0054:trace:file:RtlDosPathNameToNtPathName_U_WithStatus (L"C:\\windows\\system32\\setupapi.dll",00007FFFFEC0F580,0000000000000000,0000000000000000)
0054:trace:file:RtlGetFullPathName_U (L"C:\\windows\\system32\\setupapi.dll" 520 00007FFFFEC0F0C0 0000000000000000)
0054:trace:file:NtCreateFile handle=0x7ffffec0f108 access=80100000 name=L"\\??\\C:\\windows\\system32\\setupapi.dll" objattr=00000040 root=(nil) sec=(nil) io=0x7ffffec0f110 alloc_size=(nil) attr=00000000 sharing=00000005 disp=1 options=00000060 ea=(nil).0x00000000
0054:trace:file:nt_to_unix_file_name_no_root L"\\??\\C:\\windows\\system32\\setupapi.dll" -> "/home/k/.wine/dosdevices/c:/windows/system32/setupapi.dll"
0054:trace:file:NtFsControlFile (0x54,(nil),(nil),(nil),0x7ffffec0f110,0x0009009c,(nil),0x00000000,0x7ffffec0f150,0x00000040)
