22585.615:0050:trace:file:find_drive_rootA "/usr/share/fonts/truetype/ubuntu/Ubuntu-C.ttf" -> drive Z:, root="/", name="/usr/share/fonts/truetype/ubuntu/Ubuntu-C.ttf"
22585.615:007c:trace:file:ReadFile 000000000000002C 00007FFFFEC0FF10 16 00007FFFFEC0FF08 0000000000000000
22585.615:007c:trace:file:NtReadFile (0x2c,(nil),(nil),(nil),0x7ffffec0fe70,0x7ffffec0ff10,0x00000010,(nil),(nil))
22585.615:0050:trace:file:find_drive_rootA "/usr/share/fonts/truetype/ubuntu/Ubuntu-C.ttf" -> drive Z:, root="/", name="/usr/share/fonts/truetype/ubuntu/Ubuntu-C.ttf"
22585.615:003c:trace:file:GetOverlappedResultEx (00000000000000F4 00007FFFFE2FF610 00007FFFFE2FF60C 0 0)
22585.615:0050:trace:file:find_drive_rootA "/usr/share/fonts/truetype/ubuntu/Ubuntu-C.ttf" -> drive Z:, root="/", name="/usr/share/fonts/truetype/ubuntu/Ubuntu-C.ttf"
22585.615:0050:trace:file:find_drive_rootA "/usr/share/fonts/truetype/ubuntu/Ubuntu-C.ttf" -> drive Z:, root="/", name="/usr/share/fonts/truetype/ubuntu/Ubuntu-C.ttf"
22585.615:0050:trace:file:find_drive_rootA "/usr/share/fonts/truetype/ubuntu/Ubuntu-C.ttf" -> drive Z:, root="/", name="/usr/share/fonts/truetype/ubuntu/Ubuntu-C.ttf"
22585.615:0050:trace:file:find_drive_rootA "/usr/share/fonts/truetype/ubuntu/Ubuntu-C.ttf" -> drive Z:, root="/", name="/usr/share/fonts/truetype/ubuntu/Ubuntu-C.ttf"
22585.615:0050:trace:file:find_drive_rootA "/usr/share/fonts/truetype/ubuntu/Ubuntu-C.ttf" -> drive Z:, root="/", name="/usr/share/fonts/truetype/ubuntu/Ubuntu-C.ttf"
22585.615:0050:trace:file:find_drive_rootA "/usr/share/fonts/truetype/ubuntu/Ubuntu-Italic[wdth,wght].ttf" -> drive Z:, root="/", name="/usr/share/fonts/truetype/ubuntu/Ubuntu-Italic[wdth,wght].ttf"
22585.615:0050:trace:file:find_drive_rootA "/usr/share/fonts/truetype/ubuntu/Ubuntu-Italic[wdth,wght].ttf" -> drive Z:, root="/", name="/usr/share/fonts/truetype/ubuntu/Ubuntu-Italic[wdth,wght].ttf"
22585.615:0050:trace:file:find_drive_rootA "/usr/share/fonts/truetype/ubuntu/Ubuntu-Italic[wdth,wght].ttf" -> drive Z:, root="/", name="/usr/share/fonts/truetype/ubuntu/Ubuntu-Italic[wdth,wght].ttf"
22585.615:0050:trace:file:find_drive_rootA "/usr/share/fonts/truetype/ubuntu/Ubuntu-Italic[wdth,wght].ttf" -> drive Z:, root="/", name="/usr/share/fonts/truetype/ubuntu/Ubuntu-Italic[wdth,wght].ttf"
22585.615:0050:trace:file:find_drive_rootA "/usr/share/fonts/truetype/ubuntu/Ubuntu-Italic[wdth,wght].ttf" -> drive Z:, root="/", name="/usr/share/fonts/truetype/ubuntu/Ubuntu-Italic[wdth,wght].ttf"
22585.615:0050:trace:file:find_drive_rootA "/usr/share/fonts/truetype/ubuntu/Ubuntu-Italic[wdth,wght].ttf" -> drive Z:, root="/", name="/usr/share/fonts/truetype/ubuntu/Ubuntu-Italic[wdth,wght].ttf"
22585.615:0050:trace:file:find_drive_rootA "/usr/share/fonts/truetype/ubuntu/Ubuntu-Italic[wdth,wght].ttf" -> drive Z:, root="/", name="/usr/share/fonts/truetype/ubuntu/Ubuntu-Italic[wdth,wght].ttf"
22585.615:0050:trace:file:find_drive_rootA "/usr/share/fonts/truetype/ubuntu/Ubuntu-Italic[wdth,wght].ttf" -> drive Z:, root="/", name="/usr/share/fonts/truetype/ubuntu/Ubuntu-Italic[wdth,wght].ttf"
22585.615:0050:trace:file:find_drive_rootA "/usr/share/fonts/truetype/ubuntu/Ubuntu-Italic[wdth,wght].ttf" -> drive Z:, root="/", name="/usr/share/fonts/truetype/ubuntu/Ubuntu-Italic[wdth,wght].ttf"
22585.615:0050:trace:file:find_drive_rootA "/usr/share/fonts/truetype/ubuntu/Ubuntu-Italic[wdth,wght].ttf" -> drive Z:, root="/", name="/usr/share/fonts/truetype/ubuntu/Ubuntu-Italic[wdth,wght].ttf"
22585.615:0050:trace:file:find_drive_rootA "/usr/share/fonts/truetype/ubuntu/Ubuntu-Italic[wdth,wght].ttf" -> drive Z:, root="/", name="/usr/share/fonts/truetype/ubuntu/Ubuntu-Italic[wdth,wght].ttf"
22585.615:0050:trace:file:find_drive_rootA "/usr/share/fonts/truetype/ubuntu/Ubuntu-Italic[wdth,wght].ttf" -> drive Z:, root="/", name="/usr/share/fonts/truetype/ubuntu/Ubuntu-Italic[wdth,wght].ttf"
22585.615:0050:trace:file:find_drive_rootA "/usr/share/fonts/truetype/ubuntu/Ubuntu-Italic[wdth,wght].ttf" -> drive Z:, root="/", name="/usr/share/fonts/truetype/ubuntu/Ubuntu-Italic[wdth,wght].ttf"
22585.615:0050:trace:file:find_drive_rootA "/usr/share/fonts/truetype/ubuntu/Ubuntu-Italic[wdth,wght].ttf" -> drive Z:, root="/", name="/usr/share/fonts/truetype/ubuntu/Ubuntu-Italic[wdth,wght].ttf"
22585.615:0050:trace:file:find_drive_rootA "/usr/share/fonts/truetype/ubuntu/Ubuntu-L.ttf" -> drive Z:, root="/", name="/usr/share/fonts/truetype/ubuntu/Ubuntu-L.ttf"
22585.615:0050:trace:file:find_drive_rootA "/usr/share/fonts/truetype/ubuntu/Ubuntu-L.ttf" -> drive Z:, root="/", name="/usr/share/fonts/truetype/ubuntu/Ubuntu-L.ttf"
22585.615:0050:trace:file:find_drive_rootA "/usr/share/fonts/truetype/ubuntu/Ubuntu-L.ttf" -> drive Z:, root="/", name="/usr/share/fonts/truetype/ubuntu/Ubuntu-L.ttf"
22585.615:0050:trace:file:find_drive_rootA "/usr/share/fonts/truetype/ubuntu/Ubuntu-L.ttf" -> drive Z:, root="/", name="/usr/share/fonts/truetype/ubuntu/Ubuntu-L.ttf"
22585.615:0050:trace:file:find_drive_rootA "/usr/share/fonts/truetype/ubuntu/Ubuntu-L.ttf" -> drive Z:, root="/", name="/usr/share/fonts/truetype/ubuntu/Ubuntu-L.ttf"
22585.616:0050:trace:file:find_drive_rootA "/usr/share/fonts/truetype/ubuntu/Ubuntu-L.ttf" -> drive Z:, root="/", name="/usr/share/fonts/truetype/ubuntu/Ubuntu-L.ttf"
22585.616:0050:trace:file:find_drive_rootA "/usr/share/fonts/truetype/ubuntu/Ubuntu-L.ttf" -> drive Z:, root="/", name="/usr/share/fonts/truetype/ubuntu/Ubuntu-L.ttf"
22585.616:0050:trace:file:find_drive_rootA "/usr/share/fonts/truetype/ubuntu/Ubuntu-L.ttf" -> drive Z:, root="/", name="/usr/share/fonts/truetype/ubuntu/Ubuntu-L.ttf"
22585.616:0050:trace:file:find_drive_rootA "/usr/share/fonts/truetype/ubuntu/Ubuntu-L.ttf" -> drive Z:, root="/", name="/usr/share/fonts/truetype/ubuntu/Ubuntu-L.ttf"
22585.616:0050:trace:file:find_drive_rootA "/usr/share/fonts/truetype/ubuntu/Ubuntu-L.ttf" -> drive Z:, root="/", name="/usr/share/fonts/truetype/ubuntu/Ubuntu-L.ttf"
22585.616:0050:trace:file:find_drive_rootA "/usr/share/fonts/truetype/ubuntu/Ubuntu-L.ttf" -> drive Z:, root="/", name="/usr/share/fonts/truetype/ubuntu/Ubuntu-L.ttf"
22585.616:0080:trace:file:NtWriteFile (0x24,0x28,(nil),(nil),0x7ffffef0f410,0x7ffffe8d4ae0,0x00000024,(nil),(nil))
22585.616:0050:trace:file:find_drive_rootA "/usr/share/fonts/truetype/ubuntu/Ubuntu-L.ttf" -> drive Z:, root="/", name="/usr/share/fonts/truetype/ubuntu/Ubuntu-L.ttf"
22585.616:0080:trace:file:NtReadFile (0x24,0x28,(nil),(nil),0x7ffffe8d4188,0x7ffffef0f4b0,0x00000010,(nil),(nil))
22585.616:0050:trace:file:find_drive_rootA "/usr/share/fonts/truetype/ubuntu/Ubuntu-L.ttf" -> drive Z:, root="/", name="/usr/share/fonts/truetype/ubuntu/Ubuntu-L.ttf"
22585.616:0078:trace:file:NtReadFile (0xcc,0xfc,(nil),(nil),0x7ffffe8de2e8,0x7ffffe8def00,0x00000008,(nil),(nil))
22585.616:0050:trace:file:find_drive_rootA "/usr/share/fonts/truetype/ubuntu/Ubuntu-LI.ttf" -> drive Z:, root="/", name="/usr/share/fonts/truetype/ubuntu/Ubuntu-LI.ttf"
22585.616:0078:trace:file:NtReadFile (0xcc,0xfc,(nil),(nil),0x7ffffe8de2e8,0x7ffffe8def20,0x0000000c,(nil),(nil))
22585.616:0050:trace:file:find_drive_rootA "/usr/share/fonts/truetype/ubuntu/Ubuntu-LI.ttf" -> drive Z:, root="/", name="/usr/share/fonts/truetype/ubuntu/Ubuntu-LI.ttf"
22585.616:0050:trace:file:find_drive_rootA "/usr/share/fonts/truetype/ubuntu/Ubuntu-LI.ttf" -> drive Z:, root="/", name="/usr/share/fonts/truetype/ubuntu/Ubuntu-LI.ttf"
22585.616:0078:trace:file:NtReadFile (0xcc,0xfc,(nil),(nil),0x7ffffe8de2e8,0x7fffff4efd80,0x00000010,(nil),(nil))
22585.616:0058:trace:file:NtWriteFile (0xcc,0x104,(nil),(nil),0x7fffff1ef970,0x7ffffe8df4c0,0x00000030,(nil),(nil))
22585.616:0050:trace:file:find_drive_rootA "/usr/share/fonts/truetype/ubuntu/Ubuntu-LI.ttf" -> drive Z:, root="/", name="/usr/share/fonts/truetype/ubuntu/Ubuntu-LI.ttf"
22585.616:0050:trace:file:find_drive_rootA "/usr/share/fonts/truetype/ubuntu/Ubuntu-LI.ttf" -> drive Z:, root="/", name="/usr/share/fonts/truetype/ubuntu/Ubuntu-LI.ttf"
22585.616:0080:trace:file:NtReadFile (0x24,0x28,(nil),(nil),0x7ffffe8d4188,0x7ffffe8d4ac0,0x00000008,(nil),(nil))
22585.616:0050:trace:file:find_drive_rootA "/usr/share/fonts/truetype/ubuntu/Ubuntu-LI.ttf" -> drive Z:, root="/", name="/usr/share/fonts/truetype/ubuntu/Ubuntu-LI.ttf"
22585.616:0050:trace:file:find_drive_rootA "/usr/share/fonts/truetype/ubuntu/Ubuntu-LI.ttf" -> drive Z:, root="/", name="/usr/share/fonts/truetype/ubuntu/Ubuntu-LI.ttf"
22585.616:0080:trace:file:NtReadFile (0x24,0x28,(nil),(nil),0x7ffffe8d4188,0x7ffffe8d4ae0,0x00000018,(nil),(nil))
22585.616:0050:trace:file:find_drive_rootA "/usr/share/fonts/truetype/ubuntu/Ubuntu-LI.ttf" -> drive Z:, root="/", name="/usr/share/fonts/truetype/ubuntu/Ubuntu-LI.ttf"
22585.616:0080:trace:file:RtlDosPathNameToNtPathName_U_WithStatus (L"C:\\windows\\system32\\drivers",00007FFFFEF0FB40,0000000000000000,0000000000000000)
22585.616:0080:trace:file:RtlGetFullPathName_U (L"C:\\windows\\system32\\drivers" 520 00007FFFFEF0F8B0 0000000000000000)
22585.616:0050:trace:file:find_drive_rootA "/usr/share/fonts/truetype/ubuntu/Ubuntu-LI.ttf" -> drive Z:, root="/", name="/usr/share/fonts/truetype/ubuntu/Ubuntu-LI.ttf"
22585.616:0080:trace:file:nt_to_unix_file_name_no_root L"\\??\\C:\\windows\\system32\\drivers" -> "/home/k/.wine/dosdevices/c:/windows/system32/drivers"
22585.616:0050:trace:file:find_drive_rootA "/usr/share/fonts/truetype/ubuntu/Ubuntu-LI.ttf" -> drive Z:, root="/", name="/usr/share/fonts/truetype/ubuntu/Ubuntu-LI.ttf"
22585.616:0080:trace:file:NtWriteFile (0x24,0x28,(nil),(nil),0x7ffffef0f420,0x7ffffe8d5060,0x00000048,(nil),(nil))
22585.616:0050:trace:file:find_drive_rootA "/usr/share/fonts/truetype/ubuntu/Ubuntu-LI.ttf" -> drive Z:, root="/", name="/usr/share/fonts/truetype/ubuntu/Ubuntu-LI.ttf"
22585.616:0080:trace:file:NtReadFile (0x24,0x28,(nil),(nil),0x7ffffe8d4188,0x7ffffef0f4c0,0x00000010,(nil),(nil))
22585.616:0050:trace:file:find_drive_rootA "/usr/share/fonts/truetype/ubuntu/Ubuntu-LI.ttf" -> drive Z:, root="/", name="/usr/share/fonts/truetype/ubuntu/Ubuntu-LI.ttf"
22585.616:0050:trace:file:find_drive_rootA "/usr/share/fonts/truetype/ubuntu/Ubuntu-LI.ttf" -> drive Z:, root="/", name="/usr/share/fonts/truetype/ubuntu/Ubuntu-LI.ttf"
22585.616:0078:trace:file:NtReadFile (0xcc,0xfc,(nil),(nil),0x7ffffe8de2e8,0x7ffffe8def00,0x00000008,(nil),(nil))
22585.616:0050:trace:file:find_drive_rootA "/usr/share/fonts/truetype/ubuntu/Ubuntu-LI.ttf" -> drive Z:, root="/", name="/usr/share/fonts/truetype/ubuntu/Ubuntu-LI.ttf"
22585.616:0078:trace:file:NtReadFile (0xcc,0xfc,(nil),(nil),0x7ffffe8de2e8,0x7ffffe8df4c0,0x00000030,(nil),(nil))
22585.616:0050:trace:file:find_drive_rootA "/usr/share/fonts/truetype/ubuntu/Ubuntu-M.ttf" -> drive Z:, root="/", name="/usr/share/fonts/truetype/ubuntu/Ubuntu-M.ttf"
22585.616:0078:trace:file:NtReadFile (0xcc,0xfc,(nil),(nil),0x7ffffe8de2e8,0x7fffff4efd80,0x00000010,(nil),(nil))
22585.616:0050:trace:file:find_drive_rootA "/usr/share/fonts/truetype/ubuntu/Ubuntu-M.ttf" -> drive Z:, root="/", name="/usr/share/fonts/truetype/ubuntu/Ubuntu-M.ttf"
22585.616:0058:trace:file:NtWriteFile (0xcc,0x104,(nil),(nil),0x7fffff1ef970,0x7ffffe8dd420,0x0000001c,(nil),(nil))
22585.616:0050:trace:file:find_drive_rootA "/usr/share/fonts/truetype/ubuntu/Ubuntu-M.ttf" -> drive Z:, root="/", name="/usr/share/fonts/truetype/ubuntu/Ubuntu-M.ttf"
22585.616:003c:trace:file:NtFsControlFile (0xf4,0xf0,(nil),0x7ffffe2ffaf0,0x7ffffe2ffaf0,0x00110008,(nil),0x00000000,(nil),0x00000000)
22585.616:0050:trace:file:find_drive_rootA "/usr/share/fonts/truetype/ubuntu/Ubuntu-M.ttf" -> drive Z:, root="/", name="/usr/share/fonts/truetype/ubuntu/Ubuntu-M.ttf"
22585.616:003c:trace:file:WriteFile 00000000000000F4 00007FFFFE8DDBE0 34 00007FFFFE2FFA0C 00007FFFFE2FFA10
22585.616:003c:trace:file:NtWriteFile (0xf4,0xf0,(nil),0x7ffffe2ffa10,0x7ffffe2ffa10,0x7ffffe8ddbe0,0x00000022,0x7ffffe2ff978,(nil))
22585.616:0080:trace:file:NtReadFile (0x24,0x28,(nil),(nil),0x7ffffe8d4188,0x7ffffe8d4b20,0x00000008,(nil),(nil))
22585.617:0050:trace:file:find_drive_rootA "/usr/share/fonts/truetype/ubuntu/Ubuntu-M.ttf" -> drive Z:, root="/", name="/usr/share/fonts/truetype/ubuntu/Ubuntu-M.ttf"
22585.617:003c:trace:file:ReadFile 00000000000000F4 00007FFFFE2FFAE0 4 00007FFFFE2FFA0C 00007FFFFE2FFA10
22585.617:0080:trace:file:NtReadFile (0x24,0x28,(nil),(nil),0x7ffffe8d4188,0x7ffffe8d4b40,0x00000004,(nil),(nil))
22585.617:003c:trace:file:NtReadFile (0xf4,0xf0,(nil),0x7ffffe2ffa10,0x7ffffe2ffa10,0x7ffffe2ffae0,0x00000004,0x7ffffe2ff978,(nil))
22585.617:0050:trace:file:find_drive_rootA "/usr/share/fonts/truetype/ubuntu/Ubuntu-M.ttf" -> drive Z:, root="/", name="/usr/share/fonts/truetype/ubuntu/Ubuntu-M.ttf"
22585.617:0050:trace:file:find_drive_rootA "/usr/share/fonts/truetype/ubuntu/Ubuntu-M.ttf" -> drive Z:, root="/", name="/usr/share/fonts/truetype/ubuntu/Ubuntu-M.ttf"
22585.617:007c:trace:file:ReadFile 000000000000002C 00007FFFFE8D4350 18 00007FFFFEC0FF08 0000000000000000
22585.617:007c:trace:file:NtReadFile (0x2c,(nil),(nil),(nil),0x7ffffec0fe70,0x7ffffe8d4350,0x00000012,(nil),(nil))
22585.617:0080:trace:file:NtQueryObject (0xfffffffffffffffe,0x00000002,0x7ffffef0f940,0x00000100,0x7ffffef0f93c)
22585.617:0050:trace:file:find_drive_rootA "/usr/share/fonts/truetype/ubuntu/Ubuntu-M.ttf" -> drive Z:, root="/", name="/usr/share/fonts/truetype/ubuntu/Ubuntu-M.ttf"
22585.617:007c:trace:file:NtWriteFile (0x24,0x28,(nil),(nil),0x7ffffec0f530,0x7ffffe8d4410,0x00000024,(nil),(nil))
22585.617:0050:trace:file:find_drive_rootA "/usr/share/fonts/truetype/ubuntu/Ubuntu-M.ttf" -> drive Z:, root="/", name="/usr/share/fonts/truetype/ubuntu/Ubuntu-M.ttf"
22585.617:0050:trace:file:find_drive_rootA "/usr/share/fonts/truetype/ubuntu/Ubuntu-M.ttf" -> drive Z:, root="/", name="/usr/share/fonts/truetype/ubuntu/Ubuntu-M.ttf"
22585.617:0080:trace:file:NtQueryObject (0x48,0x00000002,0x7ffffef0f730,0x00000100,0x7ffffef0f72c)
22585.617:007c:trace:file:NtReadFile (0x24,0x28,(nil),(nil),0x7ffffe8d4188,0x7ffffec0f5d0,0x00000010,(nil),(nil))
22585.617:0050:trace:file:find_drive_rootA "/usr/share/fonts/truetype/ubuntu/Ubuntu-M.ttf" -> drive Z:, root="/", name="/usr/share/fonts/truetype/ubuntu/Ubuntu-M.ttf"
22585.617:0078:trace:file:NtReadFile (0xcc,0xfc,(nil),(nil),0x7ffffe8de2e8,0x7ffffe8def00,0x00000008,(nil),(nil))
22585.617:0050:trace:file:find_drive_rootA "/usr/share/fonts/truetype/ubuntu/Ubuntu-M.ttf" -> drive Z:, root="/", name="/usr/share/fonts/truetype/ubuntu/Ubuntu-M.ttf"
22585.617:0050:trace:file:find_drive_rootA "/usr/share/fonts/truetype/ubuntu/Ubuntu-M.ttf" -> drive Z:, root="/", name="/usr/share/fonts/truetype/ubuntu/Ubuntu-M.ttf"
22585.617:0078:trace:file:NtReadFile (0xcc,0xfc,(nil),(nil),0x7ffffe8de2e8,0x7ffffe8def20,0x0000000c,(nil),(nil))
22585.617:0050:trace:file:find_drive_rootA "/usr/share/fonts/truetype/ubuntu/Ubuntu-MI.ttf" -> drive Z:, root="/", name="/usr/share/fonts/truetype/ubuntu/Ubuntu-MI.ttf"
22585.617:0078:trace:file:NtReadFile (0xcc,0xfc,(nil),(nil),0x7ffffe8de2e8,0x7fffff4efd80,0x00000010,(nil),(nil))
22585.617:0050:trace:file:find_drive_rootA "/usr/share/fonts/truetype/ubuntu/Ubuntu-MI.ttf" -> drive Z:, root="/", name="/usr/share/fonts/truetype/ubuntu/Ubuntu-MI.ttf"
22585.617:0058:trace:file:NtWriteFile (0xcc,0x104,(nil),(nil),0x7fffff1ef970,0x7ffffe8df4c0,0x00000030,(nil),(nil))
22585.617:0050:trace:file:find_drive_rootA "/usr/share/fonts/truetype/ubuntu/Ubuntu-MI.ttf" -> drive Z:, root="/", name="/usr/share/fonts/truetype/ubuntu/Ubuntu-MI.ttf"
22585.617:0050:trace:file:find_drive_rootA "/usr/share/fonts/truetype/ubuntu/Ubuntu-MI.ttf" -> drive Z:, root="/", name="/usr/share/fonts/truetype/ubuntu/Ubuntu-MI.ttf"
22585.617:0050:trace:file:find_drive_rootA "/usr/share/fonts/truetype/ubuntu/Ubuntu-MI.ttf" -> drive Z:, root="/", name="/usr/share/fonts/truetype/ubuntu/Ubuntu-MI.ttf"
22585.617:007c:trace:file:NtReadFile (0x24,0x28,(nil),(nil),0x7ffffe8d4188,0x7ffffe8d43f0,0x00000008,(nil),(nil))
22585.617:0050:trace:file:find_drive_rootA "/usr/share/fonts/truetype/ubuntu/Ubuntu-MI.ttf" -> drive Z:, root="/", name="/usr/share/fonts/truetype/ubuntu/Ubuntu-MI.ttf"
22585.617:007c:trace:file:NtReadFile (0x24,0x28,(nil),(nil),0x7ffffe8d4188,0x7ffffe8d4410,0x00000018,(nil),(nil))
22585.617:0050:trace:file:find_drive_rootA "/usr/share/fonts/truetype/ubuntu/Ubuntu-MI.ttf" -> drive Z:, root="/", name="/usr/share/fonts/truetype/ubuntu/Ubuntu-MI.ttf"
22585.617:007c:trace:file:NtWriteFile (0x24,0x28,(nil),(nil),0x7ffffec0f540,0x7ffffe8d5390,0x0000004c,(nil),(nil))
22585.617:0050:trace:file:find_drive_rootA "/usr/share/fonts/truetype/ubuntu/Ubuntu-MI.ttf" -> drive Z:, root="/", name="/usr/share/fonts/truetype/ubuntu/Ubuntu-MI.ttf"
22585.617:0050:trace:file:find_drive_rootA "/usr/share/fonts/truetype/ubuntu/Ubuntu-MI.ttf" -> drive Z:, root="/", name="/usr/share/fonts/truetype/ubuntu/Ubuntu-MI.ttf"
22585.617:007c:trace:file:NtReadFile (0x24,0x28,(nil),(nil),0x7ffffe8d4188,0x7ffffec0f5e0,0x00000010,(nil),(nil))
22585.617:0050:trace:file:find_drive_rootA "/usr/share/fonts/truetype/ubuntu/Ubuntu-MI.ttf" -> drive Z:, root="/", name="/usr/share/fonts/truetype/ubuntu/Ubuntu-MI.ttf"
22585.617:0050:trace:file:find_drive_rootA "/usr/share/fonts/truetype/ubuntu/Ubuntu-MI.ttf" -> drive Z:, root="/", name="/usr/share/fonts/truetype/ubuntu/Ubuntu-MI.ttf"
22585.617:0078:trace:file:NtReadFile (0xcc,0xfc,(nil),(nil),0x7ffffe8de2e8,0x7ffffe8def00,0x00000008,(nil),(nil))
22585.617:0050:trace:file:find_drive_rootA "/usr/share/fonts/truetype/ubuntu/Ubuntu-MI.ttf" -> drive Z:, root="/", name="/usr/share/fonts/truetype/ubuntu/Ubuntu-MI.ttf"
22585.617:0078:trace:file:NtReadFile (0xcc,0xfc,(nil),(nil),0x7ffffe8de2e8,0x7ffffe8df4c0,0x00000034,(nil),(nil))
22585.617:0050:trace:file:find_drive_rootA "/usr/share/fonts/truetype/ubuntu/Ubuntu-MI.ttf" -> drive Z:, root="/", name="/usr/share/fonts/truetype/ubuntu/Ubuntu-MI.ttf"
22585.617:0078:trace:file:NtReadFile (0xcc,0xfc,(nil),(nil),0x7ffffe8de2e8,0x7fffff4efd80,0x00000010,(nil),(nil))
22585.617:0050:trace:file:find_drive_rootA "/usr/share/fonts/truetype/ubuntu/Ubuntu-MI.ttf" -> drive Z:, root="/", name="/usr/share/fonts/truetype/ubuntu/Ubuntu-MI.ttf"
22585.617:0058:trace:file:NtWriteFile (0xcc,0x104,(nil),(nil),0x7fffff1ef970,0x7ffffe8df960,0x00000030,(nil),(nil))
22585.617:0050:trace:file:find_drive_rootA "/usr/share/fonts/truetype/ubuntu/Ubuntu-R.ttf" -> drive Z:, root="/", name="/usr/share/fonts/truetype/ubuntu/Ubuntu-R.ttf"
22585.617:0050:trace:file:find_drive_rootA "/usr/share/fonts/truetype/ubuntu/Ubuntu-R.ttf" -> drive Z:, root="/", name="/usr/share/fonts/truetype/ubuntu/Ubuntu-R.ttf"
22585.617:007c:trace:file:NtReadFile (0x24,0x28,(nil),(nil),0x7ffffe8d4188,0x7ffffe8d4450,0x00000008,(nil),(nil))
22585.617:0050:trace:file:find_drive_rootA "/usr/share/fonts/truetype/ubuntu/Ubuntu-R.ttf" -> drive Z:, root="/", name="/usr/share/fonts/truetype/ubuntu/Ubuntu-R.ttf"
22585.618:007c:trace:file:NtReadFile (0x24,0x28,(nil),(nil),0x7ffffe8d4188,0x7ffffe8d4470,0x00000018,(nil),(nil))
22585.618:0050:trace:file:find_drive_rootA "/usr/share/fonts/truetype/ubuntu/Ubuntu-R.ttf" -> drive Z:, root="/", name="/usr/share/fonts/truetype/ubuntu/Ubuntu-R.ttf"
22585.618:007c:trace:file:NtWriteFile (0x24,0x28,(nil),(nil),0x7ffffec0f580,0x7ffffe8d51c0,0x0000002c,(nil),(nil))
22585.618:0050:trace:file:find_drive_rootA "/usr/share/fonts/truetype/ubuntu/Ubuntu-R.ttf" -> drive Z:, root="/", name="/usr/share/fonts/truetype/ubuntu/Ubuntu-R.ttf"
22585.618:007c:trace:file:NtReadFile (0x24,0x28,(nil),(nil),0x7ffffe8d4188,0x7ffffec0f620,0x00000010,(nil),(nil))
22585.618:0050:trace:file:find_drive_rootA "/usr/share/fonts/truetype/ubuntu/Ubuntu-R.ttf" -> drive Z:, root="/", name="/usr/share/fonts/truetype/ubuntu/Ubuntu-R.ttf"
22585.618:0078:trace:file:NtReadFile (0xcc,0xfc,(nil),(nil),0x7ffffe8de2e8,0x7ffffe8def00,0x00000008,(nil),(nil))
22585.618:0050:trace:file:find_drive_rootA "/usr/share/fonts/truetype/ubuntu/Ubuntu-R.ttf" -> drive Z:, root="/", name="/usr/share/fonts/truetype/ubuntu/Ubuntu-R.ttf"
22585.618:0078:trace:file:NtReadFile (0xcc,0xfc,(nil),(nil),0x7ffffe8de2e8,0x7ffffe8def20,0x00000014,(nil),(nil))
22585.618:0050:trace:file:find_drive_rootA "/usr/share/fonts/truetype/ubuntu/Ubuntu-R.ttf" -> drive Z:, root="/", name="/usr/share/fonts/truetype/ubuntu/Ubuntu-R.ttf"
22585.618:0078:trace:file:NtReadFile (0xcc,0xfc,(nil),(nil),0x7ffffe8de2e8,0x7fffff4efd80,0x00000010,(nil),(nil))
22585.618:0050:trace:file:find_drive_rootA "/usr/share/fonts/truetype/ubuntu/Ubuntu-R.ttf" -> drive Z:, root="/", name="/usr/share/fonts/truetype/ubuntu/Ubuntu-R.ttf"
22585.618:0058:trace:file:NtWriteFile (0xcc,0x104,(nil),(nil),0x7fffff1ef970,0x7fffff5f0a30,0x00000030,(nil),(nil))
22585.618:0050:trace:file:find_drive_rootA "/usr/share/fonts/truetype/ubuntu/Ubuntu-R.ttf" -> drive Z:, root="/", name="/usr/share/fonts/truetype/ubuntu/Ubuntu-R.ttf"
22585.618:0050:trace:file:find_drive_rootA "/usr/share/fonts/truetype/ubuntu/Ubuntu-R.ttf" -> drive Z:, root="/", name="/usr/share/fonts/truetype/ubuntu/Ubuntu-R.ttf"
22585.618:007c:trace:file:NtReadFile (0x24,0x28,(nil),(nil),0x7ffffe8d4188,0x7ffffe8d4510,0x00000008,(nil),(nil))
22585.618:0050:trace:file:find_drive_rootA "/usr/share/fonts/truetype/ubuntu/Ubuntu-R.ttf" -> drive Z:, root="/", name="/usr/share/fonts/truetype/ubuntu/Ubuntu-R.ttf"
22585.618:007c:trace:file:NtReadFile (0x24,0x28,(nil),(nil),0x7ffffe8d4188,0x7ffffe8d4530,0x00000018,(nil),(nil))
22585.618:0050:trace:file:find_drive_rootA "/usr/share/fonts/truetype/ubuntu/Ubuntu-R.ttf" -> drive Z:, root="/", name="/usr/share/fonts/truetype/ubuntu/Ubuntu-R.ttf"
22585.618:007c:trace:file:NtWriteFile (0x24,0x28,(nil),(nil),0x7ffffec0f510,0x7ffffe8d5020,0x00000030,(nil),(nil))
22585.618:0050:trace:file:find_drive_rootA "/usr/share/fonts/truetype/ubuntu/Ubuntu-RI.ttf" -> drive Z:, root="/", name="/usr/share/fonts/truetype/ubuntu/Ubuntu-RI.ttf"
22585.618:007c:trace:file:NtReadFile (0x24,0x28,(nil),(nil),0x7ffffe8d4188,0x7ffffec0f5b0,0x00000010,(nil),(nil))
22585.618:0050:trace:file:find_drive_rootA "/usr/share/fonts/truetype/ubuntu/Ubuntu-RI.ttf" -> drive Z:, root="/", name="/usr/share/fonts/truetype/ubuntu/Ubuntu-RI.ttf"
22585.618:0078:trace:file:NtReadFile (0xcc,0xfc,(nil),(nil),0x7ffffe8de2e8,0x7ffffe8def00,0x00000008,(nil),(nil))
22585.618:0050:trace:file:find_drive_rootA "/usr/share/fonts/truetype/ubuntu/Ubuntu-RI.ttf" -> drive Z:, root="/", name="/usr/share/fonts/truetype/ubuntu/Ubuntu-RI.ttf"
22585.618:0078:trace:file:NtReadFile (0xcc,0xfc,(nil),(nil),0x7ffffe8de2e8,0x7ffffe8def20,0x00000018,(nil),(nil))
22585.618:0050:trace:file:find_drive_rootA "/usr/share/fonts/truetype/ubuntu/Ubuntu-RI.ttf" -> drive Z:, root="/", name="/usr/share/fonts/truetype/ubuntu/Ubuntu-RI.ttf"
22585.618:0078:trace:file:NtReadFile (0xcc,0xfc,(nil),(nil),0x7ffffe8de2e8,0x7fffff4efd80,0x00000010,(nil),(nil))
22585.618:0050:trace:file:find_drive_rootA "/usr/share/fonts/truetype/ubuntu/Ubuntu-RI.ttf" -> drive Z:, root="/", name="/usr/share/fonts/truetype/ubuntu/Ubuntu-RI.ttf"
22585.618:0058:trace:file:NtWriteFile (0xcc,0x104,(nil),(nil),0x7fffff1ef970,0x7ffffe8dfa70,0x00000114,(nil),(nil))
22585.618:0050:trace:file:find_drive_rootA "/usr/share/fonts/truetype/ubuntu/Ubuntu-RI.ttf" -> drive Z:, root="/", name="/usr/share/fonts/truetype/ubuntu/Ubuntu-RI.ttf"
22585.618:0050:trace:file:find_drive_rootA "/usr/share/fonts/truetype/ubuntu/Ubuntu-RI.ttf" -> drive Z:, root="/", name="/usr/share/fonts/truetype/ubuntu/Ubuntu-RI.ttf"
22585.618:007c:trace:file:NtReadFile (0x24,0x28,(nil),(nil),0x7ffffe8d4188,0x7ffffe8d43f0,0x00000008,(nil),(nil))
22585.618:0050:trace:file:find_drive_rootA "/usr/share/fonts/truetype/ubuntu/Ubuntu-RI.ttf" -> drive Z:, root="/", name="/usr/share/fonts/truetype/ubuntu/Ubuntu-RI.ttf"
22585.618:007c:trace:file:NtReadFile (0x24,0x28,(nil),(nil),0x7ffffe8d4188,0x7ffffe8d5420,0x000000fc,(nil),(nil))
22585.618:0050:trace:file:find_drive_rootA "/usr/share/fonts/truetype/ubuntu/Ubuntu-RI.ttf" -> drive Z:, root="/", name="/usr/share/fonts/truetype/ubuntu/Ubuntu-RI.ttf"
22585.618:007c:trace:file:NtWriteFile (0x24,0x28,(nil),(nil),0x7ffffec0f510,0x7ffffe8d51c0,0x00000030,(nil),(nil))
22585.618:0050:trace:file:find_drive_rootA "/usr/share/fonts/truetype/ubuntu/Ubuntu-RI.ttf" -> drive Z:, root="/", name="/usr/share/fonts/truetype/ubuntu/Ubuntu-RI.ttf"
22585.618:007c:trace:file:NtReadFile (0x24,0x28,(nil),(nil),0x7ffffe8d4188,0x7ffffec0f5b0,0x00000010,(nil),(nil))
22585.618:0050:trace:file:find_drive_rootA "/usr/share/fonts/truetype/ubuntu/Ubuntu-RI.ttf" -> drive Z:, root="/", name="/usr/share/fonts/truetype/ubuntu/Ubuntu-RI.ttf"
22585.618:0078:trace:file:NtReadFile (0xcc,0xfc,(nil),(nil),0x7ffffe8de2e8,0x7ffffe8def00,0x00000008,(nil),(nil))
22585.618:0050:trace:file:find_drive_rootA "/usr/share/fonts/truetype/ubuntu/Ubuntu-RI.ttf" -> drive Z:, root="/", name="/usr/share/fonts/truetype/ubuntu/Ubuntu-RI.ttf"
22585.618:0078:trace:file:NtReadFile (0xcc,0xfc,(nil),(nil),0x7ffffe8de2e8,0x7ffffe8def20,0x00000018,(nil),(nil))
22585.618:0050:trace:file:find_drive_rootA "/usr/share/fonts/truetype/ubuntu/Ubuntu-RI.ttf" -> drive Z:, root="/", name="/usr/share/fonts/truetype/ubuntu/Ubuntu-RI.ttf"
22585.618:0078:trace:file:NtReadFile (0xcc,0xfc,(nil),(nil),0x7ffffe8de2e8,0x7fffff4efd80,0x00000010,(nil),(nil))
22585.618:0058:trace:file:NtWriteFile (0xcc,0x104,(nil),(nil),0x7fffff1ef970,0x7ffffe8dfa70,0x00000114,(nil),(nil))
22585.618:0050:trace:file:find_drive_rootA "/usr/share/fonts/truetype/ubuntu/Ubuntu-RI.ttf" -> drive Z:, root="/", name="/usr/share/fonts/truetype/ubuntu/Ubuntu-RI.ttf"
22585.618:0050:trace:file:find_drive_rootA "/usr/share/fonts/truetype/ubuntu/Ubuntu-Th.ttf" -> drive Z:, root="/", name="/usr/share/fonts/truetype/ubuntu/Ubuntu-Th.ttf"
22585.618:007c:trace:file:NtReadFile (0x24,0x28,(nil),(nil),0x7ffffe8d4188,0x7ffffe8d43f0,0x00000008,(nil),(nil))
22585.618:0050:trace:file:find_drive_rootA "/usr/share/fonts/truetype/ubuntu/Ubuntu-Th.ttf" -> drive Z:, root="/", name="/usr/share/fonts/truetype/ubuntu/Ubuntu-Th.ttf"
22585.619:007c:trace:file:NtReadFile (0x24,0x28,(nil),(nil),0x7ffffe8d4188,0x7ffffe8d5420,0x000000fc,(nil),(nil))
22585.619:0050:trace:file:find_drive_rootA "/usr/share/fonts/truetype/ubuntu/Ubuntu-Th.ttf" -> drive Z:, root="/", name="/usr/share/fonts/truetype/ubuntu/Ubuntu-Th.ttf"
22585.619:0050:trace:file:find_drive_rootA "/usr/share/fonts/truetype/ubuntu/Ubuntu-Th.ttf" -> drive Z:, root="/", name="/usr/share/fonts/truetype/ubuntu/Ubuntu-Th.ttf"
22585.619:007c:trace:file:NtWriteFile (0x24,0x28,(nil),(nil),0x7ffffec0f540,0x7ffffe8d5060,0x00000048,(nil),(nil))
22585.619:0050:trace:file:find_drive_rootA "/usr/share/fonts/truetype/ubuntu/Ubuntu-Th.ttf" -> drive Z:, root="/", name="/usr/share/fonts/truetype/ubuntu/Ubuntu-Th.ttf"
22585.619:007c:trace:file:NtReadFile (0x24,0x28,(nil),(nil),0x7ffffe8d4188,0x7ffffec0f5e0,0x00000010,(nil),(nil))
22585.619:0050:trace:file:find_drive_rootA "/usr/share/fonts/truetype/ubuntu/Ubuntu-Th.ttf" -> drive Z:, root="/", name="/usr/share/fonts/truetype/ubuntu/Ubuntu-Th.ttf"
22585.619:0078:trace:file:NtReadFile (0xcc,0xfc,(nil),(nil),0x7ffffe8de2e8,0x7ffffe8def00,0x00000008,(nil),(nil))
22585.619:0050:trace:file:find_drive_rootA "/usr/share/fonts/truetype/ubuntu/Ubuntu-Th.ttf" -> drive Z:, root="/", name="/usr/share/fonts/truetype/ubuntu/Ubuntu-Th.ttf"
22585.619:0078:trace:file:NtReadFile (0xcc,0xfc,(nil),(nil),0x7ffffe8de2e8,0x7fffff5f1210,0x00000030,(nil),(nil))
22585.619:0050:trace:file:find_drive_rootA "/usr/share/fonts/truetype/ubuntu/Ubuntu-Th.ttf" -> drive Z:, root="/", name="/usr/share/fonts/truetype/ubuntu/Ubuntu-Th.ttf"
22585.619:0078:trace:file:NtReadFile (0xcc,0xfc,(nil),(nil),0x7ffffe8de2e8,0x7fffff4efd80,0x00000010,(nil),(nil))
22585.619:0050:trace:file:find_drive_rootA "/usr/share/fonts/truetype/ubuntu/Ubuntu-Th.ttf" -> drive Z:, root="/", name="/usr/share/fonts/truetype/ubuntu/Ubuntu-Th.ttf"
22585.619:0058:trace:file:NtWriteFile (0xcc,0x104,(nil),(nil),0x7fffff1ef970,0x7ffffe8dd420,0x0000001c,(nil),(nil))
22585.619:0050:trace:file:find_drive_rootA "/usr/share/fonts/truetype/ubuntu/Ubuntu-Th.ttf" -> drive Z:, root="/", name="/usr/share/fonts/truetype/ubuntu/Ubuntu-Th.ttf"
22585.619:0050:trace:file:find_drive_rootA "/usr/share/fonts/truetype/ubuntu/Ubuntu-Th.ttf" -> drive Z:, root="/", name="/usr/share/fonts/truetype/ubuntu/Ubuntu-Th.ttf"
22585.619:0050:trace:file:find_drive_rootA "/usr/share/fonts/truetype/ubuntu/Ubuntu-Th.ttf" -> drive Z:, root="/", name="/usr/share/fonts/truetype/ubuntu/Ubuntu-Th.ttf"
22585.619:007c:trace:file:NtReadFile (0x24,0x28,(nil),(nil),0x7ffffe8d4188,0x7ffffe8d43c0,0x00000008,(nil),(nil))
22585.619:0050:trace:file:find_drive_rootA "/usr/share/fonts/truetype/ubuntu/Ubuntu-Th.ttf" -> drive Z:, root="/", name="/usr/share/fonts/truetype/ubuntu/Ubuntu-Th.ttf"
22585.619:007c:trace:file:NtReadFile (0x24,0x28,(nil),(nil),0x7ffffe8d4188,0x7ffffe8d43e0,0x00000004,(nil),(nil))
22585.619:0050:trace:file:find_drive_rootA "/usr/share/fonts/truetype/ubuntu/UbuntuMono-B.ttf" -> drive Z:, root="/", name="/usr/share/fonts/truetype/ubuntu/UbuntuMono-B.ttf"
22585.619:0050:trace:file:find_drive_rootA "/usr/share/fonts/truetype/ubuntu/UbuntuMono-B.ttf" -> drive Z:, root="/", name="/usr/share/fonts/truetype/ubuntu/UbuntuMono-B.ttf"
22585.619:0050:trace:file:find_drive_rootA "/usr/share/fonts/truetype/ubuntu/UbuntuMono-B.ttf" -> drive Z:, root="/", name="/usr/share/fonts/truetype/ubuntu/UbuntuMono-B.ttf"
22585.619:0050:trace:file:find_drive_rootA "/usr/share/fonts/truetype/ubuntu/UbuntuMono-B.ttf" -> drive Z:, root="/", name="/usr/share/fonts/truetype/ubuntu/UbuntuMono-B.ttf"
22585.619:0050:trace:file:find_drive_rootA "/usr/share/fonts/truetype/ubuntu/UbuntuMono-BI.ttf" -> drive Z:, root="/", name="/usr/share/fonts/truetype/ubuntu/UbuntuMono-BI.ttf"
22585.619:007c:trace:file:RtlDosPathNameToNtPathName_U_WithStatus (L"C:\\windows\\system32\\drivers\\wineusb.sys",00007FFFFEC0F720,0000000000000000,0000000000000000)
22585.619:007c:trace:file:RtlGetFullPathName_U (L"C:\\windows\\system32\\drivers\\wineusb.sys" 520 00007FFFFEC0F2F0 0000000000000000)
22585.619:007c:trace:file:NtCreateFile handle=0x7ffffec0f338 access=80100000 name=L"\\??\\C:\\windows\\system32\\drivers\\wineusb.sys" objattr=00000040 root=(nil) sec=(nil) io=0x7ffffec0f340 alloc_size=(nil) attr=00000000 sharing=00000005 disp=1 options=00000060 ea=(nil).0x00000000
22585.619:0050:trace:file:find_drive_rootA "/usr/share/fonts/truetype/ubuntu/UbuntuMono-BI.ttf" -> drive Z:, root="/", name="/usr/share/fonts/truetype/ubuntu/UbuntuMono-BI.ttf"
22585.619:007c:trace:file:nt_to_unix_file_name_no_root L"\\??\\C:\\windows\\system32\\drivers\\wineusb.sys" -> "/home/k/.wine/dosdevices/c:/windows/system32/drivers/wineusb.sys"
22585.619:0050:trace:file:find_drive_rootA "/usr/share/fonts/truetype/ubuntu/UbuntuMono-BI.ttf" -> drive Z:, root="/", name="/usr/share/fonts/truetype/ubuntu/UbuntuMono-BI.ttf"
22585.619:007c:trace:file:NtFsControlFile (0x48,(nil),(nil),(nil),0x7ffffec0f340,0x0009009c,(nil),0x00000000,0x7ffffec0f380,0x00000040)
22585.619:0050:trace:file:find_drive_rootA "/usr/share/fonts/truetype/ubuntu/UbuntuMono-BI.ttf" -> drive Z:, root="/", name="/usr/share/fonts/truetype/ubuntu/UbuntuMono-BI.ttf"
22585.619:0050:trace:file:find_drive_rootA "/usr/share/fonts/truetype/ubuntu/UbuntuMono-Italic[wght].ttf" -> drive Z:, root="/", name="/usr/share/fonts/truetype/ubuntu/UbuntuMono-Italic[wght].ttf"
22585.619:0050:trace:file:find_drive_rootA "/usr/share/fonts/truetype/ubuntu/UbuntuMono-Italic[wght].ttf" -> drive Z:, root="/", name="/usr/share/fonts/truetype/ubuntu/UbuntuMono-Italic[wght].ttf"
22585.619:0050:trace:file:find_drive_rootA "/usr/share/fonts/truetype/ubuntu/UbuntuMono-Italic[wght].ttf" -> drive Z:, root="/", name="/usr/share/fonts/truetype/ubuntu/UbuntuMono-Italic[wght].ttf"
22585.619:0050:trace:file:find_drive_rootA "/usr/share/fonts/truetype/ubuntu/UbuntuMono-Italic[wght].ttf" -> drive Z:, root="/", name="/usr/share/fonts/truetype/ubuntu/UbuntuMono-Italic[wght].ttf"
22585.619:0050:trace:file:find_drive_rootA "/usr/share/fonts/truetype/ubuntu/UbuntuMono-R.ttf" -> drive Z:, root="/", name="/usr/share/fonts/truetype/ubuntu/UbuntuMono-R.ttf"
22585.619:0050:trace:file:find_drive_rootA "/usr/share/fonts/truetype/ubuntu/UbuntuMono-R.ttf" -> drive Z:, root="/", name="/usr/share/fonts/truetype/ubuntu/UbuntuMono-R.ttf"
22585.619:0050:trace:file:find_drive_rootA "/usr/share/fonts/truetype/ubuntu/UbuntuMono-R.ttf" -> drive Z:, root="/", name="/usr/share/fonts/truetype/ubuntu/UbuntuMono-R.ttf"
22585.619:0050:trace:file:find_drive_rootA "/usr/share/fonts/truetype/ubuntu/UbuntuMono-R.ttf" -> drive Z:, root="/", name="/usr/share/fonts/truetype/ubuntu/UbuntuMono-R.ttf"
22585.619:0050:trace:file:find_drive_rootA "/usr/share/fonts/truetype/ubuntu/UbuntuMono-RI.ttf" -> drive Z:, root="/", name="/usr/share/fonts/truetype/ubuntu/UbuntuMono-RI.ttf"
22585.619:0050:trace:file:find_drive_rootA "/usr/share/fonts/truetype/ubuntu/UbuntuMono-RI.ttf" -> drive Z:, root="/", name="/usr/share/fonts/truetype/ubuntu/UbuntuMono-RI.ttf"
22585.620:0050:trace:file:find_drive_rootA "/usr/share/fonts/truetype/ubuntu/UbuntuMono-RI.ttf" -> drive Z:, root="/", name="/usr/share/fonts/truetype/ubuntu/UbuntuMono-RI.ttf"
22585.620:0050:trace:file:find_drive_rootA "/usr/share/fonts/truetype/ubuntu/UbuntuMono-RI.ttf" -> drive Z:, root="/", name="/usr/share/fonts/truetype/ubuntu/UbuntuMono-RI.ttf"
22585.620:007c:trace:loaddll:build_module Loaded L"C:\\windows\\system32\\drivers\\wineusb.sys" at 00006FFFFB4F0000: builtin
22585.620:0050:trace:file:find_drive_rootA "/usr/share/fonts/truetype/ubuntu/UbuntuMono[wght].ttf" -> drive Z:, root="/", name="/usr/share/fonts/truetype/ubuntu/UbuntuMono[wght].ttf"
22585.620:0050:trace:file:find_drive_rootA "/usr/share/fonts/truetype/ubuntu/UbuntuMono[wght].ttf" -> drive Z:, root="/", name="/usr/share/fonts/truetype/ubuntu/UbuntuMono[wght].ttf"
22585.620:0050:trace:file:find_drive_rootA "/usr/share/fonts/truetype/ubuntu/UbuntuMono[wght].ttf" -> drive Z:, root="/", name="/usr/share/fonts/truetype/ubuntu/UbuntuMono[wght].ttf"
22585.620:0050:trace:file:find_drive_rootA "/usr/share/fonts/truetype/ubuntu/UbuntuMono[wght].ttf" -> drive Z:, root="/", name="/usr/share/fonts/truetype/ubuntu/UbuntuMono[wght].ttf"
22585.620:0050:trace:file:find_drive_rootA "/usr/share/fonts/truetype/ubuntu/UbuntuSans-Italic[wdth,wght].ttf" -> drive Z:, root="/", name="/usr/share/fonts/truetype/ubuntu/UbuntuSans-Italic[wdth,wght].ttf"
22585.620:0050:trace:file:find_drive_rootA "/usr/share/fonts/truetype/ubuntu/UbuntuSans-Italic[wdth,wght].ttf" -> drive Z:, root="/", name="/usr/share/fonts/truetype/ubuntu/UbuntuSans-Italic[wdth,wght].ttf"
22585.620:0050:trace:file:find_drive_rootA "/usr/share/fonts/truetype/ubuntu/UbuntuSans-Italic[wdth,wght].ttf" -> drive Z:, root="/", name="/usr/share/fonts/truetype/ubuntu/UbuntuSans-Italic[wdth,wght].ttf"
22585.620:0050:trace:file:find_drive_rootA "/usr/share/fonts/truetype/ubuntu/UbuntuSans-Italic[wdth,wght].ttf" -> drive Z:, root="/", name="/usr/share/fonts/truetype/ubuntu/UbuntuSans-Italic[wdth,wght].ttf"
22585.620:0050:trace:file:find_drive_rootA "/usr/share/fonts/truetype/ubuntu/UbuntuSans-Italic[wdth,wght].ttf" -> drive Z:, root="/", name="/usr/share/fonts/truetype/ubuntu/UbuntuSans-Italic[wdth,wght].ttf"
22585.620:007c:trace:file:RtlDosPathNameToNtPathName_U_WithStatus (L"C:\\windows\\system32\\setupapi.dll",00007FFFFEC0F580,0000000000000000,0000000000000000)
22585.620:007c:trace:file:RtlGetFullPathName_U (L"C:\\windows\\system32\\setupapi.dll" 520 00007FFFFEC0F0C0 0000000000000000)
22585.620:0050:trace:file:find_drive_rootA "/usr/share/fonts/truetype/ubuntu/UbuntuSans-Italic[wdth,wght].ttf" -> drive Z:, root="/", name="/usr/share/fonts/truetype/ubuntu/UbuntuSans-Italic[wdth,wght].ttf"
22585.620:007c:trace:file:NtCreateFile handle=0x7ffffec0f108 access=80100000 name=L"\\??\\C:\\windows\\system32\\setupapi.dll" objattr=00000040 root=(nil) sec=(nil) io=0x7ffffec0f110 alloc_size=(nil) attr=00000000 sharing=00000005 disp=1 options=00000060 ea=(nil).0x00000000
22585.620:007c:trace:file:nt_to_unix_file_name_no_root L"\\??\\C:\\windows\\system32\\setupapi.dll" -> "/home/k/.wine/dosdevices/c:/windows/system32/setupapi.dll"
22585.620:0050:trace:file:find_drive_rootA "/usr/share/fonts/truetype/ubuntu/UbuntuSans-Italic[wdth,wght].ttf" -> drive Z:, root="/", name="/usr/share/fonts/truetype/ubuntu/UbuntuSans-Italic[wdth,wght].ttf"
22585.620:007c:trace:file:NtFsControlFile (0x48,(nil),(nil),(nil),0x7ffffec0f110,0x0009009c,(nil),0x00000000,0x7ffffec0f150,0x00000040)
22585.620:0050:trace:file:find_drive_rootA "/usr/share/fonts/truetype/ubuntu/UbuntuSans-Italic[wdth,wght].ttf" -> drive Z:, root="/", name="/usr/share/fonts/truetype/ubuntu/UbuntuSans-Italic[wdth,wght].ttf"
22585.620:0050:trace:file:find_drive_rootA "/usr/share/fonts/truetype/ubuntu/UbuntuSans-Italic[wdth,wght].ttf" -> drive Z:, root="/", name="/usr/share/fonts/truetype/ubuntu/UbuntuSans-Italic[wdth,wght].ttf"
22585.620:0050:trace:file:find_drive_rootA "/usr/share/fonts/truetype/ubuntu/UbuntuSans-Italic[wdth,wght].ttf" -> drive Z:, root="/", name="/usr/share/fonts/truetype/ubuntu/UbuntuSans-Italic[wdth,wght].ttf"
22585.620:0050:trace:file:find_drive_rootA "/usr/share/fonts/truetype/ubuntu/UbuntuSans-Italic[wdth,wght].ttf" -> drive Z:, root="/", name="/usr/share/fonts/truetype/ubuntu/UbuntuSans-Italic[wdth,wght].ttf"
22585.620:0050:trace:file:find_drive_rootA "/usr/share/fonts/truetype/ubuntu/UbuntuSans-Italic[wdth,wght].ttf" -> drive Z:, root="/", name="/usr/share/fonts/truetype/ubuntu/UbuntuSans-Italic[wdth,wght].ttf"
22585.620:0050:trace:file:find_drive_rootA "/usr/share/fonts/truetype/ubuntu/UbuntuSans-Italic[wdth,wght].ttf" -> drive Z:, root="/", name="/usr/share/fonts/truetype/ubuntu/UbuntuSans-Italic[wdth,wght].ttf"
22585.620:0050:trace:file:find_drive_rootA "/usr/share/fonts/truetype/ubuntu/UbuntuSans-Italic[wdth,wght].ttf" -> drive Z:, root="/", name="/usr/share/fonts/truetype/ubuntu/UbuntuSans-Italic[wdth,wght].ttf"
22585.620:0050:trace:file:find_drive_rootA "/usr/share/fonts/truetype/ubuntu/UbuntuSans-Italic[wdth,wght].ttf" -> drive Z:, root="/", name="/usr/share/fonts/truetype/ubuntu/UbuntuSans-Italic[wdth,wght].ttf"
22585.620:0050:trace:file:find_drive_rootA "/usr/share/fonts/truetype/ubuntu/UbuntuSans-Italic[wdth,wght].ttf" -> drive Z:, root="/", name="/usr/share/fonts/truetype/ubuntu/UbuntuSans-Italic[wdth,wght].ttf"
22585.620:0050:trace:file:find_drive_rootA "/usr/share/fonts/truetype/ubuntu/UbuntuSans-Italic[wdth,wght].ttf" -> drive Z:, root="/", name="/usr/share/fonts/truetype/ubuntu/UbuntuSans-Italic[wdth,wght].ttf"
22585.620:0050:trace:file:find_drive_rootA "/usr/share/fonts/truetype/ubuntu/UbuntuSansMono-Italic[wght].ttf" -> drive Z:, root="/", name="/usr/share/fonts/truetype/ubuntu/UbuntuSansMono-Italic[wght].ttf"
22585.620:0050:trace:file:find_drive_rootA "/usr/share/fonts/truetype/ubuntu/UbuntuSansMono-Italic[wght].ttf" -> drive Z:, root="/", name="/usr/share/fonts/truetype/ubuntu/UbuntuSansMono-Italic[wght].ttf"
22585.620:007c:trace:loaddll:build_module Loaded L"C:\\windows\\system32\\setupapi.dll" at 00006FFFFB7C0000: builtin
22585.621:0050:trace:file:find_drive_rootA "/usr/share/fonts/truetype/ubuntu/UbuntuSansMono-Italic[wght].ttf" -> drive Z:, root="/", name="/usr/share/fonts/truetype/ubuntu/UbuntuSansMono-Italic[wght].ttf"
22585.621:0050:trace:file:find_drive_rootA "/usr/share/fonts/truetype/ubuntu/UbuntuSansMono-Italic[wght].ttf" -> drive Z:, root="/", name="/usr/share/fonts/truetype/ubuntu/UbuntuSansMono-Italic[wght].ttf"
22585.621:0050:trace:file:find_drive_rootA "/usr/share/fonts/truetype/ubuntu/UbuntuSansMono-Italic[wght].ttf" -> drive Z:, root="/", name="/usr/share/fonts/truetype/ubuntu/UbuntuSansMono-Italic[wght].ttf"
22585.621:0050:trace:file:find_drive_rootA "/usr/share/fonts/truetype/ubuntu/UbuntuSansMono[wght].ttf" -> drive Z:, root="/", name="/usr/share/fonts/truetype/ubuntu/UbuntuSansMono[wght].ttf"
22585.621:0050:trace:file:find_drive_rootA "/usr/share/fonts/truetype/ubuntu/UbuntuSansMono[wght].ttf" -> drive Z:, root="/", name="/usr/share/fonts/truetype/ubuntu/UbuntuSansMono[wght].ttf"
22585.621:0050:trace:file:find_drive_rootA "/usr/share/fonts/truetype/ubuntu/UbuntuSansMono[wght].ttf" -> drive Z:, root="/", name="/usr/share/fonts/truetype/ubuntu/UbuntuSansMono[wght].ttf"
22585.621:0050:trace:file:find_drive_rootA "/usr/share/fonts/truetype/ubuntu/UbuntuSansMono[wght].ttf" -> drive Z:, root="/", name="/usr/share/fonts/truetype/ubuntu/UbuntuSansMono[wght].ttf"
22585.621:0050:trace:file:find_drive_rootA "/usr/share/fonts/truetype/ubuntu/UbuntuSansMono[wght].ttf" -> drive Z:, root="/", name="/usr/share/fonts/truetype/ubuntu/UbuntuSansMono[wght].ttf"
22585.621:0050:trace:file:find_drive_rootA "/usr/share/fonts/truetype/ubuntu/UbuntuSansMono[wght].ttf" -> drive Z:, root="/", name="/usr/share/fonts/truetype/ubuntu/UbuntuSansMono[wght].ttf"
22585.621:0050:trace:file:find_drive_rootA "/usr/share/fonts/truetype/ubuntu/UbuntuSansMono[wght].ttf" -> drive Z:, root="/", name="/usr/share/fonts/truetype/ubuntu/UbuntuSansMono[wght].ttf"
22585.621:0050:trace:file:find_drive_rootA "/usr/share/fonts/truetype/ubuntu/UbuntuSansMono[wght].ttf" -> drive Z:, root="/", name="/usr/share/fonts/truetype/ubuntu/UbuntuSansMono[wght].ttf"
22585.621:0050:trace:file:find_drive_rootA "/usr/share/fonts/truetype/ubuntu/UbuntuSans[wdth,wght].ttf" -> drive Z:, root="/", name="/usr/share/fonts/truetype/ubuntu/UbuntuSans[wdth,wght].ttf"
22585.621:0050:trace:file:find_drive_rootA "/usr/share/fonts/truetype/ubuntu/UbuntuSans[wdth,wght].ttf" -> drive Z:, root="/", name="/usr/share/fonts/truetype/ubuntu/UbuntuSans[wdth,wght].ttf"
22585.621:0050:trace:file:find_drive_rootA "/usr/share/fonts/truetype/ubuntu/UbuntuSans[wdth,wght].ttf" -> drive Z:, root="/", name="/usr/share/fonts/truetype/ubuntu/UbuntuSans[wdth,wght].ttf"
22585.621:0050:trace:file:find_drive_rootA "/usr/share/fonts/truetype/ubuntu/UbuntuSans[wdth,wght].ttf" -> drive Z:, root="/", name="/usr/share/fonts/truetype/ubuntu/UbuntuSans[wdth,wght].ttf"
22585.621:0050:trace:file:find_drive_rootA "/usr/share/fonts/truetype/ubuntu/UbuntuSans[wdth,wght].ttf" -> drive Z:, root="/", name="/usr/share/fonts/truetype/ubuntu/UbuntuSans[wdth,wght].ttf"
22585.621:007c:trace:file:NtWriteFile (0x24,0x28,(nil),(nil),0x7ffffec0ea90,0x7ffffe8d4500,0x00000024,(nil),(nil))
22585.621:0050:trace:file:find_drive_rootA "/usr/share/fonts/truetype/ubuntu/UbuntuSans[wdth,wght].ttf" -> drive Z:, root="/", name="/usr/share/fonts/truetype/ubuntu/UbuntuSans[wdth,wght].ttf"
22585.621:007c:trace:file:NtReadFile (0x24,0x28,(nil),(nil),0x7ffffe8d4188,0x7ffffec0eb30,0x00000010,(nil),(nil))
22585.621:0050:trace:file:find_drive_rootA "/usr/share/fonts/truetype/ubuntu/UbuntuSans[wdth,wght].ttf" -> drive Z:, root="/", name="/usr/share/fonts/truetype/ubuntu/UbuntuSans[wdth,wght].ttf"
22585.621:0078:trace:file:NtReadFile (0xcc,0xfc,(nil),(nil),0x7ffffe8de2e8,0x7ffffe8def00,0x00000008,(nil),(nil))
22585.621:0078:trace:file:NtReadFile (0xcc,0xfc,(nil),(nil),0x7ffffe8de2e8,0x7ffffe8def20,0x0000000c,(nil),(nil))
22585.621:0050:trace:file:find_drive_rootA "/usr/share/fonts/truetype/ubuntu/UbuntuSans[wdth,wght].ttf" -> drive Z:, root="/", name="/usr/share/fonts/truetype/ubuntu/UbuntuSans[wdth,wght].ttf"
22585.621:0078:trace:file:NtReadFile (0xcc,0xfc,(nil),(nil),0x7ffffe8de2e8,0x7fffff4efd80,0x00000010,(nil),(nil))
22585.621:0050:trace:file:find_drive_rootA "/usr/share/fonts/truetype/ubuntu/UbuntuSans[wdth,wght].ttf" -> drive Z:, root="/", name="/usr/share/fonts/truetype/ubuntu/UbuntuSans[wdth,wght].ttf"
22585.621:0058:trace:file:NtWriteFile (0xcc,0x104,(nil),(nil),0x7fffff1ef970,0x7fffff5f0a30,0x00000030,(nil),(nil))
22585.621:0050:trace:file:find_drive_rootA "/usr/share/fonts/truetype/ubuntu/UbuntuSans[wdth,wght].ttf" -> drive Z:, root="/", name="/usr/share/fonts/truetype/ubuntu/UbuntuSans[wdth,wght].ttf"
22585.621:007c:trace:file:NtReadFile (0x24,0x28,(nil),(nil),0x7ffffe8d4188,0x7ffffe8d44b0,0x00000008,(nil),(nil))
22585.622:0050:trace:file:find_drive_rootA "/usr/share/fonts/truetype/ubuntu/UbuntuSans[wdth,wght].ttf" -> drive Z:, root="/", name="/usr/share/fonts/truetype/ubuntu/UbuntuSans[wdth,wght].ttf"
22585.622:007c:trace:file:NtReadFile (0x24,0x28,(nil),(nil),0x7ffffe8d4188,0x7ffffe8d4500,0x00000018,(nil),(nil))
22585.622:007c:trace:file:NtWriteFile (0x24,0x28,(nil),(nil),0x7ffffec0eaa0,0x7ffffe8d6220,0x0000004c,(nil),(nil))
22585.622:0050:trace:file:find_drive_rootA "/usr/share/fonts/truetype/ubuntu/UbuntuSans[wdth,wght].ttf" -> drive Z:, root="/", name="/usr/share/fonts/truetype/ubuntu/UbuntuSans[wdth,wght].ttf"
22585.622:007c:trace:file:NtReadFile (0x24,0x28,(nil),(nil),0x7ffffe8d4188,0x7ffffec0eb40,0x00000010,(nil),(nil))
22585.622:0050:trace:file:find_drive_rootA "/usr/share/fonts/truetype/ubuntu/UbuntuSans[wdth,wght].ttf" -> drive Z:, root="/", name="/usr/share/fonts/truetype/ubuntu/UbuntuSans[wdth,wght].ttf"
22585.622:0078:trace:file:NtReadFile (0xcc,0xfc,(nil),(nil),0x7ffffe8de2e8,0x7ffffe8def00,0x00000008,(nil),(nil))
22585.622:0050:trace:file:find_drive_rootA "/usr/share/fonts/truetype/ubuntu/UbuntuSans[wdth,wght].ttf" -> drive Z:, root="/", name="/usr/share/fonts/truetype/ubuntu/UbuntuSans[wdth,wght].ttf"
22585.622:0078:trace:file:NtReadFile (0xcc,0xfc,(nil),(nil),0x7ffffe8de2e8,0x7fffff5f1210,0x00000034,(nil),(nil))
22585.622:0050:trace:file:find_drive_rootA "/usr/share/fonts/truetype/ubuntu/UbuntuSans[wdth,wght].ttf" -> drive Z:, root="/", name="/usr/share/fonts/truetype/ubuntu/UbuntuSans[wdth,wght].ttf"
22585.622:0078:trace:file:NtReadFile (0xcc,0xfc,(nil),(nil),0x7ffffe8de2e8,0x7fffff4efd80,0x00000010,(nil),(nil))
22585.622:0058:trace:file:NtWriteFile (0xcc,0x104,(nil),(nil),0x7fffff1ef970,0x7fffff5f0a70,0x00000030,(nil),(nil))
22585.622:0050:trace:file:find_drive_rootA "/usr/share/fonts/truetype/ubuntu/UbuntuSans[wdth,wght].ttf" -> drive Z:, root="/", name="/usr/share/fonts/truetype/ubuntu/UbuntuSans[wdth,wght].ttf"
22585.622:007c:trace:file:NtReadFile (0x24,0x28,(nil),(nil),0x7ffffe8d4188,0x7ffffe8d4540,0x00000008,(nil),(nil))
22585.622:0050:trace:file:find_drive_rootA "/usr/share/fonts/truetype/ubuntu/UbuntuSans[wdth,wght].ttf" -> drive Z:, root="/", name="/usr/share/fonts/truetype/ubuntu/UbuntuSans[wdth,wght].ttf"
22585.622:007c:trace:file:NtReadFile (0x24,0x28,(nil),(nil),0x7ffffe8d4188,0x7ffffe8d4560,0x00000018,(nil),(nil))
22585.622:0050:trace:file:find_drive_rootA "/usr/share/fonts/truetype/ubuntu/Ubuntu[wdth,wght].ttf" -> drive Z:, root="/", name="/usr/share/fonts/truetype/ubuntu/Ubuntu[wdth,wght].ttf"
22585.622:007c:trace:file:NtWriteFile (0x24,0x28,(nil),(nil),0x7ffffec0eae0,0x7ffffe8d62a0,0x0000002c,(nil),(nil))
22585.622:0050:trace:file:find_drive_rootA "/usr/share/fonts/truetype/ubuntu/Ubuntu[wdth,wght].ttf" -> drive Z:, root="/", name="/usr/share/fonts/truetype/ubuntu/Ubuntu[wdth,wght].ttf"
22585.622:007c:trace:file:NtReadFile (0x24,0x28,(nil),(nil),0x7ffffe8d4188,0x7ffffec0eb80,0x00000010,(nil),(nil))
22585.622:0050:trace:file:find_drive_rootA "/usr/share/fonts/truetype/ubuntu/Ubuntu[wdth,wght].ttf" -> drive Z:, root="/", name="/usr/share/fonts/truetype/ubuntu/Ubuntu[wdth,wght].ttf"
22585.622:0078:trace:file:NtReadFile (0xcc,0xfc,(nil),(nil),0x7ffffe8de2e8,0x7ffffe8def00,0x00000008,(nil),(nil))
22585.622:0050:trace:file:find_drive_rootA "/usr/share/fonts/truetype/ubuntu/Ubuntu[wdth,wght].ttf" -> drive Z:, root="/", name="/usr/share/fonts/truetype/ubuntu/Ubuntu[wdth,wght].ttf"
22585.622:0078:trace:file:NtReadFile (0xcc,0xfc,(nil),(nil),0x7ffffe8de2e8,0x7ffffe8def20,0x00000014,(nil),(nil))
22585.622:0050:trace:file:find_drive_rootA "/usr/share/fonts/truetype/ubuntu/Ubuntu[wdth,wght].ttf" -> drive Z:, root="/", name="/usr/share/fonts/truetype/ubuntu/Ubuntu[wdth,wght].ttf"
22585.622:0078:trace:file:NtReadFile (0xcc,0xfc,(nil),(nil),0x7ffffe8de2e8,0x7fffff4efd80,0x00000010,(nil),(nil))
22585.622:0058:trace:file:NtWriteFile (0xcc,0x104,(nil),(nil),0x7fffff1ef970,0x7fffff5f0a70,0x00000030,(nil),(nil))
22585.622:0050:trace:file:find_drive_rootA "/usr/share/fonts/truetype/ubuntu/Ubuntu[wdth,wght].ttf" -> drive Z:, root="/", name="/usr/share/fonts/truetype/ubuntu/Ubuntu[wdth,wght].ttf"
22585.622:0050:trace:file:find_drive_rootA "/usr/share/fonts/truetype/ubuntu/Ubuntu[wdth,wght].ttf" -> drive Z:, root="/", name="/usr/share/fonts/truetype/ubuntu/Ubuntu[wdth,wght].ttf"
22585.622:007c:trace:file:NtReadFile (0x24,0x28,(nil),(nil),0x7ffffe8d4188,0x7ffffe8d4600,0x00000008,(nil),(nil))
22585.622:007c:trace:file:NtReadFile (0x24,0x28,(nil),(nil),0x7ffffe8d4188,0x7ffffe8d4620,0x00000018,(nil),(nil))
22585.622:0050:trace:file:find_drive_rootA "/usr/share/fonts/truetype/ubuntu/Ubuntu[wdth,wght].ttf" -> drive Z:, root="/", name="/usr/share/fonts/truetype/ubuntu/Ubuntu[wdth,wght].ttf"
22585.622:007c:trace:file:NtWriteFile (0x24,0x28,(nil),(nil),0x7ffffec0ea70,0x7ffffe8d5060,0x00000030,(nil),(nil))
22585.622:0050:trace:file:find_drive_rootA "/usr/share/fonts/truetype/ubuntu/Ubuntu[wdth,wght].ttf" -> drive Z:, root="/", name="/usr/share/fonts/truetype/ubuntu/Ubuntu[wdth,wght].ttf"
22585.622:007c:trace:file:NtReadFile (0x24,0x28,(nil),(nil),0x7ffffe8d4188,0x7ffffec0eb10,0x00000010,(nil),(nil))
22585.622:0050:trace:file:find_drive_rootA "/usr/share/fonts/truetype/ubuntu/Ubuntu[wdth,wght].ttf" -> drive Z:, root="/", name="/usr/share/fonts/truetype/ubuntu/Ubuntu[wdth,wght].ttf"
22585.622:0078:trace:file:NtReadFile (0xcc,0xfc,(nil),(nil),0x7ffffe8de2e8,0x7ffffe8def00,0x00000008,(nil),(nil))
22585.622:0050:trace:file:find_drive_rootA "/usr/share/fonts/truetype/ubuntu/Ubuntu[wdth,wght].ttf" -> drive Z:, root="/", name="/usr/share/fonts/truetype/ubuntu/Ubuntu[wdth,wght].ttf"
22585.622:0078:trace:file:NtReadFile (0xcc,0xfc,(nil),(nil),0x7ffffe8de2e8,0x7ffffe8def20,0x00000018,(nil),(nil))
22585.622:0050:trace:file:find_drive_rootA "/usr/share/fonts/truetype/ubuntu/Ubuntu[wdth,wght].ttf" -> drive Z:, root="/", name="/usr/share/fonts/truetype/ubuntu/Ubuntu[wdth,wght].ttf"
