22585.554:0034:trace:file:RtlDosPathNameToNtPathName_U_WithStatus (L"\\\\?\\Z:\\home\\k",00007FFFFE2FFC70,0000000000000000,0000000000000000)
22585.554:0034:trace:file:NtCreateFile handle=0x7ffffe2ffc68 access=80100000 name=L"\\??\\Z:\\home\\k" objattr=00000040 root=(nil) sec=(nil) io=0x7ffffe2ffc80 alloc_size=(nil) attr=00000080 sharing=00000001 disp=2 options=00000021 ea=(nil).0x00000000
22585.554:0034:trace:file:nt_to_unix_file_name_no_root L"home\\k" not found in "/home/k/.wine/dosdevices/z:"
22585.554:0034:warn:file:NtCreateFile L"\\??\\Z:\\home\\k" not found (c0000035)
22585.554:0034:trace:file:CreateDirectoryW L"\\\\?\\Z:\\home\\k\\.config"
22585.554:0034:trace:file:RtlDosPathNameToNtPathName_U_WithStatus (L"\\\\?\\Z:\\home\\k\\.config",00007FFFFE2FFC70,0000000000000000,0000000000000000)
22585.554:0034:trace:file:NtCreateFile handle=0x7ffffe2ffc68 access=80100000 name=L"\\??\\Z:\\home\\k\\.config" objattr=00000040 root=(nil) sec=(nil) io=0x7ffffe2ffc80 alloc_size=(nil) attr=00000080 sharing=00000001 disp=2 options=00000021 ea=(nil).0x00000000
22585.554:0034:trace:file:nt_to_unix_file_name_no_root L"home\\k\\.config" not found in "/home/k/.wine/dosdevices/z:"
22585.554:0034:warn:file:NtCreateFile L"\\??\\Z:\\home\\k\\.config" not found (c0000035)
22585.554:0034:trace:file:CreateDirectoryW L"\\\\?\\Z:\\home\\k\\.config\\menus"
22585.554:0034:trace:file:RtlDosPathNameToNtPathName_U_WithStatus (L"\\\\?\\Z:\\home\\k\\.config\\menus",00007FFFFE2FFC70,0000000000000000,0000000000000000)
22585.554:0034:trace:file:NtCreateFile handle=0x7ffffe2ffc68 access=80100000 name=L"\\??\\Z:\\home\\k\\.config\\menus" objattr=00000040 root=(nil) sec=(nil) io=0x7ffffe2ffc80 alloc_size=(nil) attr=00000080 sharing=00000001 disp=2 options=00000021 ea=(nil).0x00000000
22585.554:0034:trace:file:nt_to_unix_file_name_no_root L"home\\k\\.config\\menus" not found in "/home/k/.wine/dosdevices/z:"
22585.554:0034:warn:file:NtCreateFile L"\\??\\Z:\\home\\k\\.config\\menus" not found (c0000035)
22585.554:0034:trace:file:CreateDirectoryW L"\\\\?\\Z:\\home\\k\\.config\\menus\\applications-merged"
22585.554:0034:trace:file:RtlDosPathNameToNtPathName_U_WithStatus (L"\\\\?\\Z:\\home\\k\\.config\\menus\\applications-merged",00007FFFFE2FFC70,0000000000000000,0000000000000000)
22585.554:0034:trace:file:NtCreateFile handle=0x7ffffe2ffc68 access=80100000 name=L"\\??\\Z:\\home\\k\\.config\\menus\\applications-merged" objattr=00000040 root=(nil) sec=(nil) io=0x7ffffe2ffc80 alloc_size=(nil) attr=00000080 sharing=00000001 disp=2 options=00000021 ea=(nil).0x00000000
22585.554:0034:trace:file:nt_to_unix_file_name_no_root L"home\\k\\.config\\menus\\applications-merged" not found in "/home/k/.wine/dosdevices/z:"
22585.554:0034:warn:file:NtCreateFile L"\\??\\Z:\\home\\k\\.config\\menus\\applications-merged" not found (c0000035)
22585.554:0034:trace:file:CreateDirectoryW L"\\\\?\\Z:\\home"
22585.554:0034:trace:file:RtlDosPathNameToNtPathName_U_WithStatus (L"\\\\?\\Z:\\home",00007FFFFE2FFC70,0000000000000000,0000000000000000)
22585.554:0034:trace:file:NtCreateFile handle=0x7ffffe2ffc68 access=80100000 name=L"\\??\\Z:\\home" objattr=00000040 root=(nil) sec=(nil) io=0x7ffffe2ffc80 alloc_size=(nil) attr=00000080 sharing=00000001 disp=2 options=00000021 ea=(nil).0x00000000
22585.554:0034:trace:file:nt_to_unix_file_name_no_root L"home" not found in "/home/k/.wine/dosdevices/z:"
22585.554:0034:warn:file:NtCreateFile L"\\??\\Z:\\home" not found (c0000035)
22585.554:0034:trace:file:CreateDirectoryW L"\\\\?\\Z:\\home\\k"
22585.554:0034:trace:file:RtlDosPathNameToNtPathName_U_WithStatus (L"\\\\?\\Z:\\home\\k",00007FFFFE2FFC70,0000000000000000,0000000000000000)
22585.554:0034:trace:file:NtCreateFile handle=0x7ffffe2ffc68 access=80100000 name=L"\\??\\Z:\\home\\k" objattr=00000040 root=(nil) sec=(nil) io=0x7ffffe2ffc80 alloc_size=(nil) attr=00000080 sharing=00000001 disp=2 options=00000021 ea=(nil).0x00000000
22585.555:0034:trace:file:nt_to_unix_file_name_no_root L"home\\k" not found in "/home/k/.wine/dosdevices/z:"
22585.555:0034:warn:file:NtCreateFile L"\\??\\Z:\\home\\k" not found (c0000035)
22585.555:0034:trace:file:CreateDirectoryW L"\\\\?\\Z:\\home\\k\\.local"
22585.555:0034:trace:file:RtlDosPathNameToNtPathName_U_WithStatus (L"\\\\?\\Z:\\home\\k\\.local",00007FFFFE2FFC70,0000000000000000,0000000000000000)
22585.555:0034:trace:file:NtCreateFile handle=0x7ffffe2ffc68 access=80100000 name=L"\\??\\Z:\\home\\k\\.local" objattr=00000040 root=(nil) sec=(nil) io=0x7ffffe2ffc80 alloc_size=(nil) attr=00000080 sharing=00000001 disp=2 options=00000021 ea=(nil).0x00000000
22585.555:0034:trace:file:nt_to_unix_file_name_no_root L"home\\k\\.local" not found in "/home/k/.wine/dosdevices/z:"
22585.555:0034:warn:file:NtCreateFile L"\\??\\Z:\\home\\k\\.local" not found (c0000035)
22585.555:0034:trace:file:CreateDirectoryW L"\\\\?\\Z:\\home\\k\\.local\\share"
22585.555:0034:trace:file:RtlDosPathNameToNtPathName_U_WithStatus (L"\\\\?\\Z:\\home\\k\\.local\\share",00007FFFFE2FFC70,0000000000000000,0000000000000000)
22585.555:0034:trace:file:NtCreateFile handle=0x7ffffe2ffc68 access=80100000 name=L"\\??\\Z:\\home\\k\\.local\\share" objattr=00000040 root=(nil) sec=(nil) io=0x7ffffe2ffc80 alloc_size=(nil) attr=00000080 sharing=00000001 disp=2 options=00000021 ea=(nil).0x00000000
22585.555:0034:trace:file:nt_to_unix_file_name_no_root L"home\\k\\.local\\share" not found in "/home/k/.wine/dosdevices/z:"
22585.555:0034:warn:file:NtCreateFile L"\\??\\Z:\\home\\k\\.local\\share" not found (c0000035)
22585.555:0034:trace:file:CreateDirectoryW L"\\\\?\\Z:\\home\\k\\.local\\share\\desktop-directories"
22585.555:0034:trace:file:RtlDosPathNameToNtPathName_U_WithStatus (L"\\\\?\\Z:\\home\\k\\.local\\share\\desktop-directories",00007FFFFE2FFC70,0000000000000000,0000000000000000)
22585.555:0034:trace:file:NtCreateFile handle=0x7ffffe2ffc68 access=80100000 name=L"\\??\\Z:\\home\\k\\.local\\share\\desktop-directories" objattr=00000040 root=(nil) sec=(nil) io=0x7ffffe2ffc80 alloc_size=(nil) attr=00000080 sharing=00000001 disp=2 options=00000021 ea=(nil).0x00000000
22585.555:0034:trace:file:nt_to_unix_file_name_no_root L"home\\k\\.local\\share\\desktop-directories" not found in "/home/k/.wine/dosdevices/z:"
22585.555:0034:warn:file:NtCreateFile L"\\??\\Z:\\home\\k\\.local\\share\\desktop-directories" not found (c0000035)
22585.555:0034:trace:file:nt_to_unix_file_name_no_root L"\\??\\C:\\windows\\system32\\" -> "/home/k/.wine/dosdevices/c:/windows/system32/"
22585.555:0034:trace:file:nt_to_unix_file_name_no_root L"\\??\\C:\\windows\\system32\\explorer.exe" -> "/home/k/.wine/dosdevices/c:/windows/system32/explorer.exe"
22585.561:0048:trace:file:GetFileAttributesW L"C:\\windows\\system32\\tzres.dll"
22585.561:0048:trace:file:RtlDosPathNameToNtPathName_U_WithStatus (L"C:\\windows\\system32\\tzres.dll",00007FFFFE2FEFA0,0000000000000000,0000000000000000)
22585.561:0048:trace:file:RtlGetFullPathName_U (L"C:\\windows\\system32\\tzres.dll" 520 00007FFFFE2FECE0 0000000000000000)
22585.561:0048:trace:file:nt_to_unix_file_name_no_root L"\\??\\C:\\windows\\system32\\tzres.dll" -> "/home/k/.wine/dosdevices/c:/windows/system32/tzres.dll"
22585.561:0048:trace:file:RtlGetFullPathName_U (L"C:\\windows\\system32\\tzres.dll" 0 0000000000000000 0000000000000000)
22585.561:0048:trace:file:RtlGetFullPathName_U (L"C:\\windows\\system32\\tzres.dll" 60 00007FFFFE325220 0000000000000000)
22585.561:0048:trace:file:RtlDosPathNameToNtPathName_U_WithStatus (L"C:\\windows\\system32\\tzres.dll",00007FFFFE2FEEB0,0000000000000000,0000000000000000)
22585.561:0048:trace:file:RtlGetFullPathName_U (L"C:\\windows\\system32\\tzres.dll" 520 00007FFFFE2FEAB0 0000000000000000)
22585.561:0048:trace:file:NtCreateFile handle=0x7ffffe2feaf8 access=80100000 name=L"\\??\\C:\\windows\\system32\\tzres.dll" objattr=00000040 root=(nil) sec=(nil) io=0x7ffffe2feb00 alloc_size=(nil) attr=00000000 sharing=00000005 disp=1 options=00000060 ea=(nil).0x00000000
22585.561:0048:trace:file:nt_to_unix_file_name_no_root L"\\??\\C:\\windows\\system32\\tzres.dll" -> "/home/k/.wine/dosdevices/c:/windows/system32/tzres.dll"
22585.561:0048:trace:file:NtFsControlFile (0x28,(nil),(nil),(nil),0x7ffffe2feb00,0x0009009c,(nil),0x00000000,0x7ffffe2feb40,0x00000040)
22585.561:0048:trace:file:RtlDosPathNameToNtPathName_U_WithStatus (L"C:\\windows\\system32\\tzres.dll",00007FFFFE2FEB10,0000000000000000,0000000000000000)
22585.561:0048:trace:file:RtlGetFullPathName_U (L"C:\\windows\\system32\\tzres.dll" 520 00007FFFFE2FE890 0000000000000000)
22585.561:0048:trace:file:nt_to_unix_file_name_no_root L"\\??\\C:\\windows\\system32\\tzres.dll" -> "/home/k/.wine/dosdevices/c:/windows/system32/tzres.dll"
22585.561:0048:trace:file:RtlGetFullPathName_U (L"C:\\windows\\system32\\tzres.dll" 520 00007FFFFE2FED10 0000000000000000)
22585.561:0048:trace:file:CreateFileW L"C:\\windows\\system32\\tzres.dll" GENERIC_READ FILE_SHARE_READ FILE_SHARE_DELETE  creation 3 attributes 0x0
22585.561:0048:trace:file:RtlDosPathNameToNtPathName_U_WithStatus (L"C:\\windows\\system32\\tzres.dll",00007FFFFE2FEC30,0000000000000000,0000000000000000)
22585.561:0048:trace:file:RtlGetFullPathName_U (L"C:\\windows\\system32\\tzres.dll" 520 00007FFFFE2FE8F0 0000000000000000)
22585.561:0048:trace:file:NtCreateFile handle=0x7ffffe2fec18 access=80100080 name=L"\\??\\C:\\windows\\system32\\tzres.dll" objattr=00000040 root=(nil) sec=(nil) io=0x7ffffe2fec40 alloc_size=(nil) attr=00000000 sharing=00000005 disp=1 options=00000060 ea=(nil).0x00000000
22585.561:0048:trace:file:nt_to_unix_file_name_no_root L"\\??\\C:\\windows\\system32\\tzres.dll" -> "/home/k/.wine/dosdevices/c:/windows/system32/tzres.dll"
22585.561:0048:trace:file:CreateFileW returning 0000000000000028
22585.562:0048:trace:file:GetFileAttributesW L"C:\\windows\\system32\\tzres.dll"
22585.562:0048:trace:file:RtlDosPathNameToNtPathName_U_WithStatus (L"C:\\windows\\system32\\tzres.dll",00007FFFFE2FEFA0,0000000000000000,0000000000000000)
22585.562:0048:trace:file:RtlGetFullPathName_U (L"C:\\windows\\system32\\tzres.dll" 520 00007FFFFE2FECE0 0000000000000000)
22585.562:0048:trace:file:nt_to_unix_file_name_no_root L"\\??\\C:\\windows\\system32\\tzres.dll" -> "/home/k/.wine/dosdevices/c:/windows/system32/tzres.dll"
22585.562:0048:trace:file:RtlGetFullPathName_U (L"C:\\windows\\system32\\tzres.dll" 0 0000000000000000 0000000000000000)
22585.562:0048:trace:file:RtlGetFullPathName_U (L"C:\\windows\\system32\\tzres.dll" 60 00007FFFFE325300 0000000000000000)
22585.562:0048:trace:file:RtlDosPathNameToNtPathName_U_WithStatus (L"C:\\windows\\system32\\tzres.dll",00007FFFFE2FEEB0,0000000000000000,0000000000000000)
22585.562:0048:trace:file:RtlGetFullPathName_U (L"C:\\windows\\system32\\tzres.dll" 520 00007FFFFE2FEAB0 0000000000000000)
22585.562:0048:trace:file:NtCreateFile handle=0x7ffffe2feaf8 access=80100000 name=L"\\??\\C:\\windows\\system32\\tzres.dll" objattr=00000040 root=(nil) sec=(nil) io=0x7ffffe2feb00 alloc_size=(nil) attr=00000000 sharing=00000005 disp=1 options=00000060 ea=(nil).0x00000000
22585.562:0048:trace:file:nt_to_unix_file_name_no_root L"\\??\\C:\\windows\\system32\\tzres.dll" -> "/home/k/.wine/dosdevices/c:/windows/system32/tzres.dll"
22585.562:0048:trace:file:NtFsControlFile (0x28,(nil),(nil),(nil),0x7ffffe2feb00,0x0009009c,(nil),0x00000000,0x7ffffe2feb40,0x00000040)
22585.562:0048:trace:file:RtlDosPathNameToNtPathName_U_WithStatus (L"C:\\windows\\system32\\tzres.dll",00007FFFFE2FEB10,0000000000000000,0000000000000000)
22585.562:0048:trace:file:RtlGetFullPathName_U (L"C:\\windows\\system32\\tzres.dll" 520 00007FFFFE2FE890 0000000000000000)
22585.562:0048:trace:file:nt_to_unix_file_name_no_root L"\\??\\C:\\windows\\system32\\tzres.dll" -> "/home/k/.wine/dosdevices/c:/windows/system32/tzres.dll"
22585.562:0048:trace:file:RtlGetFullPathName_U (L"C:\\windows\\system32\\tzres.dll" 520 00007FFFFE2FED10 0000000000000000)
22585.562:0048:trace:file:CreateFileW L"C:\\windows\\system32\\tzres.dll" GENERIC_READ FILE_SHARE_READ FILE_SHARE_DELETE  creation 3 attributes 0x0
22585.562:0048:trace:file:RtlDosPathNameToNtPathName_U_WithStatus (L"C:\\windows\\system32\\tzres.dll",00007FFFFE2FEC30,0000000000000000,0000000000000000)
22585.562:0048:trace:file:RtlGetFullPathName_U (L"C:\\windows\\system32\\tzres.dll" 520 00007FFFFE2FE8F0 0000000000000000)
22585.562:0048:trace:file:NtCreateFile handle=0x7ffffe2fec18 access=80100080 name=L"\\??\\C:\\windows\\system32\\tzres.dll" objattr=00000040 root=(nil) sec=(nil) io=0x7ffffe2fec40 alloc_size=(nil) attr=00000000 sharing=00000005 disp=1 options=00000060 ea=(nil).0x00000000
22585.562:0048:trace:file:nt_to_unix_file_name_no_root L"\\??\\C:\\windows\\system32\\tzres.dll" -> "/home/k/.wine/dosdevices/c:/windows/system32/tzres.dll"
22585.562:0048:trace:file:CreateFileW returning 0000000000000028
22585.563:0048:trace:file:RtlDosPathNameToNtPathName_U_WithStatus (L"C:\\windows\\system32\\rpcrt4.dll",00007FFFFE2FF2C0,0000000000000000,0000000000000000)
22585.563:0048:trace:file:RtlGetFullPathName_U (L"C:\\windows\\system32\\rpcrt4.dll" 520 00007FFFFE2FEE00 0000000000000000)
22585.563:0048:trace:file:NtCreateFile handle=0x7ffffe2fee48 access=80100000 name=L"\\??\\C:\\windows\\system32\\rpcrt4.dll" objattr=00000040 root=(nil) sec=(nil) io=0x7ffffe2fee50 alloc_size=(nil) attr=00000000 sharing=00000005 disp=1 options=00000060 ea=(nil).0x00000000
22585.563:0048:trace:file:nt_to_unix_file_name_no_root L"\\??\\C:\\windows\\system32\\rpcrt4.dll" -> "/home/k/.wine/dosdevices/c:/windows/system32/rpcrt4.dll"
22585.563:0048:trace:file:NtFsControlFile (0x24,(nil),(nil),(nil),0x7ffffe2fee50,0x0009009c,(nil),0x00000000,0x7ffffe2fee90,0x00000040)
22585.564:0048:trace:loaddll:build_module Loaded L"C:\\windows\\system32\\rpcrt4.dll" at 00006FFFFD710000: builtin
22585.564:0048:trace:file:CreateFileW L"\\\\.\\pipe\\svcctl" GENERIC_READ GENERIC_WRITE  creation 3 attributes 0x40000000
22585.564:0048:trace:file:RtlDosPathNameToNtPathName_U_WithStatus (L"\\\\.\\pipe\\svcctl",00007FFFFE2FF170,0000000000000000,0000000000000000)
22585.564:0048:trace:file:RtlGetFullPathName_U (L"\\\\.\\pipe\\svcctl" 520 00007FFFFE2FEE30 0000000000000000)
22585.564:0048:trace:file:NtCreateFile handle=0x7ffffe2ff158 access=c0100080 name=L"\\??\\pipe\\svcctl" objattr=00000040 root=(nil) sec=(nil) io=0x7ffffe2ff180 alloc_size=(nil) attr=00000000 sharing=00000000 disp=1 options=00000040 ea=(nil).0x00000000
22585.564:0048:trace:file:CreateFileW returning 0000000000000024
22585.564:0048:trace:file:NtSetInformationFile (0x24,0x7ffffe2ff1d0,0x7ffffe2ff1c8,0x00000008,0x00000017)
22585.564:0048:trace:file:NtWriteFile (0x24,0x28,(nil),(nil),0x7ffffe2ff170,0x7ffffe8d41b0,0x00000048,(nil),(nil))
22585.564:0040:trace:file:RtlDosPathNameToNtPathName_U_WithStatus (L"\\\\.\\pipe\\svcctl",00007FFFFEBEFA10,0000000000000000,0000000000000000)
22585.564:0040:trace:file:RtlGetFullPathName_U (L"\\\\.\\pipe\\svcctl" 520 00007FFFFEBEF700 0000000000000000)
22585.564:0040:trace:file:NtCreateNamedPipeFile (0x7ffffebefa00 c0100000 L"\\??\\pipe\\svcctl" 0x7ffffebefa20 3 3 0 1 1 0 -1 5840 5840 0x7ffffebefa08)
22585.564:0048:trace:file:NtReadFile (0x24,0x28,(nil),(nil),0x7ffffe8d4188,0x7ffffe2ff1c0,0x00000010,(nil),(nil))
22585.564:0040:trace:file:NtFsControlFile (0xcc,0xb4,(nil),(nil),0x7ffffe8d9028,0x00110008,(nil),0x00000000,(nil),0x00000000)
22585.565:0054:trace:file:NtReadFile (0xa0,0xdc,(nil),(nil),0x7ffffe8db358,0x7ffffeeefd80,0x00000010,(nil),(nil))
22585.565:0054:trace:file:NtReadFile (0xa0,0xdc,(nil),(nil),0x7ffffe8db358,0x7ffffe8dbf70,0x0000000c,(nil),(nil))
22585.565:0050:trace:file:find_drive_rootA "/usr/lib/wine/../../share/wine" -> drive Z:, root="/", name="/usr/lib/wine/../../share/wine"
22585.565:0050:trace:file:find_drive_rootA "/home/k" -> drive Z:, root="/", name="/home/k"
22585.565:0050:trace:file:find_drive_rootA "/home/k/.wine" -> drive Z:, root="/", name="/home/k/.wine"
22585.565:0054:trace:file:NtReadFile (0xa0,0xdc,(nil),(nil),0x7ffffe8db358,0x7ffffe8db170,0x0000002c,(nil),(nil))
22585.565:0050:trace:file:find_drive_rootA "/usr/lib/x86_64-linux-gnu/wine" -> drive Z:, root="/", name="/usr/lib/x86_64-linux-gnu/wine"
22585.565:0054:trace:file:NtWriteFile (0xa0,0xdc,(nil),(nil),0x7ffffeeefcc0,0x7ffffe8dc6b0,0x00000044,(nil),(nil))
22585.565:0054:trace:file:NtReadFile (0xa0,0xdc,(nil),(nil),0x7ffffe8db358,0x7ffffeeefd80,0x00000010,(nil),(nil))
22585.566:0048:trace:file:NtReadFile (0x24,0x28,(nil),(nil),0x7ffffe8d4188,0x7ffffe8d3bd0,0x00000008,(nil),(nil))
22585.566:0050:trace:file:nt_to_unix_file_name_no_root L"\\??\\C:\\windows\\system32\\explorer.exe" -> "/home/k/.wine/dosdevices/c:/windows/system32/explorer.exe"
22585.566:0048:trace:file:NtReadFile (0x24,0x28,(nil),(nil),0x7ffffe8d4188,0x7ffffe8d3920,0x0000002c,(nil),(nil))
22585.566:0048:trace:file:NtWriteFile (0x24,0x28,(nil),(nil),0x7ffffe2ff2f0,0x7ffffe8d3bf0,0x00000024,(nil),(nil))
22585.566:0048:trace:file:NtReadFile (0x24,0x28,(nil),(nil),0x7ffffe8d4188,0x7ffffe2ff390,0x00000010,(nil),(nil))
22585.566:0054:trace:file:NtReadFile (0xa0,0xdc,(nil),(nil),0x7ffffe8db358,0x7ffffe8dbf70,0x00000008,(nil),(nil))
22585.566:0054:trace:file:NtReadFile (0xa0,0xdc,(nil),(nil),0x7ffffe8db358,0x7ffffe8dbf90,0x0000000c,(nil),(nil))
22585.566:0054:trace:file:NtReadFile (0xa0,0xdc,(nil),(nil),0x7ffffe8db358,0x7ffffeeefd80,0x00000010,(nil),(nil))
22585.567:0058:trace:file:NtWriteFile (0xa0,0xe4,(nil),(nil),0x7fffff1ef970,0x7ffffe8dc530,0x00000030,(nil),(nil))
22585.567:0048:trace:file:NtReadFile (0x24,0x28,(nil),(nil),0x7ffffe8d4188,0x7ffffe8d3bd0,0x00000008,(nil),(nil))
22585.567:0048:trace:file:NtReadFile (0x24,0x28,(nil),(nil),0x7ffffe8d4188,0x7ffffe8d3bf0,0x00000018,(nil),(nil))
22585.567:0048:trace:file:CreateFileW L"\\\\.\\pipe\\net\\NtControlPipe0" GENERIC_READ GENERIC_WRITE  creation 4 attributes 0x0
22585.567:0048:trace:file:RtlDosPathNameToNtPathName_U_WithStatus (L"\\\\.\\pipe\\net\\NtControlPipe0",00007FFFFE2FFA90,0000000000000000,0000000000000000)
22585.567:0048:trace:file:RtlGetFullPathName_U (L"\\\\.\\pipe\\net\\NtControlPipe0" 520 00007FFFFE2FF750 0000000000000000)
22585.567:0048:trace:file:NtCreateFile handle=0x7ffffe2ffa78 access=c0100080 name=L"\\??\\pipe\\net\\NtControlPipe0" objattr=00000040 root=(nil) sec=(nil) io=0x7ffffe2ffaa0 alloc_size=(nil) attr=00000000 sharing=00000000 disp=3 options=00000060 ea=(nil).0x00000000
22585.567:0048:trace:file:CreateFileW returning 000000000000002C
22585.567:003c:trace:file:GetOverlappedResultEx (00000000000000C8 00007FFFFE2FF6F0 00007FFFFE2FF6D4 0 0)
22585.567:003c:trace:file:WriteFile 00000000000000C8 00007FFFFE8DD8D0 106 00007FFFFE2FF60C 00007FFFFE2FF610
22585.567:003c:trace:file:NtWriteFile (0xc8,0xc4,(nil),0x7ffffe2ff610,0x7ffffe2ff610,0x7ffffe8dd8d0,0x0000006a,0x7ffffe2ff578,(nil))
22585.567:003c:trace:file:ReadFile 00000000000000C8 00007FFFFE2FF6E0 4 00007FFFFE2FF60C 00007FFFFE2FF610
22585.567:003c:trace:file:NtReadFile (0xc8,0xc4,(nil),0x7ffffe2ff610,0x7ffffe2ff610,0x7ffffe2ff6e0,0x00000004,0x7ffffe2ff578,(nil))
22585.567:0050:trace:file:errno_to_status errno = 9
22585.567:0050:trace:file:RtlDosPathNameToNtPathName_U_WithStatus (L"C:\\windows\\system32\\",00007FFFFE2FF6F0,0000000000000000,0000000000000000)
22585.567:0050:trace:file:RtlGetFullPathName_U (L"C:\\windows\\system32\\" 520 00007FFFFE2FF450 0000000000000000)
22585.567:0050:trace:file:NtCreateFile handle=0x7ffffe2ff6e0 access=00100020 name=L"\\??\\C:\\windows\\system32\\" objattr=00000040 root=(nil) sec=(nil) io=0x7ffffe2ff700 alloc_size=(nil) attr=00000000 sharing=00000003 disp=1 options=00000021 ea=(nil).0x00000000
22585.567:0050:trace:file:nt_to_unix_file_name_no_root L"\\??\\C:\\windows\\system32\\" -> "/home/k/.wine/dosdevices/c:/windows/system32/"
22585.568:0050:trace:file:RtlSetCurrentDirectory_U curdir now L"C:\\windows\\system32\\" 0000000000000014
22585.568:005c:trace:file:ReadFile 000000000000002C 00007FFFFEC0FF10 16 00007FFFFEC0FF08 0000000000000000
22585.568:005c:trace:file:NtReadFile (0x2c,(nil),(nil),(nil),0x7ffffec0fe70,0x7ffffec0ff10,0x00000010,(nil),(nil))
22585.568:005c:trace:file:ReadFile 000000000000002C 00007FFFFE8D3960 90 00007FFFFEC0FF08 0000000000000000
22585.568:005c:trace:file:NtReadFile (0x2c,(nil),(nil),(nil),0x7ffffec0fe70,0x7ffffe8d3960,0x0000005a,(nil),(nil))
22585.568:005c:trace:file:NtWriteFile (0x24,0x28,(nil),(nil),0x7ffffec0f690,0x7ffffe8d4890,0x00000054,(nil),(nil))
22585.568:005c:trace:file:NtReadFile (0x24,0x28,(nil),(nil),0x7ffffe8d4188,0x7ffffec0f730,0x00000010,(nil),(nil))
22585.568:0050:trace:file:RtlDosPathNameToNtPathName_U_WithStatus (L"C:\\windows\\system32\\explorer.exe",00007FFFFE2FF9E0,0000000000000000,0000000000000000)
22585.568:0050:trace:file:RtlGetFullPathName_U (L"C:\\windows\\system32\\explorer.exe" 520 00007FFFFE2FF6F0 0000000000000000)
22585.568:0050:trace:loaddll:build_module Loaded L"C:\\windows\\system32\\explorer.exe" at 0000000140000000: builtin
22585.568:0054:trace:file:NtReadFile (0xa0,0xdc,(nil),(nil),0x7ffffe8db358,0x7ffffe8dbf70,0x00000008,(nil),(nil))
22585.568:0050:trace:file:RtlDosPathNameToNtPathName_U_WithStatus (L"C:\\windows\\system32\\kernel32.dll",00007FFFFE2FF840,0000000000000000,0000000000000000)
22585.568:0050:trace:file:RtlGetFullPathName_U (L"C:\\windows\\system32\\kernel32.dll" 520 00007FFFFE2FF380 0000000000000000)
22585.568:0050:trace:file:NtCreateFile handle=0x7ffffe2ff3c8 access=80100000 name=L"\\??\\C:\\windows\\system32\\kernel32.dll" objattr=00000040 root=(nil) sec=(nil) io=0x7ffffe2ff3d0 alloc_size=(nil) attr=00000000 sharing=00000005 disp=1 options=00000060 ea=(nil).0x00000000
22585.568:0050:trace:file:nt_to_unix_file_name_no_root L"\\??\\C:\\windows\\system32\\kernel32.dll" -> "/home/k/.wine/dosdevices/c:/windows/system32/kernel32.dll"
22585.568:0054:trace:file:NtReadFile (0xa0,0xdc,(nil),(nil),0x7ffffe8db358,0x7ffffe8dd950,0x0000003c,(nil),(nil))
22585.568:0050:trace:file:NtFsControlFile (0x18,(nil),(nil),(nil),0x7ffffe2ff3d0,0x0009009c,(nil),0x00000000,0x7ffffe2ff410,0x00000040)
22585.568:0054:trace:file:NtReadFile (0xa0,0xdc,(nil),(nil),0x7ffffe8db358,0x7ffffeeefd80,0x00000010,(nil),(nil))
22585.568:0058:trace:file:NtWriteFile (0xa0,0xe4,(nil),(nil),0x7fffff1ef970,0x7ffffe8dd950,0x00000030,(nil),(nil))
22585.568:005c:trace:file:NtReadFile (0x24,0x28,(nil),(nil),0x7ffffe8d4188,0x7ffffe8d4270,0x00000008,(nil),(nil))
22585.568:005c:trace:file:NtReadFile (0x24,0x28,(nil),(nil),0x7ffffe8d4188,0x7ffffe8d4290,0x00000018,(nil),(nil))
22585.568:005c:trace:file:NtWriteFile (0x24,0x28,(nil),(nil),0x7ffffec0f690,0x7ffffe8d4970,0x00000054,(nil),(nil))
22585.568:005c:trace:file:NtReadFile (0x24,0x28,(nil),(nil),0x7ffffe8d4188,0x7ffffec0f730,0x00000010,(nil),(nil))
22585.568:0054:trace:file:NtReadFile (0xa0,0xdc,(nil),(nil),0x7ffffe8db358,0x7ffffe8dbf70,0x00000008,(nil),(nil))
22585.568:0054:trace:file:NtReadFile (0xa0,0xdc,(nil),(nil),0x7ffffe8db358,0x7ffffe8dd950,0x0000003c,(nil),(nil))
22585.568:0054:trace:file:NtReadFile (0xa0,0xdc,(nil),(nil),0x7ffffe8db358,0x7ffffeeefd80,0x00000010,(nil),(nil))
22585.568:0058:trace:file:NtWriteFile (0xa0,0xe4,(nil),(nil),0x7fffff1ef970,0x7ffffe8ddad0,0x00000030,(nil),(nil))
22585.568:0050:trace:file:RtlDosPathNameToNtPathName_U_WithStatus (L"C:\\windows\\system32\\kernelbase.dll",00007FFFFE2FF1B0,0000000000000000,0000000000000000)
22585.568:0050:trace:file:RtlGetFullPathName_U (L"C:\\windows\\system32\\kernelbase.dll" 520 00007FFFFE2FECF0 0000000000000000)
22585.568:0050:trace:file:NtCreateFile handle=0x7ffffe2fed38 access=80100000 name=L"\\??\\C:\\windows\\system32\\kernelbase.dll" objattr=00000040 root=(nil) sec=(nil) io=0x7ffffe2fed40 alloc_size=(nil) attr=00000000 sharing=00000005 disp=1 options=00000060 ea=(nil).0x00000000
22585.568:0050:trace:file:nt_to_unix_file_name_no_root L"\\??\\C:\\windows\\system32\\kernelbase.dll" -> "/home/k/.wine/dosdevices/c:/windows/system32/kernelbase.dll"
22585.568:005c:trace:file:NtReadFile (0x24,0x28,(nil),(nil),0x7ffffe8d4188,0x7ffffe8d42d0,0x00000008,(nil),(nil))
22585.568:0050:trace:file:NtFsControlFile (0x18,(nil),(nil),(nil),0x7ffffe2fed40,0x0009009c,(nil),0x00000000,0x7ffffe2fed80,0x00000040)
22585.568:005c:trace:file:NtReadFile (0x24,0x28,(nil),(nil),0x7ffffe8d4188,0x7ffffe8d4320,0x00000018,(nil),(nil))
22585.569:005c:trace:file:WriteFile 000000000000002C 00007FFFFEC0FF0C 4 00007FFFFEC0FF08 0000000000000000
22585.569:005c:trace:file:NtWriteFile (0x2c,(nil),(nil),(nil),0x7ffffec0fe70,0x7ffffec0ff0c,0x00000004,(nil),(nil))
22585.569:005c:trace:file:ReadFile 000000000000002C 00007FFFFEC0FF10 16 00007FFFFEC0FF08 0000000000000000
22585.569:005c:trace:file:NtReadFile (0x2c,(nil),(nil),(nil),0x7ffffec0fe70,0x7ffffec0ff10,0x00000010,(nil),(nil))
22585.569:003c:trace:file:GetOverlappedResultEx (00000000000000C8 00007FFFFE2FF610 00007FFFFE2FF60C 0 0)
22585.569:0050:trace:loaddll:build_module Loaded L"C:\\windows\\system32\\kernelbase.dll" at 00006FFFFF470000: builtin
22585.569:0050:trace:loaddll:build_module Loaded L"C:\\windows\\system32\\kernel32.dll" at 00006FFFFFA80000: builtin
22585.569:0050:trace:file:RtlDosPathNameToNtPathName_U_WithStatus (L"C:\\windows\\winsxs\\manifests",00007FFFFE2FF780,0000000000000000,0000000000000000)
22585.569:0050:trace:file:RtlGetFullPathName_U (L"C:\\windows\\winsxs\\manifests" 520 00007FFFFE2FF440 0000000000000000)
22585.569:0050:trace:file:NtCreateFile handle=0x7ffffe2ff768 access=80100000 name=L"\\??\\C:\\windows\\winsxs\\manifests" objattr=00000040 root=(nil) sec=(nil) io=0x7ffffe2ff790 alloc_size=(nil) attr=00000000 sharing=00000003 disp=1 options=00000021 ea=(nil).0x00000000
22585.569:0050:trace:file:nt_to_unix_file_name_no_root L"\\??\\C:\\windows\\winsxs\\manifests" -> "/home/k/.wine/dosdevices/c:/windows/winsxs/manifests"
22585.569:0050:trace:file:NtQueryDirectoryFile (0x18 (nil) (nil) (nil) 0x7ffffe2fd670 0x7ffffe2fd680 0x00002000 0x00000003 0x00000000 L"amd64_Microsoft.Windows.Common-Controls_6595b64144ccf1df_6.0.*.*_*_*.manifest" 0x00000001
22585.569:0050:trace:file:append_entry long L"." short L"" mask L"amd64_Microsoft.Windows.Common-Controls_6595b64144ccf1df_6.0.*.*_*_*.manifest"
22585.569:0050:trace:file:append_entry long L".." short L"" mask L"amd64_Microsoft.Windows.Common-Controls_6595b64144ccf1df_6.0.*.*_*_*.manifest"
22585.569:0050:trace:file:append_entry long L"x86_microsoft.vc90.atl_1fc8b3b9a1e18e3b_9.0.30729.6161_none_deadbeef.manifest" short L"X86_~NC2.MAN" mask L"amd64_Microsoft.Windows.Common-Controls_6595b64144ccf1df_6.0.*.*_*_*.manifest"
22585.569:0050:trace:file:append_entry long L"x86_microsoft.windows.gdiplus_6595b64144ccf1df_1.0.6000.16386_none_deadbeef.manifest" short L"X86_~ONA.MAN" mask L"amd64_Microsoft.Windows.Common-Controls_6595b64144ccf1df_6.0.*.*_*_*.manifest"
22585.569:0050:trace:file:append_entry long L"x86_microsoft.windows.gdiplus_6595b64144ccf1df_1.1.7601.23038_none_deadbeef.manifest" short L"X86_~XYY.MAN" mask L"amd64_Microsoft.Windows.Common-Controls_6595b64144ccf1df_6.0.*.*_*_*.manifest"
22585.569:0050:trace:file:append_entry long L"amd64_microsoft.vc80.crt_1fc8b3b9a1e18e3b_8.0.50727.9672_none_deadbeef.manifest" short L"AMD6~DVL.MAN" mask L"amd64_Microsoft.Windows.Common-Controls_6595b64144ccf1df_6.0.*.*_*_*.manifest"
22585.569:0050:trace:file:append_entry long L"amd64_microsoft-windows-msxml30_31bf3856ad364e35_6.0.6000.16386_none_deadbeef.manifest" short L"AMD6~GVO.MAN" mask L"amd64_Microsoft.Windows.Common-Controls_6595b64144ccf1df_6.0.*.*_*_*.manifest"
22585.569:0050:trace:file:append_entry long L"amd64_microsoft.windows.gdiplus_6595b64144ccf1df_1.0.6000.16386_none_deadbeef.manifest" short L"AMD6~SUM.MAN" mask L"amd64_Microsoft.Windows.Common-Controls_6595b64144ccf1df_6.0.*.*_*_*.manifest"
22585.569:0050:trace:file:append_entry long L"x86_microsoft-windows-msxml30_31bf3856ad364e35_6.0.6000.16386_none_deadbeef.manifest" short L"X86_~0MC.MAN" mask L"amd64_Microsoft.Windows.Common-Controls_6595b64144ccf1df_6.0.*.*_*_*.manifest"
22585.569:0050:trace:file:append_entry long L"x86_microsoft.vc80.crt_1fc8b3b9a1e18e3b_8.0.50727.9672_none_deadbeef.manifest" short L"X86_~Z2Z.MAN" mask L"amd64_Microsoft.Windows.Common-Controls_6595b64144ccf1df_6.0.*.*_*_*.manifest"
22585.569:0050:trace:file:append_entry long L"amd64_microsoft-windows-msxml60_31bf3856ad364e35_6.0.6000.16386_none_deadbeef.manifest" short L"AMD6~H2D.MAN" mask L"amd64_Microsoft.Windows.Common-Controls_6595b64144ccf1df_6.0.*.*_*_*.manifest"
22585.569:0050:trace:file:append_entry long L"x86_microsoft.windows.common-controls_6595b64144ccf1df_6.0.2600.2982_none_deadbeef.manifest" short L"X86_~KQS.MAN" mask L"amd64_Microsoft.Windows.Common-Controls_6595b64144ccf1df_6.0.*.*_*_*.manifest"
22585.569:0050:trace:file:append_entry long L"amd64_microsoft.windows.common-controls_6595b64144ccf1df_6.0.2600.2982_none_deadbeef.manifest" short L"AMD6~C53.MAN" mask L"amd64_Microsoft.Windows.Common-Controls_6595b64144ccf1df_6.0.*.*_*_*.manifest"
22585.569:0050:trace:file:append_entry long L"amd64_microsoft.msxml2_6bd6b9abf345378f_4.1.0.0_none_deadbeef.manifest" short L"AMD6~W3R.MAN" mask L"amd64_Microsoft.Windows.Common-Controls_6595b64144ccf1df_6.0.*.*_*_*.manifest"
22585.569:0050:trace:file:append_entry long L"amd64_microsoft.vc80.atl_1fc8b3b9a1e18e3b_8.0.50727.4053_none_deadbeef.manifest" short L"AMD6~M04.MAN" mask L"amd64_Microsoft.Windows.Common-Controls_6595b64144ccf1df_6.0.*.*_*_*.manifest"
22585.569:0050:trace:file:append_entry long L"x86_microsoft.vc90.crt_1fc8b3b9a1e18e3b_9.0.30729.6161_none_deadbeef.manifest" short L"X86_~OPR.MAN" mask L"amd64_Microsoft.Windows.Common-Controls_6595b64144ccf1df_6.0.*.*_*_*.manifest"
22585.569:0050:trace:file:append_entry long L"amd64_microsoft.vc90.crt_1fc8b3b9a1e18e3b_9.0.30729.6161_none_deadbeef.manifest" short L"AMD6~UGD.MAN" mask L"amd64_Microsoft.Windows.Common-Controls_6595b64144ccf1df_6.0.*.*_*_*.manifest"
22585.569:0050:trace:file:append_entry long L"amd64_microsoft.vc90.atl_1fc8b3b9a1e18e3b_9.0.30729.6161_none_deadbeef.manifest" short L"AMD6~XLO.MAN" mask L"amd64_Microsoft.Windows.Common-Controls_6595b64144ccf1df_6.0.*.*_*_*.manifest"
22585.569:0050:trace:file:append_entry long L"amd64_microsoft.windows.gdiplus_6595b64144ccf1df_1.1.7601.23038_none_deadbeef.manifest" short L"AMD6~LBU.MAN" mask L"amd64_Microsoft.Windows.Common-Controls_6595b64144ccf1df_6.0.*.*_*_*.manifest"
22585.569:0050:trace:file:append_entry long L"x86_microsoft.vc80.atl_1fc8b3b9a1e18e3b_8.0.50727.4053_none_deadbeef.manifest" short L"X86_~WTM.MAN" mask L"amd64_Microsoft.Windows.Common-Controls_6595b64144ccf1df_6.0.*.*_*_*.manifest"
22585.569:0050:trace:file:append_entry long L"x86_microsoft.msxml2_6bd6b9abf345378f_4.1.0.0_none_deadbeef.manifest" short L"X86_~VOG.MAN" mask L"amd64_Microsoft.Windows.Common-Controls_6595b64144ccf1df_6.0.*.*_*_*.manifest"
22585.569:0050:trace:file:append_entry long L"x86_microsoft-windows-msxml60_31bf3856ad364e35_6.0.6000.16386_none_deadbeef.manifest" short L"X86_~1FP.MAN" mask L"amd64_Microsoft.Windows.Common-Controls_6595b64144ccf1df_6.0.*.*_*_*.manifest"
22585.569:0050:trace:file:init_cached_dir_data mask L"amd64_Microsoft.Windows.Common-Controls_6595b64144ccf1df_6.0.*.*_*_*.manifest" found 1 files
22585.569:0050:trace:file:init_cached_dir_data L"amd64_microsoft.windows.common-controls_6595b64144ccf1df_6.0.2600.2982_none_deadbeef.manifest" L"AMD6~C53.MAN"
22585.569:0050:trace:file:NtQueryDirectoryFile => 0 (280)
22585.569:0050:trace:file:NtQueryDirectoryFile (0x18 (nil) (nil) (nil) 0x7ffffe2fd670 0x7ffffe2fd680 0x00002000 0x00000003 0x00000000 L"amd64_Microsoft.Windows.Common-Controls_6595b64144ccf1df_6.0.*.*_*_*.manifest" 0x00000000
22585.569:0050:trace:file:NtQueryDirectoryFile => 80000006 (0)
22585.569:0050:trace:file:NtCreateFile handle=0x7ffffe2ff768 access=80100000 name=L"\\??\\C:\\windows\\winsxs\\manifests\\amd64_microsoft.windows.common-controls_6595b64144ccf1df_6.0.2600.2982_none_deadbeef.manifest" objattr=00000040 root=(nil) sec=(nil) io=0x7ffffe2ff7a0 alloc_size=(nil) attr=00000000 sharing=00000005 disp=1 options=00000010 ea=(nil).0x00000000
22585.569:0050:trace:file:nt_to_unix_file_name_no_root L"\\??\\C:\\windows\\winsxs\\manifests\\amd64_microsoft.windows.common-controls_6595b64144ccf1df_6.0.2600.2982_none_deadbeef.manifest" -> "/home/k/.wine/dosdevices/c:/windows/winsxs/manifests/amd64_microsoft.windows.common-controls_6595b64144ccf1df_6.0.2600.2982_none_deadbeef.manifest"
22585.569:0060:trace:file:NtWriteFile (0x24,0x28,(nil),(nil),0x7ffffef0f410,0x7ffffe8d4af0,0x00000024,(nil),(nil))
22585.569:0060:trace:file:NtReadFile (0x24,0x28,(nil),(nil),0x7ffffe8d4188,0x7ffffef0f4b0,0x00000010,(nil),(nil))
22585.569:0054:trace:file:NtReadFile (0xa0,0xdc,(nil),(nil),0x7ffffe8db358,0x7ffffe8dbf70,0x00000008,(nil),(nil))
22585.569:0050:trace:file:NtQueryInformationFile (0x18,0x7ffffe2ff650,0x7ffffe2ff620,0x00000008,0x00000014)
22585.569:0054:trace:file:NtReadFile (0xa0,0xdc,(nil),(nil),0x7ffffe8db358,0x7ffffe8dbf90,0x0000000c,(nil),(nil))
22585.569:0054:trace:file:NtReadFile (0xa0,0xdc,(nil),(nil),0x7ffffe8db358,0x7ffffeeefd80,0x00000010,(nil),(nil))
22585.569:0058:trace:file:NtWriteFile (0xa0,0xe4,(nil),(nil),0x7fffff1ef970,0x7ffffe8db170,0x00000030,(nil),(nil))
22585.570:0060:trace:file:NtReadFile (0x24,0x28,(nil),(nil),0x7ffffe8d4188,0x7ffffe8d4ad0,0x00000008,(nil),(nil))
22585.570:0060:trace:file:NtReadFile (0x24,0x28,(nil),(nil),0x7ffffe8d4188,0x7ffffe8d4af0,0x00000018,(nil),(nil))
22585.570:0060:trace:file:RtlDosPathNameToNtPathName_U_WithStatus (L"C:\\windows\\system32\\drivers",00007FFFFEF0FB40,0000000000000000,0000000000000000)
22585.570:0060:trace:file:RtlGetFullPathName_U (L"C:\\windows\\system32\\drivers" 520 00007FFFFEF0F8B0 0000000000000000)
22585.570:0060:trace:file:nt_to_unix_file_name_no_root L"\\??\\C:\\windows\\system32\\drivers" -> "/home/k/.wine/dosdevices/c:/windows/system32/drivers"
22585.570:0060:trace:file:NtWriteFile (0x24,0x28,(nil),(nil),0x7ffffef0f420,0x7ffffe8d5070,0x00000048,(nil),(nil))
22585.570:0060:trace:file:NtReadFile (0x24,0x28,(nil),(nil),0x7ffffe8d4188,0x7ffffef0f4c0,0x00000010,(nil),(nil))
22585.570:0054:trace:file:NtReadFile (0xa0,0xdc,(nil),(nil),0x7ffffe8db358,0x7ffffe8dbf70,0x00000008,(nil),(nil))
22585.570:0054:trace:file:NtReadFile (0xa0,0xdc,(nil),(nil),0x7ffffe8db358,0x7ffffe8db170,0x00000030,(nil),(nil))
22585.570:0054:trace:file:NtReadFile (0xa0,0xdc,(nil),(nil),0x7ffffe8db358,0x7ffffeeefd80,0x00000010,(nil),(nil))
22585.570:0058:trace:file:NtWriteFile (0xa0,0xe4,(nil),(nil),0x7fffff1ef970,0x7ffffe8dd3c0,0x0000001c,(nil),(nil))
22585.570:0050:trace:file:RtlDosPathNameToNtPathName_U_WithStatus (L"C:\\windows\\system32\\advapi32.dll",00007FFFFE2FF400,0000000000000000,0000000000000000)
22585.570:0050:trace:file:RtlGetFullPathName_U (L"C:\\windows\\system32\\advapi32.dll" 520 00007FFFFE2FEF40 0000000000000000)
22585.570:0050:trace:file:NtCreateFile handle=0x7ffffe2fef88 access=80100000 name=L"\\??\\C:\\windows\\system32\\advapi32.dll" objattr=00000040 root=(nil) sec=(nil) io=0x7ffffe2fef90 alloc_size=(nil) attr=00000000 sharing=00000005 disp=1 options=00000060 ea=(nil).0x00000000
22585.570:0050:trace:file:nt_to_unix_file_name_no_root L"\\??\\C:\\windows\\system32\\advapi32.dll" -> "/home/k/.wine/dosdevices/c:/windows/system32/advapi32.dll"
22585.570:0050:trace:file:NtFsControlFile (0x18,(nil),(nil),(nil),0x7ffffe2fef90,0x0009009c,(nil),0x00000000,0x7ffffe2fefd0,0x00000040)
22585.570:003c:trace:file:NtFsControlFile (0xc8,0xc4,(nil),0x7ffffe2ffaf0,0x7ffffe2ffaf0,0x00110008,(nil),0x00000000,(nil),0x00000000)
22585.570:0060:trace:file:NtReadFile (0x24,0x28,(nil),(nil),0x7ffffe8d4188,0x7ffffe8d4b30,0x00000008,(nil),(nil))
22585.570:003c:trace:file:WriteFile 00000000000000C8 00007FFFFE8DDB20 36 00007FFFFE2FFA0C 00007FFFFE2FFA10
22585.570:003c:trace:file:NtWriteFile (0xc8,0xc4,(nil),0x7ffffe2ffa10,0x7ffffe2ffa10,0x7ffffe8ddb20,0x00000024,0x7ffffe2ff978,(nil))
22585.570:0060:trace:file:NtReadFile (0x24,0x28,(nil),(nil),0x7ffffe8d4188,0x7ffffe8d4b50,0x00000004,(nil),(nil))
22585.570:003c:trace:file:ReadFile 00000000000000C8 00007FFFFE2FFAE0 4 00007FFFFE2FFA0C 00007FFFFE2FFA10
22585.570:003c:trace:file:NtReadFile (0xc8,0xc4,(nil),0x7ffffe2ffa10,0x7ffffe2ffa10,0x7ffffe2ffae0,0x00000004,0x7ffffe2ff978,(nil))
22585.570:005c:trace:file:ReadFile 000000000000002C 00007FFFFE8D4350 20 00007FFFFEC0FF08 0000000000000000
22585.570:005c:trace:file:NtReadFile (0x2c,(nil),(nil),(nil),0x7ffffec0fe70,0x7ffffe8d4350,0x00000014,(nil),(nil))
22585.570:0060:trace:file:NtQueryObject (0xfffffffffffffffe,0x00000002,0x7ffffef0f940,0x00000100,0x7ffffef0f93c)
22585.570:005c:trace:file:NtWriteFile (0x24,0x28,(nil),(nil),0x7ffffec0f530,0x7ffffe8d4410,0x00000024,(nil),(nil))
22585.570:005c:trace:file:NtReadFile (0x24,0x28,(nil),(nil),0x7ffffe8d4188,0x7ffffec0f5d0,0x00000010,(nil),(nil))
22585.570:0060:trace:file:NtQueryObject (0x40,0x00000002,0x7ffffef0f730,0x00000100,0x7ffffef0f72c)
22585.570:0054:trace:file:NtReadFile (0xa0,0xdc,(nil),(nil),0x7ffffe8db358,0x7ffffe8dbf70,0x00000008,(nil),(nil))
22585.570:0054:trace:file:NtReadFile (0xa0,0xdc,(nil),(nil),0x7ffffe8db358,0x7ffffe8dbf90,0x0000000c,(nil),(nil))
22585.570:0054:trace:file:NtReadFile (0xa0,0xdc,(nil),(nil),0x7ffffe8db358,0x7ffffeeefd80,0x00000010,(nil),(nil))
22585.570:0058:trace:file:NtWriteFile (0xa0,0xe4,(nil),(nil),0x7fffff1ef970,0x7ffffe8dd9a0,0x00000030,(nil),(nil))
22585.571:005c:trace:file:NtReadFile (0x24,0x28,(nil),(nil),0x7ffffe8d4188,0x7ffffe8d43f0,0x00000008,(nil),(nil))
22585.571:005c:trace:file:NtReadFile (0x24,0x28,(nil),(nil),0x7ffffe8d4188,0x7ffffe8d4410,0x00000018,(nil),(nil))
22585.571:0050:trace:file:RtlDosPathNameToNtPathName_U_WithStatus (L"C:\\windows\\system32\\msvcrt.dll",00007FFFFE2FED70,0000000000000000,0000000000000000)
22585.571:0050:trace:file:RtlGetFullPathName_U (L"C:\\windows\\system32\\msvcrt.dll" 520 00007FFFFE2FE8B0 0000000000000000)
22585.571:0050:trace:file:NtCreateFile handle=0x7ffffe2fe8f8 access=80100000 name=L"\\??\\C:\\windows\\system32\\msvcrt.dll" objattr=00000040 root=(nil) sec=(nil) io=0x7ffffe2fe900 alloc_size=(nil) attr=00000000 sharing=00000005 disp=1 options=00000060 ea=(nil).0x00000000
22585.571:0050:trace:file:nt_to_unix_file_name_no_root L"\\??\\C:\\windows\\system32\\msvcrt.dll" -> "/home/k/.wine/dosdevices/c:/windows/system32/msvcrt.dll"
22585.571:005c:trace:file:NtWriteFile (0x24,0x28,(nil),(nil),0x7ffffec0f540,0x7ffffe8d53a0,0x00000050,(nil),(nil))
22585.571:0050:trace:file:NtFsControlFile (0x18,(nil),(nil),(nil),0x7ffffe2fe900,0x0009009c,(nil),0x00000000,0x7ffffe2fe940,0x00000040)
22585.571:005c:trace:file:NtReadFile (0x24,0x28,(nil),(nil),0x7ffffe8d4188,0x7ffffec0f5e0,0x00000010,(nil),(nil))
22585.571:0054:trace:file:NtReadFile (0xa0,0xdc,(nil),(nil),0x7ffffe8db358,0x7ffffe8dbf70,0x00000008,(nil),(nil))
22585.571:0054:trace:file:NtReadFile (0xa0,0xdc,(nil),(nil),0x7ffffe8db358,0x7ffffe8dd9a0,0x00000038,(nil),(nil))
22585.571:0054:trace:file:NtReadFile (0xa0,0xdc,(nil),(nil),0x7ffffe8db358,0x7ffffeeefd80,0x00000010,(nil),(nil))
22585.571:0058:trace:file:NtWriteFile (0xa0,0xe4,(nil),(nil),0x7fffff1ef970,0x7ffffe8de1a0,0x00000030,(nil),(nil))
22585.571:005c:trace:file:NtReadFile (0x24,0x28,(nil),(nil),0x7ffffe8d4188,0x7ffffe8d4450,0x00000008,(nil),(nil))
22585.571:005c:trace:file:NtReadFile (0x24,0x28,(nil),(nil),0x7ffffe8d4188,0x7ffffe8d4470,0x00000018,(nil),(nil))
22585.571:005c:trace:file:NtWriteFile (0x24,0x28,(nil),(nil),0x7ffffec0f580,0x7ffffe8d51d0,0x0000002c,(nil),(nil))
22585.571:005c:trace:file:NtReadFile (0x24,0x28,(nil),(nil),0x7ffffe8d4188,0x7ffffec0f620,0x00000010,(nil),(nil))
22585.571:0054:trace:file:NtReadFile (0xa0,0xdc,(nil),(nil),0x7ffffe8db358,0x7ffffe8dbf70,0x00000008,(nil),(nil))
22585.571:0050:trace:loaddll:build_module Loaded L"C:\\windows\\system32\\msvcrt.dll" at 00006FFFFEFC0000: builtin
22585.571:0054:trace:file:NtReadFile (0xa0,0xdc,(nil),(nil),0x7ffffe8db358,0x7ffffe8dbf90,0x00000014,(nil),(nil))
22585.571:0050:trace:file:RtlDosPathNameToNtPathName_U_WithStatus (L"C:\\windows\\system32\\sechost.dll",00007FFFFE2FED70,0000000000000000,0000000000000000)
22585.571:0050:trace:file:RtlGetFullPathName_U (L"C:\\windows\\system32\\sechost.dll" 520 00007FFFFE2FE8B0 0000000000000000)
22585.571:0050:trace:file:NtCreateFile handle=0x7ffffe2fe8f8 access=80100000 name=L"\\??\\C:\\windows\\system32\\sechost.dll" objattr=00000040 root=(nil) sec=(nil) io=0x7ffffe2fe900 alloc_size=(nil) attr=00000000 sharing=00000005 disp=1 options=00000060 ea=(nil).0x00000000
22585.571:0050:trace:file:nt_to_unix_file_name_no_root L"\\??\\C:\\windows\\system32\\sechost.dll" -> "/home/k/.wine/dosdevices/c:/windows/system32/sechost.dll"
22585.571:0054:trace:file:NtReadFile (0xa0,0xdc,(nil),(nil),0x7ffffe8db358,0x7ffffeeefd80,0x00000010,(nil),(nil))
22585.571:0050:trace:file:NtFsControlFile (0x18,(nil),(nil),(nil),0x7ffffe2fe900,0x0009009c,(nil),0x00000000,0x7ffffe2fe940,0x00000040)
22585.571:0058:trace:file:NtWriteFile (0xa0,0xe4,(nil),(nil),0x7fffff1ef970,0x7ffffe8db170,0x00000030,(nil),(nil))
22585.571:005c:trace:file:NtReadFile (0x24,0x28,(nil),(nil),0x7ffffe8d4188,0x7ffffe8d4510,0x00000008,(nil),(nil))
22585.571:005c:trace:file:NtReadFile (0x24,0x28,(nil),(nil),0x7ffffe8d4188,0x7ffffe8d4530,0x00000018,(nil),(nil))
22585.571:005c:trace:file:NtWriteFile (0x24,0x28,(nil),(nil),0x7ffffec0f510,0x7ffffe8d5030,0x00000030,(nil),(nil))
22585.571:005c:trace:file:NtReadFile (0x24,0x28,(nil),(nil),0x7ffffe8d4188,0x7ffffec0f5b0,0x00000010,(nil),(nil))
22585.571:0054:trace:file:NtReadFile (0xa0,0xdc,(nil),(nil),0x7ffffe8db358,0x7ffffe8dbf70,0x00000008,(nil),(nil))
22585.571:0054:trace:file:NtReadFile (0xa0,0xdc,(nil),(nil),0x7ffffe8db358,0x7ffffe8dbf90,0x00000018,(nil),(nil))
22585.572:0054:trace:file:NtReadFile (0xa0,0xdc,(nil),(nil),0x7ffffe8db358,0x7ffffeeefd80,0x00000010,(nil),(nil))
22585.572:0058:trace:file:NtWriteFile (0xa0,0xe4,(nil),(nil),0x7fffff1ef970,0x7ffffe8de2c0,0x00000124,(nil),(nil))
22585.572:005c:trace:file:NtReadFile (0x24,0x28,(nil),(nil),0x7ffffe8d4188,0x7ffffe8d43f0,0x00000008,(nil),(nil))
22585.572:005c:trace:file:NtReadFile (0x24,0x28,(nil),(nil),0x7ffffe8d4188,0x7ffffe8d5430,0x0000010c,(nil),(nil))
22585.572:005c:trace:file:NtWriteFile (0x24,0x28,(nil),(nil),0x7ffffec0f510,0x7ffffe8d51d0,0x00000030,(nil),(nil))
22585.572:0050:trace:file:RtlDosPathNameToNtPathName_U_WithStatus (L"C:\\windows\\system32\\ucrtbase.dll",00007FFFFE2FE6E0,0000000000000000,0000000000000000)
22585.572:0050:trace:file:RtlGetFullPathName_U (L"C:\\windows\\system32\\ucrtbase.dll" 520 00007FFFFE2FE220 0000000000000000)
22585.572:0050:trace:file:NtCreateFile handle=0x7ffffe2fe268 access=80100000 name=L"\\??\\C:\\windows\\system32\\ucrtbase.dll" objattr=00000040 root=(nil) sec=(nil) io=0x7ffffe2fe270 alloc_size=(nil) attr=00000000 sharing=00000005 disp=1 options=00000060 ea=(nil).0x00000000
22585.572:0050:trace:file:nt_to_unix_file_name_no_root L"\\??\\C:\\windows\\system32\\ucrtbase.dll" -> "/home/k/.wine/dosdevices/c:/windows/system32/ucrtbase.dll"
22585.572:005c:trace:file:NtReadFile (0x24,0x28,(nil),(nil),0x7ffffe8d4188,0x7ffffec0f5b0,0x00000010,(nil),(nil))
22585.572:0050:trace:file:NtFsControlFile (0x18,(nil),(nil),(nil),0x7ffffe2fe270,0x0009009c,(nil),0x00000000,0x7ffffe2fe2b0,0x00000040)
22585.572:0054:trace:file:NtReadFile (0xa0,0xdc,(nil),(nil),0x7ffffe8db358,0x7ffffe8dbf70,0x00000008,(nil),(nil))
22585.572:0054:trace:file:NtReadFile (0xa0,0xdc,(nil),(nil),0x7ffffe8db358,0x7ffffe8dbf90,0x00000018,(nil),(nil))
22585.572:0054:trace:file:NtReadFile (0xa0,0xdc,(nil),(nil),0x7ffffe8db358,0x7ffffeeefd80,0x00000010,(nil),(nil))
22585.572:0058:trace:file:NtWriteFile (0xa0,0xe4,(nil),(nil),0x7fffff1ef970,0x7ffffe8de2c0,0x00000124,(nil),(nil))
22585.572:005c:trace:file:NtReadFile (0x24,0x28,(nil),(nil),0x7ffffe8d4188,0x7ffffe8d43f0,0x00000008,(nil),(nil))
22585.572:005c:trace:file:NtReadFile (0x24,0x28,(nil),(nil),0x7ffffe8d4188,0x7ffffe8d5430,0x0000010c,(nil),(nil))
22585.572:005c:trace:file:NtWriteFile (0x24,0x28,(nil),(nil),0x7ffffec0f540,0x7ffffe8d5070,0x00000048,(nil),(nil))
22585.572:005c:trace:file:NtReadFile (0x24,0x28,(nil),(nil),0x7ffffe8d4188,0x7ffffec0f5e0,0x00000010,(nil),(nil))
22585.572:0054:trace:file:NtReadFile (0xa0,0xdc,(nil),(nil),0x7ffffe8db358,0x7ffffe8dbf70,0x00000008,(nil),(nil))
22585.572:0054:trace:file:NtReadFile (0xa0,0xdc,(nil),(nil),0x7ffffe8db358,0x7ffffe8db170,0x00000030,(nil),(nil))
22585.572:0054:trace:file:NtReadFile (0xa0,0xdc,(nil),(nil),0x7ffffe8db358,0x7ffffeeefd80,0x00000010,(nil),(nil))
22585.572:0058:trace:file:NtWriteFile (0xa0,0xe4,(nil),(nil),0x7fffff1ef970,0x7ffffe8dd3c0,0x0000001c,(nil),(nil))
22585.572:0050:trace:loaddll:build_module Loaded L"C:\\windows\\system32\\ucrtbase.dll" at 00006FFFFEAE0000: builtin
22585.572:0050:trace:loaddll:build_module Loaded L"C:\\windows\\system32\\sechost.dll" at 00006FFFFEEF0000: builtin
22585.572:0050:trace:loaddll:build_module Loaded L"C:\\windows\\system32\\advapi32.dll" at 00006FFFFF330000: builtin
22585.572:005c:trace:file:NtReadFile (0x24,0x28,(nil),(nil),0x7ffffe8d4188,0x7ffffe8d43c0,0x00000008,(nil),(nil))
22585.572:0050:trace:file:RtlDosPathNameToNtPathName_U_WithStatus (L"C:\\windows\\system32\\gdi32.dll",00007FFFFE2FF400,0000000000000000,0000000000000000)
22585.572:005c:trace:file:NtReadFile (0x24,0x28,(nil),(nil),0x7ffffe8d4188,0x7ffffe8d43e0,0x00000004,(nil),(nil))
22585.572:0050:trace:file:RtlGetFullPathName_U (L"C:\\windows\\system32\\gdi32.dll" 520 00007FFFFE2FEF40 0000000000000000)
22585.572:0050:trace:file:NtCreateFile handle=0x7ffffe2fef88 access=80100000 name=L"\\??\\C:\\windows\\system32\\gdi32.dll" objattr=00000040 root=(nil) sec=(nil) io=0x7ffffe2fef90 alloc_size=(nil) attr=00000000 sharing=00000005 disp=1 options=00000060 ea=(nil).0x00000000
22585.572:0050:trace:file:nt_to_unix_file_name_no_root L"\\??\\C:\\windows\\system32\\gdi32.dll" -> "/home/k/.wine/dosdevices/c:/windows/system32/gdi32.dll"
22585.572:0050:trace:file:NtFsControlFile (0x18,(nil),(nil),(nil),0x7ffffe2fef90,0x0009009c,(nil),0x00000000,0x7ffffe2fefd0,0x00000040)
22585.572:005c:trace:file:RtlDosPathNameToNtPathName_U_WithStatus (L"C:\\windows\\system32\\drivers\\mountmgr.sys",00007FFFFEC0F720,0000000000000000,0000000000000000)
22585.572:005c:trace:file:RtlGetFullPathName_U (L"C:\\windows\\system32\\drivers\\mountmgr.sys" 520 00007FFFFEC0F2F0 0000000000000000)
22585.572:005c:trace:file:NtCreateFile handle=0x7ffffec0f338 access=80100000 name=L"\\??\\C:\\windows\\system32\\drivers\\mountmgr.sys" objattr=00000040 root=(nil) sec=(nil) io=0x7ffffec0f340 alloc_size=(nil) attr=00000000 sharing=00000005 disp=1 options=00000060 ea=(nil).0x00000000
22585.572:005c:trace:file:nt_to_unix_file_name_no_root L"\\??\\C:\\windows\\system32\\drivers\\mountmgr.sys" -> "/home/k/.wine/dosdevices/c:/windows/system32/drivers/mountmgr.sys"
22585.572:005c:trace:file:NtFsControlFile (0x48,(nil),(nil),(nil),0x7ffffec0f340,0x0009009c,(nil),0x00000000,0x7ffffec0f380,0x00000040)
22585.573:0050:trace:file:RtlDosPathNameToNtPathName_U_WithStatus (L"C:\\windows\\system32\\user32.dll",00007FFFFE2FED70,0000000000000000,0000000000000000)
22585.573:0050:trace:file:RtlGetFullPathName_U (L"C:\\windows\\system32\\user32.dll" 520 00007FFFFE2FE8B0 0000000000000000)
22585.573:0050:trace:file:NtCreateFile handle=0x7ffffe2fe8f8 access=80100000 name=L"\\??\\C:\\windows\\system32\\user32.dll" objattr=00000040 root=(nil) sec=(nil) io=0x7ffffe2fe900 alloc_size=(nil) attr=00000000 sharing=00000005 disp=1 options=00000060 ea=(nil).0x00000000
22585.573:0050:trace:file:nt_to_unix_file_name_no_root L"\\??\\C:\\windows\\system32\\user32.dll" -> "/home/k/.wine/dosdevices/c:/windows/system32/user32.dll"
22585.573:0050:trace:file:NtFsControlFile (0x18,(nil),(nil),(nil),0x7ffffe2fe900,0x0009009c,(nil),0x00000000,0x7ffffe2fe940,0x00000040)
22585.573:005c:trace:loaddll:build_module Loaded L"C:\\windows\\system32\\drivers\\mountmgr.sys" at 00006FFFFB530000: builtin
22585.573:0050:trace:file:RtlDosPathNameToNtPathName_U_WithStatus (L"C:\\windows\\system32\\zlib1.dll",00007FFFFE2FE6E0,0000000000000000,0000000000000000)
22585.573:0050:trace:file:RtlGetFullPathName_U (L"C:\\windows\\system32\\zlib1.dll" 520 00007FFFFE2FE220 0000000000000000)
22585.573:0050:trace:file:NtCreateFile handle=0x7ffffe2fe268 access=80100000 name=L"\\??\\C:\\windows\\system32\\zlib1.dll" objattr=00000040 root=(nil) sec=(nil) io=0x7ffffe2fe270 alloc_size=(nil) attr=00000000 sharing=00000005 disp=1 options=00000060 ea=(nil).0x00000000
22585.573:0050:trace:file:nt_to_unix_file_name_no_root L"\\??\\C:\\windows\\system32\\zlib1.dll" -> "/home/k/.wine/dosdevices/c:/windows/system32/zlib1.dll"
22585.573:0050:trace:file:NtFsControlFile (0x18,(nil),(nil),(nil),0x7ffffe2fe270,0x0009009c,(nil),0x00000000,0x7ffffe2fe2b0,0x00000040)
22585.574:0050:trace:loaddll:build_module Loaded L"C:\\windows\\system32\\zlib1.dll" at 00006FFFFDA00000: builtin
22585.574:0050:trace:file:RtlDosPathNameToNtPathName_U_WithStatus (L"C:\\windows\\system32\\win32u.dll",00007FFFFE2FE6E0,0000000000000000,0000000000000000)
22585.574:0050:trace:file:RtlGetFullPathName_U (L"C:\\windows\\system32\\win32u.dll" 520 00007FFFFE2FE220 0000000000000000)
22585.574:0050:trace:file:NtCreateFile handle=0x7ffffe2fe268 access=80100000 name=L"\\??\\C:\\windows\\system32\\win32u.dll" objattr=00000040 root=(nil) sec=(nil) io=0x7ffffe2fe270 alloc_size=(nil) attr=00000000 sharing=00000005 disp=1 options=00000060 ea=(nil).0x00000000
22585.574:0050:trace:file:nt_to_unix_file_name_no_root L"\\??\\C:\\windows\\system32\\win32u.dll" -> "/home/k/.wine/dosdevices/c:/windows/system32/win32u.dll"
22585.574:0050:trace:file:NtFsControlFile (0x18,(nil),(nil),(nil),0x7ffffe2fe270,0x0009009c,(nil),0x00000000,0x7ffffe2fe2b0,0x00000040)
22585.574:0050:trace:loaddll:build_module Loaded L"C:\\windows\\system32\\win32u.dll" at 00006FFFFD9B0000: builtin
22585.574:0050:trace:loaddll:build_module Loaded L"C:\\windows\\system32\\user32.dll" at 00006FFFFDA40000: builtin
22585.574:0050:trace:loaddll:build_module Loaded L"C:\\windows\\system32\\gdi32.dll" at 00006FFFFE000000: builtin
